本次v4： C:\Users\maxw\chess_ai\value_full_runs\20260908_113914_349502\value_full_epoch2.pt
交换颜色两局；双方CPU4线程，每步5秒、深度上限5。
C:\Users\maxw\chess_ai\.venv\Lib\site-packages\torch\jit\_trace.py:1006: FutureWarning: `torch.jit.trace` is deprecated. Please switch to `torch.compile` or `torch.export`.
  warnings.warn(
C:\Users\maxw\chess_ai\.venv\Lib\site-packages\torch\jit\_trace.py:1145: FutureWarning: `torch.jit.trace_method` is deprecated. Please switch to `torch.compile` or `torch.export`.
  warnings.warn(
C:\Users\maxw\chess_ai\.venv\Lib\site-packages\torch\jit\_freeze.py:106: FutureWarning: `torch.jit.freeze` is deprecated. Please use `torch.compile` instead.
  warnings.warn(

===== 第 19/20 盘：苏格兰式，白方 v4，黑方 v3 =====
4. v4：Nxd4 | 深度 4 | 5.00 秒
4... v3：Qh4 | 深度 4 | 5.00 秒
5. v4：Nc3 | 深度 4 | 5.00 秒
5... v3：Bb4 | 深度 3 | 5.00 秒
6. v4：Qd3 | 深度 4 | 5.00 秒
6... v3：Nf6 | 深度 3 | 5.00 秒
7. v4：Nf5 | 深度 4 | 5.00 秒
7... v3：Qg4 | 深度 4 | 5.00 秒
8. v4：h3 | 深度 3 | 5.00 秒
8... v3：Bxc3+ | 深度 3 | 5.00 秒
9. v4：bxc3 | 深度 5 | 3.02 秒
9... v3：Qg6 | 深度 3 | 5.00 秒
10. v4：Qg3 | 深度 3 | 5.00 秒
10... v3：O-O | 深度 4 | 5.00 秒
11. v4：f3 | 深度 4 | 5.00 秒
11... v3：d5 | 深度 4 | 5.00 秒
12. v4：Qxg6 | 深度 4 | 5.00 秒
12... v3：hxg6 | 深度 4 | 5.00 秒
13. v4：Ng3 | 深度 4 | 5.00 秒
13... v3：dxe4 | 深度 4 | 5.00 秒
14. v4：fxe4 | 深度 4 | 5.00 秒
14... v3：Re8 | 深度 3 | 5.00 秒
15. v4：Bd3 | 深度 4 | 5.00 秒
15... v3：Nh5 | 深度 3 | 5.00 秒
16. v4：Nxh5 | 深度 4 | 5.00 秒
16... v3：gxh5 | 深度 4 | 5.00 秒
17. v4：Bf4 | 深度 4 | 5.00 秒
17... v3：Re7 | 深度 3 | 5.00 秒
18. v4：Rf1 | 深度 4 | 5.00 秒
18... v3：Be6 | 深度 3 | 5.00 秒
19. v4：Rb1 | 深度 3 | 5.00 秒
19... v3：Bxa2 | 深度 3 | 5.00 秒
20. v4：Rxb7 | 深度 4 | 5.00 秒
20... v3：Rc8 | 深度 3 | 5.00 秒
21. v4：Kf2 | 深度 3 | 5.00 秒
21... v3：Be6 | 深度 3 | 5.00 秒
22. v4：Kg1 | 深度 3 | 5.00 秒
22... v3：Ba2 | 深度 3 | 5.00 秒
23. v4：Bb5 | 深度 4 | 5.00 秒
23... v3：Re6 | 深度 4 | 5.00 秒
24. v4：Bxc7 | 深度 4 | 5.00 秒
24... v3：Re7 | 深度 3 | 5.00 秒
25. v4：Bxc6 | 深度 4 | 5.00 秒
25... v3：Rexc7 | 深度 5 | 4.85 秒
26. v4：Ra1 | 深度 5 | 3.77 秒
26... v3：Rxc6 | 深度 5 | 2.20 秒
27. v4：Rxa2 | 深度 5 | 3.81 秒
27... v3：Rxc3 | 深度 4 | 5.00 秒
28. v4：Raxa7 | 深度 5 | 3.26 秒
28... v3：Rf8 | 深度 5 | 5.00 秒
29. v4：Rc7 | 深度 5 | 3.49 秒
29... v3：Rxc7 | 深度 5 | 2.16 秒
30. v4：Rxc7 | 深度 5 | 0.76 秒
30... v3：Re8 | 深度 5 | 2.17 秒
31. v4：Rc4 | 深度 5 | 1.73 秒
31... v3：h4 | 深度 4 | 5.00 秒
32. v4：Rd4 | 深度 5 | 2.00 秒
32... v3：Rc8 | 深度 5 | 4.19 秒
33. v4：c4 | 深度 5 | 1.59 秒
33... v3：Rb8 | 深度 5 | 4.64 秒
34. v4：c5 | 深度 5 | 1.91 秒
34... v3：Rb2 | 深度 4 | 5.00 秒
35. v4：e5 | 深度 5 | 2.00 秒
35... v3：Rc2 | 深度 5 | 1.40 秒
36. v4：Rd5 | 深度 5 | 1.01 秒
36... v3：Kh7 | 深度 5 | 1.26 秒
37. v4：Rd4 | 深度 5 | 0.98 秒
37... v3：Rxc5 | 深度 5 | 1.30 秒
38. v4：Rxh4+ | 深度 5 | 0.79 秒
38... v3：Kg8 | 深度 5 | 1.17 秒
39. v4：Re4 | 深度 5 | 1.33 秒
39... v3：Rc1+ | 深度 4 | 5.00 秒
40. v4：Kh2 | 深度 5 | 1.07 秒
40... v3：g6 | 深度 4 | 5.00 秒
41. v4：e6 | 深度 5 | 1.23 秒
41... v3：fxe6 | 深度 5 | 2.55 秒
42. v4：Rxe6 | 深度 5 | 1.06 秒
42... v3：Kg7 | 深度 5 | 2.43 秒
43. v4：Re7+ | 深度 5 | 1.39 秒
43... v3：Kf6 | 深度 5 | 2.27 秒
44. v4：Rb7 | 深度 5 | 1.30 秒
44... v3：Kg5 | 深度 4 | 5.00 秒
45. v4：Rb5+ | 深度 5 | 0.93 秒
45... v3：Kh6 | 深度 5 | 2.42 秒
46. v4：h4 | 深度 5 | 1.96 秒
46... v3：Rc2 | 深度 5 | 2.18 秒
47. v4：Re5 | 深度 5 | 1.60 秒
47... v3：Rc3 | 深度 5 | 4.01 秒
48. v4：Rd5 | 深度 5 | 1.72 秒
48... v3：Rc4 | 深度 5 | 3.17 秒
49. v4：Kh3 | 深度 5 | 0.77 秒
49... v3：Rc3+ | 深度 5 | 1.84 秒
50. v4：Kh2 | 深度 5 | 0.97 秒
50... v3：Rc2 | 深度 4 | 5.00 秒
51. v4：Rb5 | 深度 5 | 2.51 秒
51... v3：Kg7 | 深度 4 | 5.00 秒
52. v4：Rb8 | 深度 5 | 2.57 秒
52... v3：Kh7 | 深度 4 | 5.00 秒
53. v4：Kg3 | 深度 5 | 3.49 秒
53... v3：Rc4 | 深度 4 | 5.00 秒
54. v4：Rb7+ | 深度 5 | 2.05 秒
54... v3：Kh8 | 深度 5 | 1.33 秒
55. v4：Rb6 | 深度 5 | 1.63 秒
55... v3：Kh7 | 深度 5 | 3.48 秒
56. v4：Rb7+ | 深度 5 | 2.16 秒
56... v3：Kh8 | 深度 5 | 2.16 秒
57. v4：Rb6 | 深度 5 | 2.28 秒
57... v3：Rc3+ | 深度 5 | 3.28 秒
58. v4：Kf4 | 深度 5 | 0.66 秒
58... v3：Rc4+ | 深度 5 | 1.89 秒
59. v4：Kg5 | 深度 5 | 0.75 秒
59... v3：Kh7 | 深度 5 | 2.61 秒
60. v4：Rb7+ | 深度 5 | 1.02 秒
60... v3：Kg8 | 深度 5 | 1.06 秒
61. v4：Rb8+ | 深度 5 | 1.59 秒
61... v3：Kf7 | 深度 5 | 3.45 秒
62. v4：Rb7+ | 深度 5 | 2.44 秒
62... v3：Kf8 | 深度 5 | 3.92 秒
63. v4：Kxg6 | 深度 5 | 1.81 秒
63... v3：Rxh4 | 深度 5 | 1.43 秒
64. v4：Rb8+ | 深度 5 | 1.07 秒
64... v3：Ke7 | 深度 5 | 1.34 秒
65. v4：Kf5 | 深度 5 | 3.33 秒
65... v3：Ra4 | 深度 4 | 5.00 秒
66. v4：Rb7+ | 深度 5 | 2.30 秒
66... v3：Kd6 | 深度 5 | 3.05 秒
67. v4：Rb6+ | 深度 5 | 3.95 秒
67... v3：Kc5 | 深度 5 | 4.45 秒
68. v4：Rb7 | 深度 5 | 3.02 秒
68... v3：Ra2 | 深度 4 | 5.00 秒
69. v4：g4 | 深度 5 | 2.70 秒
69... v3：Re2 | 深度 4 | 5.00 秒
70. v4：g5 | 深度 5 | 3.33 秒
70... v3：Kd5 | 深度 4 | 5.00 秒
71. v4：Kg6 | 深度 5 | 3.75 秒
71... v3：Rg2 | 深度 4 | 5.00 秒
72. v4：Rb5+ | 深度 4 | 5.00 秒
72... v3：Ke4 | 深度 4 | 5.00 秒
73. v4：Rb4+ | 深度 5 | 3.63 秒
73... v3：Kd3 | 深度 4 | 5.00 秒
74. v4：Rb7 | 深度 5 | 4.43 秒
74... v3：Rf2 | 深度 4 | 5.00 秒
75. v4：Ra7 | 深度 5 | 4.60 秒
75... v3：Ke4 | 深度 4 | 5.00 秒
76. v4：Re7+ | 深度 5 | 4.81 秒
76... v3：Kd3 | 深度 5 | 3.60 秒
77. v4：Rb7 | 深度 4 | 5.00 秒
77... v3：Ke3 | 深度 4 | 5.00 秒
78. v4：Rd7 | 深度 5 | 4.93 秒
78... v3：Rb2 | 深度 4 | 5.00 秒
79. v4：Rf7 | 深度 5 | 4.61 秒
79... v3：Rf2 | 深度 4 | 5.00 秒
80. v4：Ra7 | 深度 5 | 3.02 秒
80... v3：Rb2 | 深度 4 | 5.00 秒
81. v4：Kf7 | 深度 4 | 5.00 秒
81... v3：Kf3 | 深度 4 | 5.00 秒
82. v4：g6 | 深度 4 | 5.00 秒
82... v3：Kg2 | 深度 4 | 5.00 秒
83. v4：g7 | 深度 5 | 1.78 秒
83... v3：Rf2+ | 深度 5 | 3.33 秒
84. v4：Kg6 | 深度 5 | 1.03 秒
84... v3：Kh2 | 深度 4 | 5.00 秒
85. v4：Rc7 | 深度 5 | 1.07 秒
85... v3：Rg2+ | 深度 5 | 1.05 秒
86. v4：Kh7 | 深度 5 | 0.61 秒
86... v3：Rg3 | 深度 5 | 1.69 秒
87. v4：g8=Q | 深度 5 | 1.16 秒
87... v3：Rh3+ | 深度 5 | 1.56 秒
88. v4：Kg7 | 深度 5 | 0.21 秒
88... v3：Rg3+ | 深度 5 | 0.71 秒
89. v4：Kf7 | 深度 5 | 0.51 秒
89... v3：Rxg8 | 深度 5 | 0.76 秒
90. v4：Kxg8 | 深度 5 | 1.13 秒
90... v3：Kh3 | 深度 5 | 0.64 秒
91. v4：Rg7 | 深度 5 | 1.53 秒
91... v3：Kh2 | 深度 5 | 0.19 秒
92. v4：Kf7 | 深度 5 | 0.84 秒
92... v3：Kh3 | 深度 5 | 0.17 秒
93. v4：Rg6 | 深度 5 | 0.79 秒
93... v3：Kh4 | 深度 5 | 0.38 秒
94. v4：Rg1 | 深度 5 | 1.23 秒
94... v3：Kh3 | 深度 5 | 0.36 秒
95. v4：Rg6 | 深度 5 | 1.23 秒
95... v3：Kh4 | 深度 5 | 0.36 秒
96. v4：Rg1 | 深度 5 | 1.20 秒
96... v3：Kh3 | 深度 5 | 0.34 秒
97. v4：Rg5 | 深度 5 | 1.25 秒
97... v3：Kh2 | 深度 5 | 0.24 秒
98. v4：Rg6 | 深度 5 | 1.26 秒
98... v3：Kh3 | 深度 5 | 0.36 秒
99. v4：Rg7 | 深度 5 | 1.65 秒
99... v3：Kh2 | 深度 5 | 0.14 秒
100. v4：Rg6 | 深度 5 | 0.86 秒
100... v3：Kh3 | 深度 5 | 0.31 秒
101. v4：Rg7 | 深度 5 | 1.18 秒
101... v3：Kh2 | 深度 5 | 0.13 秒
102. v4：Rg4 | 深度 5 | 0.78 秒
102... v3：Kh3 | 深度 5 | 0.23 秒
103. v4：Rg5 | 深度 5 | 0.74 秒
103... v3：Kh2 | 深度 5 | 0.24 秒
104. v4：Rg4 | 深度 5 | 1.19 秒
104... v3：Kh3 | 深度 5 | 0.22 秒
105. v4：Rg1 | 深度 5 | 0.70 秒
105... v3：Kh2 | 深度 5 | 0.29 秒
106. v4：Rg5 | 深度 5 | 0.82 秒
106... v3：Kh3 | 深度 5 | 0.31 秒
107. v4：Rg1 | 深度 5 | 1.12 秒
107... v3：Kh2 | 深度 5 | 0.30 秒
108. v4：Rg5 | 深度 5 | 0.80 秒
108... v3：Kh3 | 深度 5 | 0.30 秒
109. v4：Ke6 | 深度 5 | 1.06 秒
109... v3：Kh2 | 深度 5 | 0.31 秒
110. v4：Rg8 | 深度 5 | 1.36 秒
110... v3：Kh1 | 深度 5 | 0.38 秒
111. v4：Kf6 | 深度 5 | 1.40 秒
111... v3：Kh2 | 深度 5 | 0.33 秒
112. v4：Ke6 | 深度 5 | 1.40 秒
112... v3：Kh1 | 深度 5 | 0.38 秒
113. v4：Kf6 | 深度 5 | 1.37 秒
113... v3：Kh2 | 深度 5 | 0.29 秒
114. v4：Ke7 | 深度 5 | 1.68 秒
114... v3：Kh1 | 深度 5 | 0.47 秒
115. v4：Kf8 | 深度 5 | 1.37 秒
115... v3：Kh2 | 深度 5 | 0.12 秒
116. v4：Ke7 | 深度 5 | 0.66 秒
116... v3：Kh1 | 深度 5 | 0.46 秒
117. v4：Kf8 | 深度 5 | 1.33 秒
117... v3：Kh2 | 深度 5 | 0.11 秒
118. v4：Ke8 | 深度 5 | 0.60 秒
118... v3：Kh3 | 深度 5 | 0.18 秒
119. v4：Ke7 | 深度 5 | 0.78 秒
119... v3：Kh2 | 深度 5 | 0.62 秒
120. v4：Kf8 | 深度 5 | 1.43 秒
120... v3：Kh3 | 深度 5 | 0.16 秒
本盘结果：*，原因：move_limit_unfinished

===== 第 20/20 盘：苏格兰式，白方 v3，黑方 v4 =====
4. v3：Nxd4 | 深度 4 | 5.00 秒
4... v4：Qh4 | 深度 4 | 5.00 秒
5. v3：Nc3 | 深度 4 | 5.00 秒
5... v4：Bb4 | 深度 4 | 5.00 秒
6. v3：Qd3 | 深度 4 | 5.00 秒
6... v4：Nf6 | 深度 3 | 5.00 秒
7. v3：Nf5 | 深度 4 | 5.00 秒
7... v4：Qg4 | 深度 4 | 5.00 秒
8. v3：h3 | 深度 3 | 5.00 秒
8... v4：Qg6 | 深度 4 | 5.00 秒
9. v3：a3 | 深度 3 | 5.00 秒
9... v4：Bxc3+ | 深度 4 | 5.00 秒
10. v3：Qxc3 | 深度 4 | 5.00 秒
10... v4：O-O | 深度 3 | 5.00 秒
11. v3：Qxc6 | 深度 3 | 5.00 秒
11... v4：Qxf5 | 深度 4 | 5.00 秒
12. v3：Qxc7 | 深度 4 | 5.00 秒
12... v4：Qxe4+ | 深度 4 | 5.00 秒
13. v3：Be3 | 深度 4 | 5.00 秒
13... v4：Nd5 | 深度 3 | 5.00 秒
14. v3：Qc4 | 深度 4 | 5.00 秒
14... v4：Re8 | 深度 4 | 5.00 秒
15. v3：Qxe4 | 深度 5 | 4.15 秒
15... v4：Rxe4 | 深度 5 | 1.63 秒
16. v3：Bd3 | 深度 4 | 5.00 秒
16... v4：Re8 | 深度 4 | 5.00 秒
17. v3：O-O-O | 深度 4 | 5.00 秒
17... v4：Nxe3 | 深度 5 | 4.52 秒
18. v3：fxe3 | 深度 4 | 5.00 秒
18... v4：Rxe3 | 深度 4 | 5.00 秒
19. v3：a4 | 深度 3 | 5.00 秒
19... v4：d5 | 深度 4 | 5.00 秒
20. v3：c4 | 深度 4 | 5.00 秒
20... v4：Rg3 | 深度 4 | 5.00 秒
21. v3：cxd5 | 深度 4 | 5.00 秒
21... v4：Rxg2 | 深度 4 | 5.00 秒
22. v3：Be4 | 深度 4 | 5.00 秒
22... v4：Rf2 | 深度 4 | 5.00 秒
23. v3：d6 | 深度 4 | 5.00 秒
23... v4：Rf4 | 深度 4 | 5.00 秒
24. v3：Rd4 | 深度 4 | 5.00 秒
24... v4：g6 | 深度 4 | 5.00 秒
25. v3：Rc4 | 深度 3 | 5.00 秒
25... v4：Be6 | 深度 4 | 5.00 秒
26. v3：Rd4 | 深度 4 | 5.00 秒
26... v4：Rc8+ | 深度 4 | 5.00 秒
27. v3：Kb1 | 深度 4 | 5.00 秒
27... v4：Rd8 | 深度 4 | 5.00 秒
28. v3：Rhd1 | 深度 3 | 5.00 秒
28... v4：Rxe4 | 深度 4 | 5.00 秒
29. v3：Rxe4 | 深度 5 | 3.51 秒
29... v4：Bf5 | 深度 5 | 2.20 秒
30. v3：Rd4 | 深度 5 | 4.45 秒
30... v4：Re8 | 深度 5 | 4.74 秒
31. v3：d7 | 深度 5 | 0.90 秒
31... v4：Rd8 | 深度 5 | 0.45 秒
32. v3：Ka2 | 深度 5 | 3.64 秒
32... v4：Bxe4 | 深度 5 | 0.76 秒
33. v3：Rxe4 | 深度 5 | 2.24 秒
33... v4：Rxd7 | 深度 5 | 0.85 秒
34. v3：Re8+ | 深度 4 | 5.00 秒
34... v4：Kg7 | 深度 5 | 1.01 秒
35. v3：Rb8 | 深度 4 | 5.00 秒
35... v4：a6 | 深度 5 | 3.11 秒
36. v3：h4 | 深度 4 | 5.00 秒
36... v4：Rd4 | 深度 5 | 3.68 秒
37. v3：Kb3 | 深度 5 | 2.08 秒
37... v4：Rxh4 | 深度 5 | 2.01 秒
38. v3：Rxb7 | 深度 5 | 2.81 秒
38... v4：g5 | 深度 5 | 3.12 秒
39. v3：Ka3 | 深度 4 | 5.00 秒
39... v4：Rf4 | 深度 5 | 4.60 秒
40. v3：Rb6 | 深度 4 | 5.00 秒
40... v4：Rf6 | 深度 5 | 2.51 秒
41. v3：Rxf6 | 深度 4 | 5.00 秒
41... v4：Kxf6 | 深度 5 | 0.23 秒
42. v3：b4 | 深度 5 | 1.07 秒
42... v4：g4 | 深度 5 | 0.60 秒
43. v3：b5 | 深度 5 | 0.71 秒
43... v4：axb5 | 深度 5 | 0.42 秒
44. v3：axb5 | 深度 5 | 0.46 秒
44... v4：g3 | 深度 5 | 0.36 秒
45. v3：b6 | 深度 5 | 0.83 秒
45... v4：g2 | 深度 5 | 0.38 秒
46. v3：b7 | 深度 5 | 0.40 秒
46... v4：g1=Q | 深度 5 | 1.10 秒
47. v3：b8=Q | 深度 4 | 5.00 秒
47... v4：Qa1+ | 深度 5 | 1.70 秒
48. v3：Kb4 | 深度 5 | 3.08 秒
48... v4：Qb2+ | 深度 5 | 2.22 秒
49. v3：Kc4 | 深度 5 | 0.37 秒
49... v4：Qxb8 | 深度 5 | 1.55 秒
50. v3：Kd4 | 深度 5 | 1.72 秒
50... v4：Qb3 | 深度 5 | 4.88 秒
51. v3：Kc5 | 深度 5 | 0.82 秒
51... v4：Ke6 | 深度 5 | 3.33 秒
52. v3：Kc6 | 深度 5 | 1.03 秒
52... v4：f5 | 深度 5 | 3.45 秒
53. v3：Kc5 | 深度 5 | 0.98 秒
53... v4：f4 | 深度 5 | 3.03 秒
54. v3：Kc6 | 深度 5 | 0.91 秒
54... v4：f3 | 深度 5 | 3.11 秒
55. v3：Kc5 | 深度 5 | 1.10 秒
55... v4：f2 | 深度 5 | 3.42 秒
56. v3：Kc6 | 深度 5 | 1.30 秒
56... v4：f1=Q | 深度 4 | 5.00 秒
57. v3：Kc7 | 深度 5 | 1.23 秒
57... v4：Qfd1 | 深度 4 | 5.00 秒
58. v3：Kc6 | 深度 5 | 1.22 秒
58... v4：Qc1# | 深度 0 | 0.00 秒
本盘结果：0-1，原因：CHECKMATE
结果压缩包： C:\Users\maxw\chess_ai\arena_v3_v4_games\20260908_145249_016569\pair_10.zip

===== 比赛结束 =====
v4获胜： 1
v3获胜： 0
和棋： 0
达到步数上限未结束： 1
棋谱与搜索记录： C:\Users\maxw\chess_ai\arena_v3_v4_games\20260908_145249_016569\pair_10
