本次v4： C:\Users\maxw\chess_ai\value_full_runs\20260908_113914_349502\value_full_epoch2.pt
交换颜色两局；双方CPU4线程，每步5秒、深度上限5。
C:\Users\maxw\chess_ai\.venv\Lib\site-packages\torch\jit\_trace.py:1006: FutureWarning: `torch.jit.trace` is deprecated. Please switch to `torch.compile` or `torch.export`.
  warnings.warn(
C:\Users\maxw\chess_ai\.venv\Lib\site-packages\torch\jit\_trace.py:1145: FutureWarning: `torch.jit.trace_method` is deprecated. Please switch to `torch.compile` or `torch.export`.
  warnings.warn(
C:\Users\maxw\chess_ai\.venv\Lib\site-packages\torch\jit\_freeze.py:106: FutureWarning: `torch.jit.freeze` is deprecated. Please use `torch.compile` instead.
  warnings.warn(

===== 第 17/20 盘：王印式，白方 v4，黑方 v3 =====
4. v4：e4 | 深度 4 | 5.00 秒
4... v3：d6 | 深度 3 | 5.00 秒
5. v4：Nf3 | 深度 4 | 5.00 秒
5... v3：c5 | 深度 3 | 5.00 秒
6. v4：Rg1 | 深度 4 | 5.00 秒
6... v3：cxd4 | 深度 4 | 5.00 秒
7. v4：Qxd4 | 深度 4 | 5.00 秒
7... v3：e5 | 深度 3 | 5.00 秒
8. v4：Qd2 | 深度 4 | 5.00 秒
8... v3：O-O | 深度 3 | 5.00 秒
9. v4：Qe3 | 深度 3 | 5.00 秒
9... v3：h6 | 深度 3 | 5.00 秒
10. v4：Rb1 | 深度 3 | 5.00 秒
10... v3：Be6 | 深度 3 | 5.00 秒
11. v4：h3 | 深度 3 | 5.00 秒
11... v3：Na6 | 深度 3 | 5.00 秒
12. v4：b4 | 深度 3 | 5.00 秒
12... v3：Qc7 | 深度 3 | 5.00 秒
13. v4：Nd5 | 深度 3 | 5.00 秒
13... v3：Bxd5 | 深度 4 | 5.00 秒
14. v4：exd5 | 深度 4 | 5.00 秒
14... v3：e4 | 深度 3 | 5.00 秒
15. v4：Nd4 | 深度 4 | 5.00 秒
15... v3：Qb6 | 深度 3 | 5.00 秒
16. v4：Nb5 | 深度 3 | 5.00 秒
16... v3：Rae8 | 深度 4 | 5.00 秒
17. v4：Qxb6 | 深度 4 | 5.00 秒
17... v3：axb6 | 深度 4 | 5.00 秒
18. v4：Nxd6 | 深度 4 | 5.00 秒
18... v3：Ra8 | 深度 4 | 5.00 秒
19. v4：Nxb7 | 深度 4 | 5.00 秒
19... v3：Nc7 | 深度 4 | 5.00 秒
20. v4：d6 | 深度 4 | 5.00 秒
20... v3：Rab8 | 深度 4 | 5.00 秒
21. v4：Nd8 | 深度 4 | 5.00 秒
21... v3：Rbxd8 | 深度 4 | 5.00 秒
22. v4：dxc7 | 深度 5 | 4.15 秒
22... v3：Rc8 | 深度 4 | 5.00 秒
23. v4：Be3 | 深度 5 | 4.80 秒
23... v3：Rxc7 | 深度 4 | 5.00 秒
24. v4：Bxb6 | 深度 4 | 5.00 秒
24... v3：Rd7 | 深度 4 | 5.00 秒
25. v4：a4 | 深度 4 | 5.00 秒
25... v3：Rb8 | 深度 4 | 5.00 秒
26. v4：a5 | 深度 4 | 5.00 秒
26... v3：Re7 | 深度 3 | 5.00 秒
27. v4：Rc1 | 深度 4 | 5.00 秒
27... v3：h5 | 深度 4 | 5.00 秒
28. v4：b5 | 深度 4 | 5.00 秒
28... v3：Rd7 | 深度 4 | 5.00 秒
29. v4：Be3 | 深度 4 | 5.00 秒
29... v3：Ra8 | 深度 4 | 5.00 秒
30. v4：a6 | 深度 4 | 5.00 秒
30... v3：h4 | 深度 3 | 5.00 秒
31. v4：Bg5 | 深度 4 | 5.00 秒
31... v3：Ne8 | 深度 4 | 5.00 秒
32. v4：c5 | 深度 4 | 5.00 秒
32... v3：Nc7 | 深度 4 | 5.00 秒
33. v4：c6 | 深度 4 | 5.00 秒
33... v3：Rd5 | 深度 4 | 5.00 秒
34. v4：Bxh4 | 深度 4 | 5.00 秒
34... v3：g5 | 深度 3 | 5.00 秒
35. v4：b6 | 深度 4 | 5.00 秒
35... v3：Bb2 | 深度 4 | 5.00 秒
36. v4：b7 | 深度 5 | 4.54 秒
36... v3：Bxc1 | 深度 4 | 5.00 秒
37. v4：bxa8=Q+ | 深度 5 | 2.61 秒
37... v3：Nxa8 | 深度 5 | 1.26 秒
38. v4：Bg3 | 深度 5 | 2.01 秒
38... v3：Nb6 | 深度 4 | 5.00 秒
39. v4：h4 | 深度 5 | 2.94 秒
39... v3：Bb2 | 深度 4 | 5.00 秒
40. v4：hxg5 | 深度 5 | 2.23 秒
40... v3：Rxg5 | 深度 4 | 5.00 秒
41. v4：Kd2 | 深度 5 | 4.56 秒
41... v3：Bd4 | 深度 4 | 5.00 秒
42. v4：Rh1 | 深度 5 | 4.51 秒
42... v3：Nd5 | 深度 4 | 5.00 秒
43. v4：c7 | 深度 4 | 5.00 秒
43... v3：Nb6 | 深度 4 | 5.00 秒
44. v4：Rh6 | 深度 4 | 5.00 秒
44... v3：Nc8 | 深度 4 | 5.00 秒
45. v4：Bc4 | 深度 4 | 5.00 秒
45... v3：Rg4 | 深度 4 | 5.00 秒
46. v4：Kc2 | 深度 4 | 5.00 秒
46... v3：e3 | 深度 4 | 5.00 秒
47. v4：Rh4 | 深度 4 | 5.00 秒
47... v3：Rxh4 | 深度 5 | 1.67 秒
48. v4：Bxh4 | 深度 5 | 2.57 秒
48... v3：exf2 | 深度 5 | 4.62 秒
49. v4：g4 | 深度 4 | 5.00 秒
49... v3：Bb6 | 深度 4 | 5.00 秒
50. v4：Bg3 | 深度 5 | 4.37 秒
50... v3：Na7 | 深度 4 | 5.00 秒
51. v4：Bf4 | 深度 4 | 5.00 秒
51... v3：Kh7 | 深度 4 | 5.00 秒
52. v4：g5 | 深度 4 | 5.00 秒
52... v3：Nc8 | 深度 4 | 5.00 秒
53. v4：Kb3 | 深度 4 | 5.00 秒
53... v3：Na7 | 深度 4 | 5.00 秒
54. v4：Bd3+ | 深度 4 | 5.00 秒
54... v3：Kg7 | 深度 5 | 4.10 秒
55. v4：Be5+ | 深度 4 | 5.00 秒
55... v3：Kg8 | 深度 5 | 4.53 秒
56. v4：Bf4 | 深度 4 | 5.00 秒
56... v3：Kg7 | 深度 4 | 5.00 秒
57. v4：Kc4 | 深度 4 | 5.00 秒
57... v3：f6 | 深度 4 | 5.00 秒
58. v4：gxf6+ | 深度 5 | 4.11 秒
58... v3：Kxf6 | 深度 5 | 4.66 秒
59. v4：Kd5 | 深度 4 | 5.00 秒
59... v3：Ke7 | 深度 4 | 5.00 秒
60. v4：Bd6+ | 深度 4 | 5.00 秒
60... v3：Kf6 | 深度 4 | 5.00 秒
61. v4：Bf4 | 深度 4 | 5.00 秒
61... v3：Kg7 | 深度 4 | 5.00 秒
62. v4：Ke6 | 深度 4 | 5.00 秒
62... v3：Bd4 | 深度 4 | 5.00 秒
63. v4：Bc4 | 深度 4 | 5.00 秒
63... v3：Nc8 | 深度 4 | 5.00 秒
64. v4：Bf1 | 深度 4 | 5.00 秒
64... v3：Kg8 | 深度 4 | 5.00 秒
65. v4：Bc4 | 深度 4 | 5.00 秒
65... v3：Kh8 | 深度 4 | 5.00 秒
66. v4：Bb5 | 深度 4 | 5.00 秒
66... v3：Kg8 | 深度 4 | 5.00 秒
67. v4：Bc4 | 深度 4 | 5.00 秒
67... v3：Kh8 | 深度 4 | 5.00 秒
68. v4：Kf7 | 深度 4 | 5.00 秒
68... v3：Bc3 | 深度 4 | 5.00 秒
69. v4：Bf1 | 深度 4 | 5.00 秒
69... v3：Bd4 | 深度 4 | 5.00 秒
70. v4：Bb5 | 深度 4 | 5.00 秒
70... v3：Bc3 | 深度 4 | 5.00 秒
71. v4：Bf1 | 深度 4 | 5.00 秒
71... v3：Bd4 | 深度 4 | 5.00 秒
72. v4：Bb5 | 深度 4 | 5.00 秒
72... v3：Bc3 | 深度 4 | 5.00 秒
73. v4：Be2 | 深度 4 | 5.00 秒
73... v3：Bg7 | 深度 4 | 5.00 秒
74. v4：Be3 | 深度 5 | 4.68 秒
74... v3：Be5 | 深度 5 | 4.43 秒
75. v4：Bxf2 | 深度 5 | 2.89 秒
75... v3：Bg7 | 深度 4 | 5.00 秒
76. v4：a7 | 深度 5 | 2.15 秒
76... v3：Nd6+ | 深度 5 | 2.95 秒
77. v4：Kg6 | 深度 5 | 1.51 秒
77... v3：Bf8 | 深度 5 | 2.65 秒
78. v4：a8=Q | 深度 4 | 5.00 秒
78... v3：Kg8 | 深度 4 | 5.00 秒
79. v4：Qd5+ | 深度 4 | 5.00 秒
79... v3：Kh8 | 深度 5 | 4.18 秒
80. v4：Bd4+ | 深度 4 | 5.00 秒
80... v3：Bg7 | 深度 5 | 3.49 秒
81. v4：Bxg7# | 深度 0 | 0.00 秒
本盘结果：1-0，原因：CHECKMATE

===== 第 18/20 盘：王印式，白方 v3，黑方 v4 =====
4. v3：Nh3 | 深度 3 | 5.00 秒
4... v4：a5 | 深度 4 | 5.00 秒
5. v3：Be3 | 深度 3 | 5.00 秒
5... v4：O-O | 深度 4 | 5.00 秒
6. v3：Qb3 | 深度 3 | 5.00 秒
6... v4：c6 | 深度 4 | 5.00 秒
7. v3：O-O-O | 深度 4 | 5.00 秒
7... v4：h6 | 深度 4 | 5.00 秒
8. v3：Rg1 | 深度 3 | 5.00 秒
8... v4：d5 | 深度 4 | 5.00 秒
9. v3：cxd5 | 深度 4 | 5.00 秒
9... v4：Bxh3 | 深度 4 | 5.00 秒
10. v3：Qxb7 | 深度 4 | 5.00 秒
10... v4：Na6 | 深度 4 | 5.00 秒
11. v3：gxh3 | 深度 4 | 5.00 秒
11... v4：cxd5 | 深度 4 | 5.00 秒
12. v3：Qb3 | 深度 3 | 5.00 秒
12... v4：Rb8 | 深度 4 | 5.00 秒
13. v3：Qa3 | 深度 3 | 5.00 秒
13... v4：Qc7 | 深度 3 | 5.00 秒
14. v3：Bg2 | 深度 3 | 5.00 秒
14... v4：Rfd8 | 深度 3 | 5.00 秒
15. v3：Kb1 | 深度 3 | 5.00 秒
15... v4：Nb4 | 深度 3 | 5.00 秒
16. v3：Rc1 | 深度 3 | 5.00 秒
16... v4：Re8 | 深度 3 | 5.00 秒
17. v3：Nxd5 | 深度 3 | 5.00 秒
17... v4：Qd7 | 深度 4 | 5.00 秒
18. v3：Nxf6+ | 深度 3 | 5.00 秒
18... v4：exf6 | 深度 4 | 5.00 秒
19. v3：Qxa5 | 深度 3 | 5.00 秒
19... v4：Rb5 | 深度 4 | 5.00 秒
20. v3：Qa3 | 深度 3 | 5.00 秒
20... v4：Qf5+ | 深度 3 | 5.00 秒
21. v3：Ka1 | 深度 4 | 5.00 秒
21... v4：Nc2+ | 深度 4 | 5.00 秒
22. v3：Rxc2 | 深度 5 | 3.58 秒
22... v4：Qxc2 | 深度 4 | 5.00 秒
23. v3：Re1 | 深度 3 | 5.00 秒
23... v4：Reb8 | 深度 3 | 5.00 秒
24. v3：Qc3 | 深度 3 | 5.00 秒
24... v4：Qxb2+ | 深度 4 | 5.00 秒
25. v3：Qxb2 | 深度 5 | 1.44 秒
25... v4：Rxb2 | 深度 5 | 3.87 秒
26. v3：Rc1 | 深度 3 | 5.00 秒
26... v4：Rxe2 | 深度 5 | 4.50 秒
27. v3：a4 | 深度 3 | 5.00 秒
27... v4：Rbb2 | 深度 4 | 5.00 秒
28. v3：Rc8+ | 深度 4 | 5.00 秒
28... v4：Kh7 | 深度 5 | 1.41 秒
29. v3：Rc7 | 深度 3 | 5.00 秒
29... v4：Ra2+ | 深度 5 | 2.53 秒
30. v3：Kb1 | 深度 5 | 2.09 秒
30... v4：Rxa4 | 深度 5 | 3.56 秒
31. v3：Rxf7 | 深度 3 | 5.00 秒
31... v4：Rb4+ | 深度 4 | 5.00 秒
32. v3：Kc1 | 深度 4 | 5.00 秒
32... v4：Rb3 | 深度 4 | 5.00 秒
33. v3：Bb7 | 深度 4 | 5.00 秒
33... v4：Rb6 | 深度 4 | 5.00 秒
34. v3：Be4 | 深度 3 | 5.00 秒
34... v4：Rb3 | 深度 4 | 5.00 秒
35. v3：Rb7 | 深度 3 | 5.00 秒
35... v4：Rxb7 | 深度 5 | 3.73 秒
36. v3：Bxb7 | 深度 5 | 2.55 秒
36... v4：Bf8 | 深度 5 | 1.87 秒
37. v3：Bf3 | 深度 4 | 5.00 秒
37... v4：Re1+ | 深度 5 | 1.34 秒
38. v3：Kd2 | 深度 5 | 3.39 秒
38... v4：Ra1 | 深度 5 | 3.26 秒
39. v3：Kc2 | 深度 4 | 5.00 秒
39... v4：Bd6 | 深度 5 | 4.96 秒
40. v3：Bd5 | 深度 4 | 5.00 秒
40... v4：Bxh2 | 深度 4 | 5.00 秒
41. v3：Bf7 | 深度 4 | 5.00 秒
41... v4：Bd6 | 深度 4 | 5.00 秒
42. v3：Bd5 | 深度 3 | 5.00 秒
42... v4：h5 | 深度 4 | 5.00 秒
43. v3：Be6 | 深度 4 | 5.00 秒
43... v4：Be7 | 深度 4 | 5.00 秒
44. v3：Kb3 | 深度 3 | 5.00 秒
44... v4：Kh8 | 深度 4 | 5.00 秒
45. v3：d5 | 深度 3 | 5.00 秒
45... v4：Ra3+ | 深度 5 | 4.56 秒
46. v3：Kc2 | 深度 4 | 5.00 秒
46... v4：Bb4 | 深度 4 | 5.00 秒
47. v3：Bd4 | 深度 4 | 5.00 秒
47... v4：Rf3 | 深度 5 | 3.78 秒
48. v3：Bf7 | 深度 4 | 5.00 秒
48... v4：Kg7 | 深度 5 | 3.30 秒
49. v3：Be6 | 深度 5 | 4.21 秒
49... v4：Be1 | 深度 4 | 5.00 秒
50. v3：d6 | 深度 4 | 5.00 秒
50... v4：Rf4 | 深度 5 | 3.00 秒
51. v3：Be3 | 深度 4 | 5.00 秒
51... v4：Re4 | 深度 5 | 3.73 秒
52. v3：d7 | 深度 4 | 5.00 秒
52... v4：Ba5 | 深度 5 | 2.05 秒
53. v3：Bd5 | 深度 4 | 5.00 秒
53... v4：Re7 | 深度 5 | 3.30 秒
54. v3：Bc6 | 深度 4 | 5.00 秒
54... v4：Re6 | 深度 5 | 4.19 秒
55. v3：Bb5 | 深度 4 | 5.00 秒
55... v4：Re5 | 深度 4 | 5.00 秒
56. v3：Bc4 | 深度 4 | 5.00 秒
56... v4：Bc7 | 深度 4 | 5.00 秒
57. v3：Bf4 | 深度 3 | 5.00 秒
57... v4：h4 | 深度 5 | 4.76 秒
58. v3：Bxe5 | 深度 5 | 3.95 秒
58... v4：fxe5 | 深度 5 | 1.13 秒
59. v3：Kb3 | 深度 4 | 5.00 秒
59... v4：Kf6 | 深度 5 | 2.06 秒
60. v3：Bd3 | 深度 4 | 5.00 秒
60... v4：g5 | 深度 5 | 1.56 秒
61. v3：Be4 | 深度 4 | 5.00 秒
61... v4：Ke7 | 深度 5 | 1.55 秒
62. v3：Bc6 | 深度 5 | 3.95 秒
62... v4：Bb6 | 深度 5 | 1.23 秒
63. v3：f3 | 深度 5 | 2.39 秒
63... v4：Bf2 | 深度 5 | 1.82 秒
64. v3：Kc3 | 深度 5 | 4.73 秒
64... v4：Kd8 | 深度 5 | 1.72 秒
65. v3：Kd3 | 深度 5 | 3.16 秒
65... v4：Bd4 | 深度 5 | 0.99 秒
66. v3：Ke4 | 深度 5 | 1.96 秒
66... v4：Kc7 | 深度 5 | 0.81 秒
67. v3：Kf5 | 深度 5 | 1.54 秒
67... v4：Bb6 | 深度 5 | 1.46 秒
68. v3：Bb5 | 深度 5 | 1.35 秒
68... v4：Be3 | 深度 5 | 1.16 秒
69. v3：Kxe5 | 深度 5 | 1.66 秒
69... v4：Bc5 | 深度 5 | 1.28 秒
70. v3：Kf6 | 深度 5 | 2.90 秒
70... v4：Bd6 | 深度 5 | 1.16 秒
71. v3：Kxg5 | 深度 5 | 1.90 秒
71... v4：Be7+ | 深度 5 | 0.90 秒
72. v3：Kg4 | 深度 5 | 2.91 秒
72... v4：Bd8 | 深度 5 | 1.12 秒
73. v3：f4 | 深度 5 | 1.09 秒
73... v4：Be7 | 深度 5 | 0.76 秒
74. v3：Kh5 | 深度 5 | 1.94 秒
74... v4：Bd6 | 深度 5 | 1.35 秒
75. v3：Kg5 | 深度 5 | 1.78 秒
75... v4：Kd8 | 深度 5 | 0.83 秒
76. v3：Kg4 | 深度 5 | 1.96 秒
76... v4：Kc7 | 深度 5 | 0.75 秒
77. v3：Kg5 | 深度 5 | 2.70 秒
77... v4：Be7+ | 深度 5 | 1.20 秒
78. v3：Kh5 | 深度 5 | 3.79 秒
78... v4：Bd8 | 深度 5 | 1.93 秒
79. v3：Kg6 | 深度 5 | 1.58 秒
79... v4：Kb6 | 深度 5 | 1.33 秒
80. v3：Bc4 | 深度 5 | 4.99 秒
80... v4：Kc5 | 深度 5 | 0.99 秒
81. v3：Be6 | 深度 4 | 5.00 秒
81... v4：Kc6 | 深度 5 | 2.10 秒
82. v3：Kf7 | 深度 5 | 4.73 秒
82... v4：Kc7 | 深度 5 | 1.59 秒
83. v3：Ke8 | 深度 5 | 2.70 秒
83... v4：Bf6 | 深度 5 | 0.56 秒
84. v3：Bf7 | 深度 5 | 3.75 秒
84... v4：Bd8 | 深度 5 | 0.52 秒
85. v3：Bg6 | 深度 5 | 2.84 秒
85... v4：Bf6 | 深度 5 | 0.40 秒
86. v3：Bf7 | 深度 5 | 3.56 秒
86... v4：Bd8 | 深度 5 | 0.52 秒
87. v3：Bg6 | 深度 5 | 2.64 秒
87... v4：Bf6 | 深度 5 | 0.33 秒
88. v3：Bf5 | 深度 5 | 3.21 秒
88... v4：Bd8 | 深度 5 | 0.42 秒
89. v3：Be6 | 深度 5 | 2.78 秒
89... v4：Bf6 | 深度 5 | 0.50 秒
90. v3：Bg8 | 深度 5 | 3.35 秒
90... v4：Bd8 | 深度 5 | 0.44 秒
91. v3：f5 | 深度 5 | 2.18 秒
91... v4：Bf6 | 深度 5 | 0.56 秒
92. v3：Bf7 | 深度 5 | 3.42 秒
92... v4：Bd8 | 深度 5 | 0.70 秒
93. v3：Bh5 | 深度 5 | 2.71 秒
93... v4：Bg5 | 深度 5 | 0.43 秒
94. v3：Bf7 | 深度 5 | 2.48 秒
94... v4：Bf6 | 深度 5 | 0.64 秒
95. v3：Bh5 | 深度 5 | 3.56 秒
95... v4：Bg5 | 深度 5 | 0.50 秒
96. v3：Bf7 | 深度 5 | 2.35 秒
96... v4：Bf6 | 深度 5 | 0.60 秒
97. v3：Bg8 | 深度 5 | 3.01 秒
97... v4：Bg5 | 深度 5 | 0.56 秒
98. v3：Bh7 | 深度 5 | 2.75 秒
98... v4：Bf6 | 深度 5 | 0.38 秒
99. v3：Bg8 | 深度 5 | 0.94 秒
99... v4：Bg5 | 深度 5 | 0.56 秒
100. v3：Bh7 | 深度 5 | 2.52 秒
100... v4：Bf6 | 深度 5 | 0.32 秒
101. v3：Kf7 | 深度 5 | 0.71 秒
101... v4：Bg5 | 深度 5 | 0.72 秒
102. v3：Ke6 | 深度 5 | 0.96 秒
102... v4：Kd8 | 深度 5 | 0.95 秒
103. v3：f6 | 深度 5 | 1.48 秒
103... v4：Bxf6 | 深度 5 | 0.76 秒
104. v3：Kxf6 | 深度 5 | 0.77 秒
104... v4：Kxd7 | 深度 5 | 0.23 秒
105. v3：Kg5 | 深度 5 | 1.12 秒
105... v4：Ke6 | 深度 5 | 0.32 秒
106. v3：Be4 | 深度 5 | 1.65 秒
106... v4：Ke5 | 深度 5 | 0.46 秒
107. v3：Bb7 | 深度 5 | 2.24 秒
107... v4：Kd4 | 深度 5 | 0.25 秒
108. v3：Kxh4 | 深度 5 | 3.18 秒
108... v4：Ke5 | 深度 5 | 0.46 秒
109. v3：Kg5 | 深度 5 | 4.16 秒
109... v4：Kd4 | 深度 5 | 0.31 秒
110. v3：Bc8 | 深度 4 | 5.00 秒
110... v4：Kc3 | 深度 5 | 0.67 秒
111. v3：Kg6 | 深度 4 | 5.00 秒
111... v4：Kb3 | 深度 5 | 0.65 秒
112. v3：h4 | 深度 4 | 5.00 秒
112... v4：Kc2 | 深度 5 | 0.54 秒
113. v3：h5 | 深度 5 | 4.39 秒
113... v4：Kd3 | 深度 5 | 0.72 秒
114. v3：h6 | 深度 5 | 1.96 秒
114... v4：Ke2 | 深度 5 | 0.41 秒
115. v3：h7 | 深度 5 | 1.01 秒
115... v4：Kd1 | 深度 5 | 1.15 秒
116. v3：h8=Q | 深度 5 | 3.59 秒
116... v4：Ke2 | 深度 5 | 1.68 秒
117. v3：Bg4+ | 深度 4 | 5.00 秒
117... v4：Kd3 | 深度 5 | 3.12 秒
118. v3：Bf5+ | 深度 4 | 5.00 秒
118... v4：Kc4 | 深度 5 | 2.59 秒
119. v3：Qh6 | 深度 4 | 5.00 秒
119... v4：Kd5 | 深度 5 | 2.08 秒
120. v3：Kf6 | 深度 4 | 5.00 秒
120... v4：Kd6 | 深度 5 | 2.45 秒
本盘结果：*，原因：move_limit_unfinished
结果压缩包： C:\Users\maxw\chess_ai\arena_v3_v4_games\20260908_145249_016569\pair_09.zip

===== 比赛结束 =====
v4获胜： 1
v3获胜： 0
和棋： 0
达到步数上限未结束： 1
棋谱与搜索记录： C:\Users\maxw\chess_ai\arena_v3_v4_games\20260908_145249_016569\pair_09
