本次v4： C:\Users\maxw\chess_ai\value_full_runs\20260908_113914_349502\value_full_epoch2.pt
交换颜色两局；双方CPU4线程，每步5秒、深度上限5。
C:\Users\maxw\chess_ai\.venv\Lib\site-packages\torch\jit\_trace.py:1006: FutureWarning: `torch.jit.trace` is deprecated. Please switch to `torch.compile` or `torch.export`.
  warnings.warn(
C:\Users\maxw\chess_ai\.venv\Lib\site-packages\torch\jit\_trace.py:1145: FutureWarning: `torch.jit.trace_method` is deprecated. Please switch to `torch.compile` or `torch.export`.
  warnings.warn(
C:\Users\maxw\chess_ai\.venv\Lib\site-packages\torch\jit\_freeze.py:106: FutureWarning: `torch.jit.freeze` is deprecated. Please use `torch.compile` instead.
  warnings.warn(

===== 第 15/20 盘：斯拉夫式，白方 v4，黑方 v3 =====
4. v4：cxd5 | 深度 4 | 5.00 秒
4... v3：cxd5 | 深度 4 | 5.00 秒
5. v4：Nc3 | 深度 4 | 5.00 秒
5... v3：Nc6 | 深度 3 | 5.00 秒
6. v4：Be3 | 深度 3 | 5.00 秒
6... v3：h6 | 深度 3 | 5.00 秒
7. v4：Qd3 | 深度 3 | 5.00 秒
7... v3：Bd7 | 深度 3 | 5.00 秒
8. v4：h3 | 深度 3 | 5.00 秒
8... v3：g6 | 深度 3 | 5.00 秒
9. v4：a3 | 深度 3 | 5.00 秒
9... v3：Bg7 | 深度 3 | 5.00 秒
10. v4：Kd2 | 深度 3 | 5.00 秒
10... v3：Na5 | 深度 3 | 5.00 秒
11. v4：Na2 | 深度 4 | 5.00 秒
11... v3：Qb6 | 深度 3 | 5.00 秒
12. v4：b4 | 深度 3 | 5.00 秒
12... v3：Bf5 | 深度 3 | 5.00 秒
13. v4：Qc3 | 深度 4 | 5.00 秒
13... v3：Ne4+ | 深度 4 | 5.00 秒
14. v4：Ke1 | 深度 4 | 5.00 秒
14... v3：Nxc3 | 深度 4 | 5.00 秒
15. v4：Nxc3 | 深度 4 | 5.00 秒
15... v3：Qc6 | 深度 3 | 5.00 秒
16. v4：Rc1 | 深度 4 | 5.00 秒
16... v3：Nc4 | 深度 3 | 5.00 秒
17. v4：Nh4 | 深度 4 | 5.00 秒
17... v3：Nxa3 | 深度 3 | 5.00 秒
18. v4：Nxf5 | 深度 4 | 5.00 秒
18... v3：gxf5 | 深度 4 | 5.00 秒
19. v4：g4 | 深度 4 | 5.00 秒
19... v3：f4 | 深度 4 | 5.00 秒
20. v4：Bxf4 | 深度 4 | 5.00 秒
20... v3：Bxd4 | 深度 3 | 5.00 秒
21. v4：Na2 | 深度 4 | 5.00 秒
21... v3：Qf6 | 深度 3 | 5.00 秒
22. v4：e3 | 深度 4 | 5.00 秒
22... v3：Ba1 | 深度 3 | 5.00 秒
23. v4：Rc7 | 深度 4 | 5.00 秒
23... v3：O-O | 深度 3 | 5.00 秒
24. v4：Bd3 | 深度 4 | 5.00 秒
24... v3：e5 | 深度 4 | 5.00 秒
25. v4：Bg3 | 深度 4 | 5.00 秒
25... v3：e4 | 深度 3 | 5.00 秒
26. v4：Be2 | 深度 4 | 5.00 秒
26... v3：Qb2 | 深度 3 | 5.00 秒
27. v4：Nc1 | 深度 4 | 5.00 秒
27... v3：Nc4 | 深度 3 | 5.00 秒
28. v4：Kf1 | 深度 4 | 5.00 秒
28... v3：Rac8 | 深度 4 | 5.00 秒
29. v4：Kg2 | 深度 5 | 4.74 秒
29... v3：Rxc7 | 深度 4 | 5.00 秒
30. v4：Bxc7 | 深度 4 | 5.00 秒
30... v3：Rc8 | 深度 4 | 5.00 秒
31. v4：Bxc4 | 深度 4 | 5.00 秒
31... v3：dxc4 | 深度 4 | 5.00 秒
32. v4：Bd6 | 深度 4 | 5.00 秒
32... v3：Rd8 | 深度 3 | 5.00 秒
33. v4：Be7 | 深度 4 | 5.00 秒
33... v3：Rd2 | 深度 4 | 5.00 秒
34. v4：Rf1 | 深度 5 | 3.62 秒
34... v3：Rc2 | 深度 4 | 5.00 秒
35. v4：Bc5 | 深度 5 | 4.75 秒
35... v3：Rxc1 | 深度 4 | 5.00 秒
36. v4：Rxc1 | 深度 5 | 1.43 秒
36... v3：Qxc1 | 深度 5 | 3.08 秒
37. v4：Bxa7 | 深度 5 | 2.44 秒
37... v3：c3 | 深度 4 | 5.00 秒
38. v4：g5 | 深度 5 | 4.09 秒
38... v3：Qa3 | 深度 5 | 2.74 秒
39. v4：g6 | 深度 5 | 2.82 秒
39... v3：c2 | 深度 5 | 1.81 秒
40. v4：gxf7+ | 深度 5 | 1.65 秒
40... v3：Kxf7 | 深度 5 | 0.92 秒
41. v4：Bb8 | 深度 5 | 2.89 秒
41... v3：c1=Q | 深度 4 | 5.00 秒
42. v4：b5 | 深度 4 | 5.00 秒
42... v3：Qcc5 | 深度 3 | 5.00 秒
43. v4：Bf4 | 深度 4 | 5.00 秒
43... v3：h5 | 深度 3 | 5.00 秒
44. v4：f3 | 深度 4 | 5.00 秒
44... v3：exf3+ | 深度 4 | 5.00 秒
45. v4：Kxf3 | 深度 5 | 3.27 秒
45... v3：Qxb5 | 深度 3 | 5.00 秒
46. v4：h4 | 深度 4 | 5.00 秒
46... v3：Qc3 | 深度 3 | 5.00 秒
47. v4：Kf2 | 深度 5 | 4.43 秒
47... v3：Qf5 | 深度 3 | 5.00 秒
48. v4：Kg2 | 深度 4 | 5.00 秒
48... v3：Qe1 | 深度 3 | 5.00 秒
49. v4：Kh2 | 深度 5 | 3.51 秒
49... v3：Qg4 | 深度 4 | 5.00 秒
50. v4：Bg5 | 深度 5 | 2.62 秒
50... v3：Qgg3# | 深度 0 | 0.00 秒
本盘结果：0-1，原因：CHECKMATE

===== 第 16/20 盘：斯拉夫式，白方 v3，黑方 v4 =====
4. v3：cxd5 | 深度 4 | 5.00 秒
4... v4：cxd5 | 深度 4 | 5.00 秒
5. v3：Nc3 | 深度 4 | 5.00 秒
5... v4：Bd7 | 深度 4 | 5.00 秒
6. v3：Qb3 | 深度 3 | 5.00 秒
6... v4：Nc6 | 深度 4 | 5.00 秒
7. v3：Bd2 | 深度 3 | 5.00 秒
7... v4：Na5 | 深度 3 | 5.00 秒
8. v3：Qc2 | 深度 4 | 5.00 秒
8... v4：Rc8 | 深度 3 | 5.00 秒
9. v3：b4 | 深度 3 | 5.00 秒
9... v4：Nc4 | 深度 4 | 5.00 秒
10. v3：e3 | 深度 3 | 5.00 秒
10... v4：Nxd2 | 深度 4 | 5.00 秒
11. v3：Qxd2 | 深度 4 | 5.00 秒
11... v4：Qc7 | 深度 4 | 5.00 秒
12. v3：Nb5 | 深度 4 | 5.00 秒
12... v4：Qb6 | 深度 4 | 5.00 秒
13. v3：a4 | 深度 4 | 5.00 秒
13... v4：Ne4 | 深度 4 | 5.00 秒
14. v3：Qb2 | 深度 3 | 5.00 秒
14... v4：f6 | 深度 3 | 5.00 秒
15. v3：Bd3 | 深度 3 | 5.00 秒
15... v4：a6 | 深度 4 | 5.00 秒
16. v3：a5 | 深度 4 | 5.00 秒
16... v4：Qe6 | 深度 4 | 5.00 秒
17. v3：Na7 | 深度 4 | 5.00 秒
17... v4：Ra8 | 深度 4 | 5.00 秒
18. v3：Bxe4 | 深度 4 | 5.00 秒
18... v4：dxe4 | 深度 4 | 5.00 秒
19. v3：d5 | 深度 4 | 5.00 秒
19... v4：Qg4 | 深度 4 | 5.00 秒
20. v3：b5 | 深度 4 | 5.00 秒
20... v4：Rxa7 | 深度 4 | 5.00 秒
21. v3：Nd4 | 深度 4 | 5.00 秒
21... v4：Qxg2 | 深度 4 | 5.00 秒
22. v3：Rf1 | 深度 4 | 5.00 秒
22... v4：Bxb5 | 深度 3 | 5.00 秒
23. v3：Nxb5 | 深度 4 | 5.00 秒
23... v4：axb5 | 深度 5 | 3.26 秒
24. v3：Qxb5+ | 深度 4 | 5.00 秒
24... v4：Kf7 | 深度 5 | 2.46 秒
25. v3：Qb6 | 深度 4 | 5.00 秒
25... v4：Ra6 | 深度 5 | 3.00 秒
26. v3：Qxb7 | 深度 4 | 5.00 秒
26... v4：Rd6 | 深度 5 | 4.80 秒
27. v3：a6 | 深度 4 | 5.00 秒
27... v4：Qf3 | 深度 4 | 5.00 秒
28. v3：a7 | 深度 4 | 5.00 秒
28... v4：Rd8 | 深度 4 | 5.00 秒
29. v3：a8=Q | 深度 3 | 5.00 秒
29... v4：Rxa8 | 深度 5 | 2.05 秒
30. v3：Rxa8 | 深度 4 | 5.00 秒
30... v4：g5 | 深度 4 | 5.00 秒
31. v3：d6 | 深度 4 | 5.00 秒
31... v4：Bg7 | 深度 4 | 5.00 秒
32. v3：Rxh8 | 深度 4 | 5.00 秒
32... v4：Bxh8 | 深度 5 | 1.98 秒
33. v3：Qxe7+ | 深度 5 | 4.42 秒
33... v4：Kg6 | 深度 5 | 0.92 秒
34. v3：d7 | 深度 5 | 4.15 秒
34... v4：f5 | 深度 5 | 1.59 秒
35. v3：Qe8+ | 深度 4 | 5.00 秒
35... v4：Kh6 | 深度 5 | 0.68 秒
36. v3：Qxh8 | 深度 5 | 3.64 秒
36... v4：Qh5 | 深度 5 | 1.88 秒
37. v3：d8=Q | 深度 4 | 5.00 秒
37... v4：Qf7 | 深度 5 | 3.82 秒
38. v3：h4 | 深度 3 | 5.00 秒
38... v4：Qg6 | 深度 5 | 2.62 秒
39. v3：hxg5+ | 深度 4 | 5.00 秒
39... v4：Kh5 | 深度 5 | 1.76 秒
40. v3：Rg1 | 深度 4 | 5.00 秒
40... v4：h6 | 深度 5 | 4.19 秒
41. v3：Qde8 | 深度 4 | 5.00 秒
41... v4：Kh4 | 深度 5 | 1.16 秒
42. v3：Qxg6 | 深度 4 | 5.00 秒
42... v4：Kh3 | 深度 5 | 1.94 秒
43. v3：Qgxh6# | 深度 0 | 0.00 秒
本盘结果：1-0，原因：CHECKMATE
结果压缩包： C:\Users\maxw\chess_ai\arena_v3_v4_games\20260908_145249_016569\pair_08.zip

===== 比赛结束 =====
v4获胜： 0
v3获胜： 2
和棋： 0
达到步数上限未结束： 0
棋谱与搜索记录： C:\Users\maxw\chess_ai\arena_v3_v4_games\20260908_145249_016569\pair_08
