C:\Users\maxw\chess_ai\.venv\Lib\site-packages\torch\jit\_trace.py:1006: FutureWarning: `torch.jit.trace` is deprecated. Please switch to `torch.compile` or `torch.export`.
  warnings.warn(
C:\Users\maxw\chess_ai\.venv\Lib\site-packages\torch\jit\_trace.py:1145: FutureWarning: `torch.jit.trace_method` is deprecated. Please switch to `torch.compile` or `torch.export`.
  warnings.warn(
C:\Users\maxw\chess_ai\.venv\Lib\site-packages\torch\jit\_freeze.py:106: FutureWarning: `torch.jit.freeze` is deprecated. Please use `torch.compile` instead.
  warnings.warn(
局1 v4 O-O 5.01s
局1 Stockfish_skill_0 Nf6 1.02s
局1 v4 Ng5 5.01s
局1 Stockfish_skill_0 O-O 1.00s
局1 v4 d4 5.00s
局1 Stockfish_skill_0 Bxd4 1.00s
局1 v4 c3 5.00s
局1 Stockfish_skill_0 Na5 1.00s
局1 v4 Bxf7+ 5.00s
局1 Stockfish_skill_0 Rxf7 1.00s
局1 v4 Nxf7 5.00s
局1 Stockfish_skill_0 Qe8 1.00s
局1 v4 cxd4 5.00s
局1 Stockfish_skill_0 Kxf7 1.00s
局1 v4 Bd2 5.00s
局1 Stockfish_skill_0 b6 1.00s
局1 v4 Bxa5 5.00s
局1 Stockfish_skill_0 Ba6 1.00s
局1 v4 Qb3+ 5.00s
局1 Stockfish_skill_0 Qe6 1.00s
局1 v4 d5 5.00s
局1 Stockfish_skill_0 Qe8 1.00s
局1 v4 d6+ 5.00s
局1 Stockfish_skill_0 Kf8 1.00s
局1 v4 dxc7 5.00s
局1 Stockfish_skill_0 d6 1.00s
局1 v4 Bb4 5.00s
局1 Stockfish_skill_0 Nxe4 1.00s
局1 v4 Qf3+ 5.00s
局1 Stockfish_skill_0 Ke7 1.00s
局1 v4 Qxe4 5.00s
局1 Stockfish_skill_0 Bxf1 1.00s
局1 v4 Qxe5+ 5.00s
局1 Stockfish_skill_0 Kf8 1.00s
局1 v4 Bxd6+ 5.00s
局1 Stockfish_skill_0 Kg8 1.00s
局1 v4 Qd5+ 5.00s
局1 Stockfish_skill_0 Kh8 1.00s
局1 v4 Kxf1 5.00s
局1 Stockfish_skill_0 Qe1+ 1.00s
局1 v4 Kxe1 0.26s
局1 Stockfish_skill_0 Re8+ 1.00s
局1 v4 Kd2 2.84s
局1 Stockfish_skill_0 a6 1.00s
局1 v4 Qe6 5.00s
局1 Stockfish_skill_0 Rg8 1.00s
局1 v4 c8=Q 5.01s
局1 Stockfish_skill_0 h6 0.00s
局1 v4 Qexg8# 0.00s
局1结束 1-0 CHECKMATE
局2 Stockfish_skill_0 d3 1.02s
局2 v4 Nh6 5.00s
局2 Stockfish_skill_0 h3 1.00s
局2 v4 Rb8 5.00s
局2 Stockfish_skill_0 Nc3 1.00s
局2 v4 f6 5.01s
局2 Stockfish_skill_0 d4 1.00s
局2 v4 exd4 5.01s
局2 Stockfish_skill_0 Bxh6 1.00s
局2 v4 gxh6 5.00s
局2 Stockfish_skill_0 Nxd4 1.00s
局2 v4 Bxd4 3.82s
局2 Stockfish_skill_0 Qh5+ 1.00s
局2 v4 Ke7 1.77s
局2 Stockfish_skill_0 Qf7+ 1.00s
局2 v4 Kd6 2.61s
局2 Stockfish_skill_0 Nb5+ 1.00s
局2 v4 Kc5 3.42s
局2 Stockfish_skill_0 Nxd4 1.00s
局2 v4 d5 5.00s
局2 Stockfish_skill_0 O-O-O 1.00s
局2 v4 Nxd4 5.00s
局2 Stockfish_skill_0 Bf1 1.00s
局2 v4 Be6 5.00s
局2 Stockfish_skill_0 b4+ 1.00s
局2 v4 Kd6 5.00s
局2 Stockfish_skill_0 Qg7 1.00s
局2 v4 Nc6 5.00s
局2 Stockfish_skill_0 Qg3+ 1.00s
局2 v4 Ke7 5.00s
局2 Stockfish_skill_0 exd5 1.00s
局2 v4 Bxd5 5.00s
局2 Stockfish_skill_0 Bc4 1.00s
局2 v4 Nxb4 5.00s
局2 Stockfish_skill_0 Qb3 1.00s
局2 v4 Qd6 5.01s
局2 Stockfish_skill_0 Rhe1+ 1.00s
局2 v4 Kf8 4.19s
局2 Stockfish_skill_0 Kb2 1.00s
局2 v4 c6 5.00s
局2 Stockfish_skill_0 Qe3 1.00s
局2 v4 Qe5+ 5.00s
局2 Stockfish_skill_0 Kb1 1.00s
局2 v4 Qxe3 4.92s
局2 Stockfish_skill_0 Bxd5 1.00s
局2 v4 Qxf2 5.00s
局2 Stockfish_skill_0 Be4 1.00s
局2 v4 Qg3 5.00s
局2 Stockfish_skill_0 Bf5 1.00s
局2 v4 Nd5 5.00s
局2 Stockfish_skill_0 Bg4 1.00s
局2 v4 Nc3+ 5.00s
局2 Stockfish_skill_0 Ka1 1.00s
局2 v4 Nxd1 5.00s
局2 Stockfish_skill_0 Re8+ 1.00s
局2 v4 Rxe8 2.51s
局2 Stockfish_skill_0 h4 1.00s
局2 v4 Qc3+ 5.00s
局2 Stockfish_skill_0 Kb1 0.00s
局2 v4 Qb2# 0.00s
局2结束 0-1 CHECKMATE
