C:\Users\maxw\chess_ai\.venv\Lib\site-packages\torch\jit\_trace.py:1006: FutureWarning: `torch.jit.trace` is deprecated. Please switch to `torch.compile` or `torch.export`.
  warnings.warn(
C:\Users\maxw\chess_ai\.venv\Lib\site-packages\torch\jit\_trace.py:1145: FutureWarning: `torch.jit.trace_method` is deprecated. Please switch to `torch.compile` or `torch.export`.
  warnings.warn(
C:\Users\maxw\chess_ai\.venv\Lib\site-packages\torch\jit\_freeze.py:106: FutureWarning: `torch.jit.freeze` is deprecated. Please use `torch.compile` instead.
  warnings.warn(
局11 v4 Bxc6 5.01s
局11 Stockfish_skill_3 bxc6 1.01s
局11 v4 Nxe5 5.01s
局11 Stockfish_skill_3 d5 1.00s
局11 v4 Nxc6 5.01s
局11 Stockfish_skill_3 Qd7 1.00s
局11 v4 exd5 5.00s
局11 Stockfish_skill_3 Qxd5 1.00s
局11 v4 Qf3 5.00s
局11 Stockfish_skill_3 Qxf3 1.00s
局11 v4 gxf3 5.00s
局11 Stockfish_skill_3 Ne7 1.00s
局11 v4 Nxe7 4.16s
局11 Stockfish_skill_3 Bxe7 1.00s
局11 v4 Nc3 5.00s
局11 Stockfish_skill_3 f5 1.00s
局11 v4 a4 5.01s
局11 Stockfish_skill_3 Kf7 1.00s
局11 v4 d4 5.01s
局11 Stockfish_skill_3 Rd8 1.00s
局11 v4 Be3 5.00s
局11 Stockfish_skill_3 Bb7 1.00s
局11 v4 Ke2 5.00s
局11 Stockfish_skill_3 Bd6 1.00s
局11 v4 Nd1 5.00s
局11 Stockfish_skill_3 Rab8 1.00s
局11 v4 Bg5 5.00s
局11 Stockfish_skill_3 Rdc8 1.00s
局11 v4 Ne3 5.00s
局11 Stockfish_skill_3 h6 1.00s
局11 v4 Bh4 5.00s
局11 Stockfish_skill_3 f4 1.00s
局11 v4 Ng4 5.00s
局11 Stockfish_skill_3 Re8+ 1.00s
局11 v4 Ne5+ 2.37s
局11 Stockfish_skill_3 Bxe5 1.00s
局11 v4 dxe5 4.31s
局11 Stockfish_skill_3 g5 1.00s
局11 v4 Bg3 4.80s
局11 Stockfish_skill_3 c5 1.00s
局11 v4 Rhd1 5.00s
局11 Stockfish_skill_3 Bc8 1.00s
局11 v4 Rd6 5.00s
局11 Stockfish_skill_3 fxg3 1.00s
局11 v4 hxg3 5.00s
局11 Stockfish_skill_3 Rxb2 1.00s
局11 v4 Rxh6 3.57s
局11 Stockfish_skill_3 Kg7 1.00s
局11 v4 Rh5 4.21s
局11 Stockfish_skill_3 Rxc2+ 1.00s
局11 v4 Kd1 0.87s
局11 Stockfish_skill_3 Rxf2 1.00s
局11 v4 Rxg5+ 1.15s
局11 Stockfish_skill_3 Kh6 1.00s
局11 v4 Rc1 2.64s
局11 Stockfish_skill_3 Rf1+ 1.00s
局11 v4 Kd2 0.70s
局11 Stockfish_skill_3 Rxf3 1.00s
局11 v4 Ke2 2.54s
局11 Stockfish_skill_3 Rff8 1.00s
局11 v4 Rg6+ 2.55s
局11 Stockfish_skill_3 Kxg6 1.00s
局11 v4 Rxc5 2.12s
局11 Stockfish_skill_3 Bh3 1.00s
局11 v4 Ra5 3.62s
局11 Stockfish_skill_3 Bf1+ 1.00s
局11 v4 Ke3 2.79s
局11 Stockfish_skill_3 Kg5 1.00s
局11 v4 Kd4 1.16s
局11 Stockfish_skill_3 Rf5 1.00s
局11 v4 Rd5 1.88s
局11 Stockfish_skill_3 Kg4 1.00s
局11 v4 Rc5 2.01s
局11 Stockfish_skill_3 Kf3 1.00s
局11 v4 Rc3+ 0.87s
局11 Stockfish_skill_3 Kg2 1.00s
局11 v4 Re3 2.08s
局11 Stockfish_skill_3 Kf2 1.00s
局11 v4 Re4 2.79s
局11 Stockfish_skill_3 Rg5 1.00s
局11 v4 Rf4+ 2.27s
局11 Stockfish_skill_3 Kg1 1.00s
局11 v4 Rf3 2.48s
局11 Stockfish_skill_3 Rexe5 1.00s
局11 v4 g4 5.00s
局11 Stockfish_skill_3 Rc5 1.00s
局11 v4 Rg3+ 1.91s
局11 Stockfish_skill_3 Kh2 1.00s
局11 v4 Rf3 1.13s
局11 Stockfish_skill_3 Rc4+ 1.00s
局11 v4 Ke3 0.96s
局11 Stockfish_skill_3 Re5+ 1.00s
局11 v4 Kd2 1.47s
局11 Stockfish_skill_3 Kg1 1.00s
局11 v4 Rf5 1.88s
局11 Stockfish_skill_3 Re2+ 1.00s
局11 v4 Kd3 0.79s
局11 Stockfish_skill_3 Ree4+ 1.00s
局11 v4 Rxf1+ 0.41s
局11 Stockfish_skill_3 Kxf1 1.00s
局11 v4 g5 0.64s
局11 Stockfish_skill_3 Kf2 0.06s
局11 v4 Kd2 0.50s
局11 Stockfish_skill_3 Re7 0.01s
局11 v4 Kd3 0.56s
局11 Stockfish_skill_3 Ree4 1.00s
局11 v4 Kd2 0.66s
局11 Stockfish_skill_3 Rf4 0.01s
局11 v4 a5 0.56s
局11 Stockfish_skill_3 Rh4 0.01s
局11 v4 g6 0.66s
局11 Stockfish_skill_3 Rhe4 0.01s
局11 v4 g7 0.59s
局11 Stockfish_skill_3 Rh4 0.01s
局11 v4 g8=Q 0.62s
局11 Stockfish_skill_3 Rhd4# 1.00s
局11结束 0-1 CHECKMATE
局12 Stockfish_skill_3 Ba4 1.01s
局12 v4 Qf6 5.01s
局12 Stockfish_skill_3 O-O 1.00s
局12 v4 Nge7 5.00s
局12 Stockfish_skill_3 Re1 1.00s
局12 v4 a5 5.00s
局12 Stockfish_skill_3 c3 1.00s
局12 v4 Ra6 5.00s
局12 Stockfish_skill_3 d4 1.00s
局12 v4 exd4 5.00s
局12 Stockfish_skill_3 Bg5 1.00s
局12 v4 Qg6 5.00s
局12 Stockfish_skill_3 Bc1 1.00s
局12 v4 dxc3 5.00s
局12 Stockfish_skill_3 Nxc3 1.00s
局12 v4 h6 5.00s
局12 Stockfish_skill_3 Bf4 1.00s
局12 v4 Kd8 5.01s
局12 Stockfish_skill_3 Rc1 1.00s
局12 v4 d6 5.00s
局12 Stockfish_skill_3 Re3 1.00s
局12 v4 Qf6 5.00s
局12 Stockfish_skill_3 Ne2 1.00s
局12 v4 Qxb2 5.00s
局12 Stockfish_skill_3 Rb3 1.00s
局12 v4 Qf6 5.00s
局12 Stockfish_skill_3 Bb5 1.00s
局12 v4 a4 5.00s
局12 Stockfish_skill_3 Rd3 1.00s
局12 v4 Ra5 5.00s
局12 Stockfish_skill_3 e5 1.00s
局12 v4 Qf5 5.00s
局12 Stockfish_skill_3 exd6 1.00s
局12 v4 Qxb5 5.00s
局12 Stockfish_skill_3 dxc7+ 1.00s
局12 v4 Ke8 2.31s
局12 Stockfish_skill_3 Rd8+ 1.00s
局12 v4 Nxd8 3.64s
局12 Stockfish_skill_3 Qxd8# 1.00s
局12结束 1-0 CHECKMATE
