C:\Users\maxw\chess_ai\.venv\Lib\site-packages\torch\jit\_trace.py:1006: FutureWarning: `torch.jit.trace` is deprecated. Please switch to `torch.compile` or `torch.export`.
  warnings.warn(
C:\Users\maxw\chess_ai\.venv\Lib\site-packages\torch\jit\_trace.py:1145: FutureWarning: `torch.jit.trace_method` is deprecated. Please switch to `torch.compile` or `torch.export`.
  warnings.warn(
C:\Users\maxw\chess_ai\.venv\Lib\site-packages\torch\jit\_freeze.py:106: FutureWarning: `torch.jit.freeze` is deprecated. Please use `torch.compile` instead.
  warnings.warn(
局13 v4 Qxd4 5.01s
局13 Stockfish_skill_3 a6 1.02s
局13 v4 Nc3 5.00s
局13 Stockfish_skill_3 Nc6 1.00s
局13 v4 Qd5 5.01s
局13 Stockfish_skill_3 e6 1.00s
局13 v4 Qh5 5.00s
局13 Stockfish_skill_3 Nf6 1.00s
局13 v4 Qh4 5.00s
局13 Stockfish_skill_3 b5 1.00s
局13 v4 Be3 5.01s
局13 Stockfish_skill_3 b4 1.00s
局13 v4 Nd1 5.00s
局13 Stockfish_skill_3 Ne7 1.00s
局13 v4 Bd3 5.01s
局13 Stockfish_skill_3 Bb7 1.00s
局13 v4 Bg5 5.00s
局13 Stockfish_skill_3 Qa5 1.00s
局13 v4 Bxf6 5.01s
局13 Stockfish_skill_3 gxf6 1.00s
局13 v4 O-O 5.01s
局13 Stockfish_skill_3 Ng6 1.00s
局13 v4 Qxf6 5.01s
局13 Stockfish_skill_3 Be7 1.00s
局13 v4 Qg7 5.01s
局13 Stockfish_skill_3 Qb6 1.00s
局13 v4 Ne3 5.01s
局13 Stockfish_skill_3 a5 1.00s
局13 v4 Nc4 5.01s
局13 Stockfish_skill_3 Qc7 1.00s
局13 v4 Ncd2 5.00s
局13 Stockfish_skill_3 Bf8 1.00s
局13 v4 Qf6 5.01s
局13 Stockfish_skill_3 Bh6 1.00s
局13 v4 Bb5+ 5.01s
局13 Stockfish_skill_3 Kf8 1.00s
局13 v4 Nh4 5.01s
局13 Stockfish_skill_3 Kg8 1.00s
局13 v4 Nxg6 5.01s
局13 Stockfish_skill_3 hxg6 1.00s
局13 v4 Nf3 5.01s
局13 Stockfish_skill_3 Bg7 1.00s
局13 v4 Qf4 5.00s
局13 Stockfish_skill_3 a4 1.00s
局13 v4 c3 5.00s
局13 Stockfish_skill_3 Bh6 1.00s
局13 v4 Qg4 5.00s
局13 Stockfish_skill_3 Bc8 1.00s
局13 v4 cxb4 5.00s
局13 Stockfish_skill_3 e5 1.00s
局13 v4 Qh4 5.01s
局13 Stockfish_skill_3 Rb8 1.00s
局13 v4 Bxa4 5.00s
局13 Stockfish_skill_3 Kg7 1.00s
局13 v4 Ng5 5.00s
局13 Stockfish_skill_3 Qe7 1.00s
局13 v4 Nf3 5.00s
局13 Stockfish_skill_3 Qc7 1.00s
局13 v4 Ng5 5.00s
局13 Stockfish_skill_3 Qe7 1.00s
局13 v4 f4 5.00s
局13 Stockfish_skill_3 f6 1.00s
局13 v4 Nf3 5.01s
局13 Stockfish_skill_3 d5 1.00s
局13 v4 exd5 5.00s
局13 Stockfish_skill_3 Bxf4 1.00s
局13 v4 Qf2 5.01s
局13 Stockfish_skill_3 Qxb4 1.00s
局13 v4 Bc6 5.00s
局13 Stockfish_skill_3 e4 1.00s
局13 v4 Nh4 5.00s
局13 Stockfish_skill_3 g5 1.00s
局13 v4 Qa7+ 5.00s
局13 Stockfish_skill_3 Bb7 1.00s
局13 v4 Rxf4 5.00s
局13 Stockfish_skill_3 gxf4 1.00s
局13 v4 Nf5+ 5.00s
局13 Stockfish_skill_3 Kg6 1.00s
局13 v4 a3 5.00s
局13 Stockfish_skill_3 Qd2 1.00s
局13 v4 Ne7+ 5.00s
局13 Stockfish_skill_3 Kf7 1.00s
局13 v4 Nf5 5.00s
局13 Stockfish_skill_3 f3 1.00s
局13 v4 Qf2 5.01s
局13 Stockfish_skill_3 Qxf2+ 1.00s
局13 v4 Kxf2 1.98s
局13 Stockfish_skill_3 Bxc6 1.00s
局13 v4 dxc6 5.00s
局13 Stockfish_skill_3 Rxb2+ 1.00s
局13 v4 Kg1 5.00s
局13 Stockfish_skill_3 Rxg2+ 1.00s
局13 v4 Kf1 1.79s
局13 Stockfish_skill_3 Rhxh2 1.00s
局13 v4 Ng3 1.63s
局13 Stockfish_skill_3 Rxg3 1.00s
局13 v4 Rd1 1.41s
局13 Stockfish_skill_3 Rgg2 1.00s
局13 v4 Rd7+ 0.18s
局13 Stockfish_skill_3 Kg6 0.02s
局13 v4 Rg7+ 0.14s
局13 Stockfish_skill_3 Kxg7 1.00s
局13 v4 a4 0.68s
局13 Stockfish_skill_3 Kf7 0.01s
局13 v4 a5 0.79s
局13 Stockfish_skill_3 f5 0.01s
局13 v4 a6 0.87s
局13 Stockfish_skill_3 e3 0.01s
局13 v4 c7 0.92s
局13 Stockfish_skill_3 Rg3 0.01s
局13 v4 c8=Q 0.51s
局13 Stockfish_skill_3 Rh1# 1.00s
局13结束 0-1 CHECKMATE
局14 Stockfish_skill_3 Bb5+ 1.02s
局14 v4 Nd7 5.00s
局14 Stockfish_skill_3 c3 1.00s
局14 v4 dxc3 5.00s
局14 Stockfish_skill_3 b4 1.00s
局14 v4 Qc7 5.00s
局14 Stockfish_skill_3 Qb3 1.00s
局14 v4 c2 5.00s
局14 Stockfish_skill_3 Nbd2 1.00s
局14 v4 Nf6 5.00s
局14 Stockfish_skill_3 O-O 1.00s
局14 v4 a5 5.00s
局14 Stockfish_skill_3 bxa5 1.00s
局14 v4 Rxa5 5.00s
局14 Stockfish_skill_3 Nc4 1.00s
局14 v4 Ra7 5.00s
局14 Stockfish_skill_3 Be3 1.00s
局14 v4 Ra8 5.00s
局14 Stockfish_skill_3 Rac1 1.00s
局14 v4 Kd8 5.00s
局14 Stockfish_skill_3 e5 1.00s
局14 v4 dxe5 5.00s
局14 Stockfish_skill_3 Nfxe5 1.00s
局14 v4 Nxe5 5.00s
局14 Stockfish_skill_3 Bb6 1.00s
局14 v4 Be6 5.00s
局14 Stockfish_skill_3 Qxc2 1.00s
局14 v4 Nxc4 3.13s
局14 Stockfish_skill_3 Bxc7+ 1.00s
局14 v4 Kxc7 4.90s
局14 Stockfish_skill_3 Qb3 1.00s
局14 v4 Kd6 5.00s
局14 Stockfish_skill_3 Qb4+ 1.00s
局14 v4 Ke5 5.00s
局14 Stockfish_skill_3 Bxc4 1.00s
局14 v4 Kf5 5.00s
局14 Stockfish_skill_3 Bd3+ 1.00s
局14 v4 Kg5 5.00s
局14 Stockfish_skill_3 Rc5+ 1.00s
局14 v4 Nd5 5.00s
局14 Stockfish_skill_3 h4+ 1.00s
局14 v4 Kh5 5.00s
局14 Stockfish_skill_3 Qd2 1.00s
局14 v4 Kxh4 5.00s
局14 Stockfish_skill_3 Be2 1.00s
局14 v4 Bg4 5.00s
局14 Stockfish_skill_3 Qxd5 1.00s
局14 v4 f5 5.00s
局14 Stockfish_skill_3 Rc4 1.00s
局14 v4 e5 5.00s
局14 Stockfish_skill_3 Qxe5 1.00s
局14 v4 Bd6 5.00s
局14 Stockfish_skill_3 Rxg4+ 1.00s
局14 v4 fxg4 1.31s
局14 Stockfish_skill_3 g3+ 1.00s
局14 v4 Kh3 0.95s
局14 Stockfish_skill_3 Qg5 0.02s
局14 v4 Ra4 1.16s
局14 Stockfish_skill_3 Qh5# 0.01s
局14结束 1-0 CHECKMATE
