C:\Users\maxw\chess_ai\.venv\Lib\site-packages\torch\jit\_trace.py:1006: FutureWarning: `torch.jit.trace` is deprecated. Please switch to `torch.compile` or `torch.export`.
  warnings.warn(
C:\Users\maxw\chess_ai\.venv\Lib\site-packages\torch\jit\_trace.py:1145: FutureWarning: `torch.jit.trace_method` is deprecated. Please switch to `torch.compile` or `torch.export`.
  warnings.warn(
C:\Users\maxw\chess_ai\.venv\Lib\site-packages\torch\jit\_freeze.py:106: FutureWarning: `torch.jit.freeze` is deprecated. Please use `torch.compile` instead.
  warnings.warn(
局5 v4 O-O 5.01s
局5 Stockfish_skill_3 Nf6 1.02s
局5 v4 Ng5 5.00s
局5 Stockfish_skill_3 O-O 1.00s
局5 v4 d4 5.01s
局5 Stockfish_skill_3 Nxd4 1.00s
局5 v4 Be3 5.00s
局5 Stockfish_skill_3 d5 1.00s
局5 v4 exd5 5.00s
局5 Stockfish_skill_3 Ng4 1.00s
局5 v4 d6 5.00s
局5 Stockfish_skill_3 Bxd6 1.00s
局5 v4 Qd3 5.00s
局5 Stockfish_skill_3 Bf5 1.00s
局5 v4 Bxf7+ 5.00s
局5 Stockfish_skill_3 Kh8 1.00s
局5 v4 Qd2 5.00s
局5 Stockfish_skill_3 Nxc2 1.00s
局5 v4 Be6 5.00s
局5 Stockfish_skill_3 Nxa1 1.00s
局5 v4 Nf7+ 5.00s
局5 Stockfish_skill_3 Rxf7 1.00s
局5 v4 Bxf7 5.00s
局5 Stockfish_skill_3 Nc2 1.00s
局5 v4 Bg5 5.00s
局5 Stockfish_skill_3 Qc8 1.00s
局5 v4 h3 5.00s
局5 Stockfish_skill_3 Bb4 1.00s
局5 v4 Nc3 5.01s
局5 Stockfish_skill_3 Nf6 1.00s
局5 v4 Bxf6 5.00s
局5 Stockfish_skill_3 gxf6 1.00s
局5 v4 Qh6 5.01s
局5 Stockfish_skill_3 Bf8 1.00s
局5 v4 Qxf6+ 5.00s
局5 Stockfish_skill_3 Bg7 1.00s
局5 v4 Qe7 5.00s
局5 Stockfish_skill_3 Rb8 1.00s
局5 v4 Bb3 5.00s
局5 Stockfish_skill_3 Nd4 1.00s
局5 v4 Bc4 5.00s
局5 Stockfish_skill_3 Qf8 1.00s
局5 v4 Qxf8+ 5.00s
局5 Stockfish_skill_3 Rxf8 1.00s
局5 v4 f4 5.00s
局5 Stockfish_skill_3 exf4 1.00s
局5 v4 Rxf4 5.00s
局5 Stockfish_skill_3 Bd7 1.00s
局5 v4 Rxf8+ 5.00s
局5 Stockfish_skill_3 Bxf8 1.00s
局5 v4 Ne4 5.00s
局5 Stockfish_skill_3 Bf5 1.00s
局5 v4 Ng5 3.87s
局5 Stockfish_skill_3 h6 1.00s
局5 v4 Nf7+ 1.99s
局5 Stockfish_skill_3 Kg7 1.00s
局5 v4 a4 5.00s
局5 Stockfish_skill_3 h5 1.00s
局5 v4 h4 5.00s
局5 Stockfish_skill_3 Bg4 1.00s
局5 v4 a5 5.00s
局5 Stockfish_skill_3 Be7 1.00s
局5 v4 Bd5 5.00s
局5 Stockfish_skill_3 Bf6 1.00s
局5 v4 Kh2 5.00s
局5 Stockfish_skill_3 b6 1.00s
局5 v4 axb6 2.63s
局5 Stockfish_skill_3 cxb6 1.00s
局5 v4 Ng5 4.48s
局5 Stockfish_skill_3 Be2 1.00s
局5 v4 Kh1 5.01s
局5 Stockfish_skill_3 Be5 1.00s
局5 v4 Nf7 5.00s
局5 Stockfish_skill_3 Bg3 1.00s
局5 v4 Ng5 2.54s
局5 Stockfish_skill_3 Bxh4 1.00s
局5 v4 Ne6+ 3.60s
局5 Stockfish_skill_3 Kf6 1.00s
局5 v4 Nxd4 1.72s
局5 Stockfish_skill_3 Bd3 1.00s
局5 v4 Bg8 5.00s
局5 Stockfish_skill_3 a5 1.00s
局5 v4 Kg1 3.49s
局5 Stockfish_skill_3 Ke7 1.00s
局5 v4 Ne6 3.91s
局5 Stockfish_skill_3 Bg3 1.00s
局5 v4 Nd4 2.18s
局5 Stockfish_skill_3 Kf6 1.00s
局5 v4 Nc6 3.18s
局5 Stockfish_skill_3 h4 1.00s
局5 v4 b3 3.89s
局5 Stockfish_skill_3 Be4 1.00s
局5 v4 Nd4 2.67s
局5 Stockfish_skill_3 Ke5 1.00s
局5 v4 Nb5 1.89s
局5 Stockfish_skill_3 Bg6 1.00s
局5 v4 Nc7 2.06s
局5 Stockfish_skill_3 Be4 1.00s
局5 v4 Nb5 3.38s
局5 Stockfish_skill_3 Bf5 1.00s
局5 v4 Nc3 3.76s
局5 Stockfish_skill_3 Kd4 1.00s
局5 v4 Ne2+ 1.95s
局5 Stockfish_skill_3 Kc5 1.00s
局5 v4 Nxg3 3.26s
局5 Stockfish_skill_3 hxg3 1.00s
局5 v4 Bc4 1.04s
局5 Stockfish_skill_3 Kb4 1.00s
局5 v4 Bd5 0.56s
局5 Stockfish_skill_3 Bd3 1.00s
局5 v4 Bf7 0.57s
局5 Stockfish_skill_3 Kc3 1.00s
局5 v4 Bg8 0.67s
局5 Stockfish_skill_3 Be2 1.00s
局5 v4 Be6 0.66s
局5 Stockfish_skill_3 Kc2 1.00s
局5 v4 Bd5 0.92s
局5 Stockfish_skill_3 Bd3 1.00s
局5 v4 Be6 1.13s
局5 Stockfish_skill_3 Be2 1.00s
局5 v4 Bd5 0.90s
局5 Stockfish_skill_3 b5 1.00s
局5 v4 Bg8 0.91s
局5 Stockfish_skill_3 Kc3 1.00s
局5 v4 Be6 0.63s
局5 Stockfish_skill_3 a4 1.00s
局5 v4 bxa4 0.51s
局5 Stockfish_skill_3 bxa4 1.00s
局5 v4 Bd7 0.77s
局5 Stockfish_skill_3 a3 1.00s
局5 v4 Be6 0.82s
局5 Stockfish_skill_3 Bc4 1.00s
局5 v4 Bxc4 0.19s
局5 Stockfish_skill_3 Kxc4 1.00s
局5 v4 Kf1 0.09s
局5 Stockfish_skill_3 Kd3 1.00s
局5 v4 Ke1 0.07s
局5 Stockfish_skill_3 a2 1.00s
局5 v4 Kd1 0.10s
局5 Stockfish_skill_3 a1=R# 1.00s
局5结束 0-1 CHECKMATE
局6 Stockfish_skill_3 c3 1.02s
局6 v4 Qf6 5.01s
局6 Stockfish_skill_3 O-O 1.00s
局6 v4 d6 5.00s
局6 Stockfish_skill_3 d4 1.00s
局6 v4 exd4 5.00s
局6 Stockfish_skill_3 Nbd2 1.00s
局6 v4 dxc3 5.01s
局6 Stockfish_skill_3 bxc3 1.00s
局6 v4 Qxc3 5.00s
局6 Stockfish_skill_3 Bxf7+ 1.00s
局6 v4 Kxf7 5.00s
局6 Stockfish_skill_3 Rb1 1.00s
局6 v4 Qf6 5.00s
局6 Stockfish_skill_3 Rxb7 1.00s
局6 v4 Bxb7 5.00s
局6 Stockfish_skill_3 Bb2 1.00s
局6 v4 Qxb2 5.00s
局6 Stockfish_skill_3 Ng5+ 1.00s
局6 v4 Kg6 5.00s
局6 Stockfish_skill_3 Qg4 1.00s
局6 v4 Nh6 4.79s
局6 Stockfish_skill_3 Qd7 1.00s
局6 v4 Qxd2 5.01s
局6 Stockfish_skill_3 Ne6 1.00s
局6 v4 Qb2 5.00s
局6 Stockfish_skill_3 h4 1.00s
局6 v4 Bb6 5.00s
局6 Stockfish_skill_3 Nf4+ 1.00s
局6 v4 Kf6 0.73s
局6 Stockfish_skill_3 Qe6# 1.00s
局6结束 1-0 CHECKMATE
