C:\Users\maxw\chess_ai\.venv\Lib\site-packages\torch\jit\_trace.py:1006: FutureWarning: `torch.jit.trace` is deprecated. Please switch to `torch.compile` or `torch.export`.
  warnings.warn(
C:\Users\maxw\chess_ai\.venv\Lib\site-packages\torch\jit\_trace.py:1145: FutureWarning: `torch.jit.trace_method` is deprecated. Please switch to `torch.compile` or `torch.export`.
  warnings.warn(
C:\Users\maxw\chess_ai\.venv\Lib\site-packages\torch\jit\_freeze.py:106: FutureWarning: `torch.jit.freeze` is deprecated. Please use `torch.compile` instead.
  warnings.warn(
局21 v4 e4 5.00s
局21 Stockfish_skill_3 O-O 1.01s
局21 v4 e5 5.00s
局21 Stockfish_skill_3 Ne8 1.00s
局21 v4 Qe2 5.00s
局21 Stockfish_skill_3 Na6 1.00s
局21 v4 Be3 5.00s
局21 Stockfish_skill_3 c6 1.00s
局21 v4 O-O-O 5.00s
局21 Stockfish_skill_3 d6 1.00s
局21 v4 h4 5.00s
局21 Stockfish_skill_3 h5 1.00s
局21 v4 a3 5.00s
局21 Stockfish_skill_3 Qc7 1.00s
局21 v4 exd6 5.00s
局21 Stockfish_skill_3 Nxd6 1.00s
局21 v4 c5 5.00s
局21 Stockfish_skill_3 Nb5 1.00s
局21 v4 Nxb5 5.00s
局21 Stockfish_skill_3 cxb5 1.00s
局21 v4 Qxb5 5.00s
局21 Stockfish_skill_3 Rb8 1.00s
局21 v4 a4 5.00s
局21 Stockfish_skill_3 Rd8 1.00s
局21 v4 Nf3 5.00s
局21 Stockfish_skill_3 b6 1.00s
局21 v4 c6 5.00s
局21 Stockfish_skill_3 Rd6 1.00s
局21 v4 d5 5.00s
局21 Stockfish_skill_3 Nc5 1.00s
局21 v4 Qc4 5.00s
局21 Stockfish_skill_3 Bf5 1.00s
局21 v4 Be2 5.00s
局21 Stockfish_skill_3 Rbd8 1.00s
局21 v4 Bxc5 5.00s
局21 Stockfish_skill_3 bxc5 1.00s
局21 v4 Qxc5 5.00s
局21 Stockfish_skill_3 e6 1.00s
局21 v4 Ng5 5.00s
局21 Stockfish_skill_3 Rxd5 1.00s
局21 v4 Rxd5 5.00s
局21 Stockfish_skill_3 Rxd5 1.00s
局21 v4 Qb4 5.00s
局21 Stockfish_skill_3 Rd4 1.00s
局21 v4 Qa3 5.01s
局21 Stockfish_skill_3 Be5 1.00s
局21 v4 Nh3 5.00s
局21 Stockfish_skill_3 g5 1.00s
局21 v4 Qf3 5.01s
局21 Stockfish_skill_3 Rd5 1.00s
局21 v4 Bc4 5.00s
局21 Stockfish_skill_3 Qxc6 1.00s
局21 v4 Qb3 5.00s
局21 Stockfish_skill_3 Rc5 1.00s
局21 v4 hxg5 5.00s
局21 Stockfish_skill_3 Rxc4+ 1.00s
局21 v4 Kd2 5.00s
局21 Stockfish_skill_3 Rc2+ 1.00s
局21 v4 Ke1 5.00s
局21 Stockfish_skill_3 Qe4+ 1.00s
局21 v4 Qe3 2.57s
局21 Stockfish_skill_3 Rc1+ 1.00s
局21 v4 Ke2 2.67s
局21 Stockfish_skill_3 Qc2+ 1.00s
局21 v4 Qd2 2.15s
局21 Stockfish_skill_3 Qc4+ 1.00s
局21 v4 Ke3 3.35s
局21 Stockfish_skill_3 Qe4# 1.00s
局21结束 0-1 CHECKMATE
局22 Stockfish_skill_3 e4 1.01s
局22 v4 d6 5.01s
局22 Stockfish_skill_3 Nf3 1.00s
局22 v4 a5 5.00s
局22 Stockfish_skill_3 Bg5 1.00s
局22 v4 Bd7 5.00s
局22 Stockfish_skill_3 e5 1.00s
局22 v4 dxe5 5.00s
局22 Stockfish_skill_3 dxe5 1.00s
局22 v4 Nh5 5.01s
局22 Stockfish_skill_3 Qc2 1.00s
局22 v4 f6 5.01s
局22 Stockfish_skill_3 Be3 1.00s
局22 v4 fxe5 5.00s
局22 Stockfish_skill_3 O-O-O 1.00s
局22 v4 O-O 5.00s
局22 Stockfish_skill_3 Qd2 1.00s
局22 v4 c6 5.00s
局22 Stockfish_skill_3 c5 1.00s
局22 v4 Qc7 5.01s
局22 Stockfish_skill_3 Bc4+ 1.00s
局22 v4 e6 5.00s
局22 Stockfish_skill_3 Na4 1.00s
局22 v4 Ra7 5.00s
局22 Stockfish_skill_3 Nb6 1.00s
局22 v4 Nf4 5.00s
局22 Stockfish_skill_3 Bxf4 1.00s
局22 v4 Rxf4 5.00s
局22 Stockfish_skill_3 Ng5 1.00s
局22 v4 Rd4 5.00s
局22 Stockfish_skill_3 Qc3 1.00s
局22 v4 Bh6 5.00s
局22 Stockfish_skill_3 Qe3 1.00s
局22 v4 Bxg5 5.00s
局22 Stockfish_skill_3 Qxg5 1.00s
局22 v4 Kf7 5.00s
局22 Stockfish_skill_3 Qg3 1.00s
局22 v4 Rf4 5.00s
局22 Stockfish_skill_3 h4 1.00s
局22 v4 h6 5.00s
局22 Stockfish_skill_3 Rhe1 1.00s
局22 v4 g5 5.00s
局22 Stockfish_skill_3 hxg5 1.00s
局22 v4 hxg5 5.00s
局22 Stockfish_skill_3 Qxg5 1.00s
局22 v4 Rd4 5.00s
局22 Stockfish_skill_3 Rxd4 1.00s
局22 v4 exd4 5.01s
局22 Stockfish_skill_3 Rh1 1.00s
局22 v4 d3 5.00s
局22 Stockfish_skill_3 Rh7+ 1.00s
局22 v4 Kf8 2.92s
局22 Stockfish_skill_3 Qe7+ 0.08s
局22 v4 Kg8 2.69s
局22 Stockfish_skill_3 Qf7# 0.04s
局22结束 1-0 CHECKMATE
