C:\Users\maxw\chess_ai\.venv\Lib\site-packages\torch\jit\_trace.py:1006: FutureWarning: `torch.jit.trace` is deprecated. Please switch to `torch.compile` or `torch.export`.
  warnings.warn(
C:\Users\maxw\chess_ai\.venv\Lib\site-packages\torch\jit\_trace.py:1145: FutureWarning: `torch.jit.trace_method` is deprecated. Please switch to `torch.compile` or `torch.export`.
  warnings.warn(
C:\Users\maxw\chess_ai\.venv\Lib\site-packages\torch\jit\_freeze.py:106: FutureWarning: `torch.jit.freeze` is deprecated. Please use `torch.compile` instead.
  warnings.warn(
局15 v4 e5 5.01s
局15 Stockfish_skill_3 Ne4 1.01s
局15 v4 Nf3 5.00s
局15 Stockfish_skill_3 c5 1.00s
局15 v4 dxc5 5.01s
局15 Stockfish_skill_3 Qa5 1.00s
局15 v4 Bb5+ 5.01s
局15 Stockfish_skill_3 Nc6 1.00s
局15 v4 b4 5.00s
局15 Stockfish_skill_3 Qxb4 1.00s
局15 v4 Bd2 5.00s
局15 Stockfish_skill_3 Nxc3 1.00s
局15 v4 Bxc3 5.01s
局15 Stockfish_skill_3 Qxb5 1.00s
局15 v4 Ng5 5.01s
局15 Stockfish_skill_3 Qxc5 1.00s
局15 v4 Qf3 5.01s
局15 Stockfish_skill_3 Nd8 1.00s
局15 v4 O-O 5.00s
局15 Stockfish_skill_3 Qc6 1.00s
局15 v4 Rfd1 5.01s
局15 Stockfish_skill_3 Bd7 1.00s
局15 v4 Ba5 5.00s
局15 Stockfish_skill_3 h6 1.00s
局15 v4 Bxd8 5.00s
局15 Stockfish_skill_3 hxg5 1.00s
局15 v4 Bxg5 5.00s
局15 Stockfish_skill_3 a6 1.00s
局15 v4 Qd3 5.00s
局15 Stockfish_skill_3 Qc5 1.00s
局15 v4 Rab1 5.00s
局15 Stockfish_skill_3 Qc7 1.00s
局15 v4 h4 5.01s
局15 Stockfish_skill_3 Bb5 1.00s
局15 v4 Rxb5 5.01s
局15 Stockfish_skill_3 axb5 1.00s
局15 v4 Qxb5+ 5.01s
局15 Stockfish_skill_3 Qc6 1.00s
局15 v4 Qb2 5.00s
局15 Stockfish_skill_3 Bc5 1.00s
局15 v4 Qb3 5.00s
局15 Stockfish_skill_3 Qb6 1.00s
局15 v4 Qxb6 5.00s
局15 Stockfish_skill_3 Bxb6 1.00s
局15 v4 Rb1 4.57s
局15 Stockfish_skill_3 Bd8 1.00s
局15 v4 Rxb7 4.07s
局15 Stockfish_skill_3 Rc8 1.00s
局15 v4 c3 5.00s
局15 Stockfish_skill_3 d4 1.00s
局15 v4 Bxd8 4.31s
局15 Stockfish_skill_3 O-O 1.00s
局15 v4 Be7 2.97s
局15 Stockfish_skill_3 Rb8 1.00s
局15 v4 Rxb8 2.60s
局15 Stockfish_skill_3 Rxb8 1.00s
局15 v4 cxd4 1.05s
局15 Stockfish_skill_3 Rb1+ 1.00s
局15 v4 Kh2 0.45s
局15 Stockfish_skill_3 Rf1 1.00s
局15 v4 Kg3 1.40s
局15 Stockfish_skill_3 Rd1 1.00s
局15 v4 Bc5 1.53s
局15 Stockfish_skill_3 Ra1 1.00s
局15 v4 a3 1.49s
局15 Stockfish_skill_3 Ra2 1.00s
局15 v4 h5 2.00s
局15 Stockfish_skill_3 f5 1.00s
局15 v4 exf6 1.09s
局15 Stockfish_skill_3 gxf6 1.00s
局15 v4 Be7 2.08s
局15 Stockfish_skill_3 Kg7 1.00s
局15 v4 Kf3 2.19s
局15 Stockfish_skill_3 Kf7 1.00s
局15 v4 Bd6 1.73s
局15 Stockfish_skill_3 f5 1.00s
局15 v4 Kg3 2.00s
局15 Stockfish_skill_3 Rd2 1.00s
局15 v4 Bc5 1.56s
局15 Stockfish_skill_3 Re2 1.00s
局15 v4 Bd6 3.01s
局15 Stockfish_skill_3 Kf6 1.00s
局15 v4 f4 2.24s
局15 Stockfish_skill_3 Rd2 1.00s
局15 v4 Kh3 1.57s
局15 Stockfish_skill_3 Kf7 1.00s
局15 v4 Bc5 1.08s
局15 Stockfish_skill_3 Rf2 1.00s
局15 v4 Bd6 1.71s
局15 Stockfish_skill_3 Rb2 1.00s
局15 v4 Kh2 2.20s
局15 Stockfish_skill_3 Ra2 1.00s
局15 v4 Kh3 1.79s
局15 Stockfish_skill_3 Kf6 1.00s
局15 v4 Kg3 1.64s
局15 Stockfish_skill_3 Kf7 1.00s
局15 v4 Kh3 1.50s
局15 Stockfish_skill_3 Rd2 1.00s
局15 v4 Bc5 1.50s
局15 Stockfish_skill_3 Kf6 1.00s
局15 v4 g4 2.11s
局15 Stockfish_skill_3 Kg7 1.00s
局15 v4 gxf5 1.64s
局15 Stockfish_skill_3 Kf7 1.00s
局15 v4 Kg4 0.99s
局15 Stockfish_skill_3 Rg2+ 1.00s
局15 v4 Kf3 0.61s
局15 Stockfish_skill_3 Rb2 1.00s
局15 v4 Kg4 1.00s
局15 Stockfish_skill_3 Rg2+ 1.00s
局15 v4 Kf3 0.60s
局15 Stockfish_skill_3 Ra2 1.00s
局15 v4 Ke4 1.13s
局15 Stockfish_skill_3 Rh2 1.00s
局15 v4 fxe6+ 0.71s
局15 Stockfish_skill_3 Kxe6 1.00s
局15 v4 d5+ 1.40s
局15 Stockfish_skill_3 Kd7 1.00s
局15 v4 a4 2.88s
局15 Stockfish_skill_3 Rxh5 1.00s
局15 v4 a5 3.58s
局15 Stockfish_skill_3 Rh1 1.00s
局15 v4 Bb6 5.00s
局15 Stockfish_skill_3 Ra1 1.00s
局15 v4 f5 2.65s
局15 Stockfish_skill_3 Re1+ 1.00s
局15 v4 Kd4 1.63s
局15 Stockfish_skill_3 Ra1 1.00s
局15 v4 f6 3.21s
局15 Stockfish_skill_3 Rb1 1.00s
局15 v4 Kc4 2.92s
局15 Stockfish_skill_3 Rc1+ 1.00s
局15 v4 Kd3 1.96s
局15 Stockfish_skill_3 Rb1 1.00s
局15 v4 Kc4 3.41s
局15 Stockfish_skill_3 Ra1 1.00s
局15 v4 Kd3 3.39s
局15 Stockfish_skill_3 Kd6 1.00s
局15 v4 Kc4 2.50s
局15 Stockfish_skill_3 Rc1+ 1.00s
局15 v4 Kd4 1.09s
局15 Stockfish_skill_3 Rf1 1.00s
局15 v4 Bc5+ 0.77s
局15 Stockfish_skill_3 Kc7 1.00s
局15 v4 Be7 2.82s
局15 Stockfish_skill_3 Kd7 1.00s
局15 v4 Kc3 4.10s
局15 Stockfish_skill_3 Rc1+ 1.00s
局15 v4 Kb4 1.64s
局15 Stockfish_skill_3 Rb1+ 1.00s
局15 v4 Kc4 1.85s
局15 Stockfish_skill_3 Rc1+ 1.00s
局15 v4 Kb3 1.65s
局15 Stockfish_skill_3 Rd1 1.00s
局15 v4 Kc4 1.91s
局15 Stockfish_skill_3 Ra1 1.00s
局15 v4 Kb5 1.88s
局15 Stockfish_skill_3 Rd1 1.00s
局15 v4 Kc5 2.15s
局15 Stockfish_skill_3 Ra1 1.00s
局15 v4 Kb6 1.10s
局15 Stockfish_skill_3 Rb1+ 1.00s
局15 v4 Kc5 0.95s
局15 Stockfish_skill_3 Rc1+ 1.00s
局15 v4 Kb6 0.95s
局15 Stockfish_skill_3 Rb1+ 1.00s
局15 v4 Kc5 0.80s
局15 Stockfish_skill_3 Rc1+ 1.00s
局15 v4 Kb5 0.91s
局15 Stockfish_skill_3 Rd1 1.00s
局15 v4 Kc4 1.63s
局15 Stockfish_skill_3 Rc1+ 1.00s
局15 v4 Kb3 1.15s
局15 Stockfish_skill_3 Rb1+ 1.00s
局15 v4 Ka4 1.87s
局15 Stockfish_skill_3 Ra1+ 1.00s
局15 v4 Ba3 0.71s
局15 Stockfish_skill_3 Rf1 1.00s
局15 v4 Be7 1.86s
局15 Stockfish_skill_3 Ra1+ 1.00s
局15 v4 Ba3 0.63s
局15 Stockfish_skill_3 Rf1 1.00s
局15 v4 Kb5 1.94s
局15 Stockfish_skill_3 Rxf6 1.00s
局15 v4 Bb2 2.59s
局15 Stockfish_skill_3 Rf5 1.00s
局15 v4 Kc5 1.37s
局15 Stockfish_skill_3 Rf8 1.00s
局15 v4 Bg7 2.58s
局15 Stockfish_skill_3 Rb8 1.00s
局15 v4 Kc4 2.43s
局15 Stockfish_skill_3 Rc8+ 1.00s
局15 v4 Kb4 1.32s
局15 Stockfish_skill_3 Kd6 1.00s
局15 v4 a6 1.59s
局15 Stockfish_skill_3 Ra8 1.00s
局15 v4 Kb5 1.09s
局15 Stockfish_skill_3 Re8 1.00s
局15 v4 Kc4 1.55s
局15 Stockfish_skill_3 Ra8 1.00s
局15 v4 Kd4 1.50s
局15 Stockfish_skill_3 Kd7 1.00s
局15 v4 Kc3 1.49s
局15 Stockfish_skill_3 Rc8+ 1.00s
局15 v4 Kb4 1.14s
局15 Stockfish_skill_3 Kc7 1.00s
局15 v4 Kc5 1.30s
局15 Stockfish_skill_3 Kd7+ 1.00s
局15 v4 Kb6 1.73s
局15 Stockfish_skill_3 Rb8+ 1.00s
局15 v4 Ka5 0.85s
局15 Stockfish_skill_3 Re8 1.00s
局15 v4 Kb4 2.80s
局15 Stockfish_skill_3 Kd6 1.00s
局15 v4 Kc4 1.98s
局15 Stockfish_skill_3 Rc8+ 1.00s
局15 v4 Kd4 0.72s
局15 Stockfish_skill_3 Ra8 1.00s
局15 v4 a7 0.89s
局15 Stockfish_skill_3 Ke7 1.00s
局15 v4 Bh6 2.06s
局15 Stockfish_skill_3 Kf6 1.00s
局15 v4 Bf4 2.03s
局15 Stockfish_skill_3 Rxa7 1.00s
局15 v4 Kc5 3.11s
局15 Stockfish_skill_3 Ra6 1.00s
局15 v4 Bc7 2.19s
局15 Stockfish_skill_3 Kf5 1.00s
局15 v4 d6 1.50s
局15 Stockfish_skill_3 Ra2 1.00s
局15 v4 d7 0.94s
局15 Stockfish_skill_3 Rc2+ 1.00s
局15 v4 Kb4 0.82s
局15 Stockfish_skill_3 Rd2 1.00s
局15结束 * move_limit_unfinished
局16 Stockfish_skill_3 Bg5 1.01s
局16 v4 dxe4 5.01s
局16 Stockfish_skill_3 g3 1.00s
局16 v4 Qd6 5.01s
局16 Stockfish_skill_3 Bxf6 1.00s
局16 v4 gxf6 5.01s
局16 Stockfish_skill_3 f3 1.00s
局16 v4 e3 5.01s
局16 Stockfish_skill_3 Qd3 1.00s
局16 v4 Nc6 5.00s
局16 Stockfish_skill_3 Rd1 1.00s
局16 v4 Nxd4 5.00s
局16 Stockfish_skill_3 Qxd4 1.00s
局16 v4 Qxd4 4.12s
局16 Stockfish_skill_3 Rxd4 1.00s
局16 v4 Bg7 5.00s
局16 Stockfish_skill_3 Nh3 1.00s
局16 v4 e5 5.00s
局16 Stockfish_skill_3 Rd1 1.00s
局16 v4 O-O 5.01s
局16 Stockfish_skill_3 g4 1.00s
局16 v4 Be6 4.73s
局16 Stockfish_skill_3 Bd3 1.00s
局16 v4 h5 5.00s
局16 Stockfish_skill_3 Rg1 1.00s
局16 v4 Rae8 5.00s
局16 Stockfish_skill_3 Ne4 1.00s
局16 v4 hxg4 3.83s
局16 Stockfish_skill_3 Rxg4 1.00s
局16 v4 Bxg4 2.00s
局16 Stockfish_skill_3 fxg4 1.00s
局16 v4 Re6 2.74s
局16 Stockfish_skill_3 Ke2 1.00s
局16 v4 Rb6 4.42s
局16 Stockfish_skill_3 Rb1 1.00s
局16 v4 Bh6 5.00s
局16 Stockfish_skill_3 Ng1 1.00s
局16 v4 Rd8 5.00s
局16 Stockfish_skill_3 h3 1.00s
局16 v4 Bf4 5.00s
局16 Stockfish_skill_3 Nf3 1.00s
局16 v4 Rd5 5.00s
局16 Stockfish_skill_3 b3 1.00s
局16 v4 Ra5 5.00s
局16 Stockfish_skill_3 Nh4 1.00s
局16 v4 Rxa2 5.00s
局16 Stockfish_skill_3 Nc3 1.00s
局16 v4 Ra5 5.00s
局16 Stockfish_skill_3 Rc1 1.00s
局16 v4 Rc5 5.00s
局16 Stockfish_skill_3 Na4 1.00s
局16 v4 Rd5 4.21s
局16 Stockfish_skill_3 Nxb6 1.00s
局16 v4 axb6 4.06s
局16 Stockfish_skill_3 Kf3 1.00s
局16 v4 e2 5.00s
局16 Stockfish_skill_3 Rg1 1.00s
局16 v4 e4+ 4.54s
局16 Stockfish_skill_3 Kxf4 1.00s
局16 v4 exd3 2.78s
局16 Stockfish_skill_3 cxd3 1.00s
局16 v4 Rxd3 3.20s
局16 Stockfish_skill_3 Ng2 1.00s
局16 v4 Rxh3 5.00s
局16 Stockfish_skill_3 Rc1 1.00s
局16 v4 Rxb3 3.16s
局16 Stockfish_skill_3 Rc2 1.00s
局16 v4 c5 2.65s
局16 Stockfish_skill_3 Ra2 1.00s
局16 v4 Rb1 2.12s
局16 Stockfish_skill_3 Ra4 1.00s
局16 v4 Rg1 1.66s
局16 Stockfish_skill_3 Ra2 1.00s
局16 v4 Rxg2 1.20s
局16 Stockfish_skill_3 Ra1 1.00s
局16 v4 Rf2+ 1.63s
局16 Stockfish_skill_3 Ke3 1.00s
局16 v4 Rh2 1.31s
局16 Stockfish_skill_3 Rb1 1.00s
局16 v4 c4 2.45s
局16 Stockfish_skill_3 Re1 1.00s
局16 v4 c3 1.38s
局16 Stockfish_skill_3 Rxe2 1.00s
局16 v4 c2 0.89s
局16 Stockfish_skill_3 Rxc2 1.00s
局16 v4 Rxc2 0.63s
局16 Stockfish_skill_3 Ke4 1.00s
局16 v4 b5 1.55s
局16 Stockfish_skill_3 g5 1.00s
局16 v4 fxg5 1.29s
局16 Stockfish_skill_3 Kd4 1.00s
局16 v4 b4 3.22s
局16 Stockfish_skill_3 Ke4 1.00s
局16 v4 b3 2.54s
局16 Stockfish_skill_3 Ke3 1.00s
局16 v4 b2 2.58s
局16 Stockfish_skill_3 Kd4 1.00s
局16 v4 b1=Q 4.23s
局16 Stockfish_skill_3 Ke3 0.77s
局16 v4 Qb4 5.00s
局16 Stockfish_skill_3 Kf3 0.00s
局16 v4 Qf4# 0.00s
局16结束 0-1 CHECKMATE
