C:\Users\maxw\chess_ai\.venv\Lib\site-packages\torch\jit\_trace.py:1006: FutureWarning: `torch.jit.trace` is deprecated. Please switch to `torch.compile` or `torch.export`.
  warnings.warn(
C:\Users\maxw\chess_ai\.venv\Lib\site-packages\torch\jit\_trace.py:1145: FutureWarning: `torch.jit.trace_method` is deprecated. Please switch to `torch.compile` or `torch.export`.
  warnings.warn(
C:\Users\maxw\chess_ai\.venv\Lib\site-packages\torch\jit\_freeze.py:106: FutureWarning: `torch.jit.freeze` is deprecated. Please use `torch.compile` instead.
  warnings.warn(
局7 v4 cxd5 5.01s
局7 Stockfish_skill_3 exd5 1.02s
局7 v4 Nf3 5.01s
局7 Stockfish_skill_3 Be6 1.00s
局7 v4 Qb3 5.00s
局7 Stockfish_skill_3 Be7 1.00s
局7 v4 Qxb7 5.01s
局7 Stockfish_skill_3 Qd6 1.00s
局7 v4 Qxa8 5.00s
局7 Stockfish_skill_3 O-O 1.00s
局7 v4 Qxa7 5.00s
局7 Stockfish_skill_3 Bf5 1.00s
局7 v4 Nb5 5.01s
局7 Stockfish_skill_3 Qd7 1.00s
局7 v4 Nc3 5.00s
局7 Stockfish_skill_3 Ne4 1.00s
局7 v4 Ne5 5.00s
局7 Stockfish_skill_3 Bb4 1.00s
局7 v4 Nxd7 5.00s
局7 Stockfish_skill_3 Nc6 1.00s
局7 v4 Qxc7 5.00s
局7 Stockfish_skill_3 Nxd4 1.00s
局7 v4 Nxf8 5.00s
局7 Stockfish_skill_3 g6 1.00s
局7 v4 Be3 5.00s
局7 Stockfish_skill_3 Bd6 1.00s
局7 v4 Qd8 5.00s
局7 Stockfish_skill_3 Nc2+ 1.00s
局7 v4 Kd1 1.89s
局7 Stockfish_skill_3 Nxe3+ 1.00s
局7 v4 fxe3 1.60s
局7 Stockfish_skill_3 Kg7 1.00s
局7 v4 Nxe4 5.00s
局7 Stockfish_skill_3 dxe4 1.00s
局7 v4 Qxd6 5.00s
局7 Stockfish_skill_3 f6 1.00s
局7 v4 Qe7+ 5.00s
局7 Stockfish_skill_3 Kh6 0.15s
局7 v4 Qxh7+ 5.00s
局7 Stockfish_skill_3 Kg5 0.00s
局7 v4 g3 5.00s
局7 Stockfish_skill_3 Bd7 0.00s
局7 v4 Qxg6# 0.00s
局7结束 1-0 CHECKMATE
局8 Stockfish_skill_3 Bg5 1.02s
局8 v4 dxc4 5.00s
局8 Stockfish_skill_3 e3 1.00s
局8 v4 b5 5.01s
局8 Stockfish_skill_3 Qf3 1.00s
局8 v4 c6 5.00s
局8 Stockfish_skill_3 g4 1.00s
局8 v4 Bb4 5.01s
局8 Stockfish_skill_3 Bxf6 1.00s
局8 v4 Qxf6 5.00s
局8 Stockfish_skill_3 Bg2 1.00s
局8 v4 Qh4 5.00s
局8 Stockfish_skill_3 Qg3 1.00s
局8 v4 Qxg3 5.00s
局8 Stockfish_skill_3 hxg3 1.00s
局8 v4 a5 5.00s
局8 Stockfish_skill_3 a3 1.00s
局8 v4 Bxc3+ 4.36s
局8 Stockfish_skill_3 bxc3 1.00s
局8 v4 Bd7 5.00s
局8 Stockfish_skill_3 g5 1.00s
局8 v4 b4 5.00s
局8 Stockfish_skill_3 axb4 1.00s
局8 v4 a4 4.93s
局8 Stockfish_skill_3 Kd2 1.00s
局8 v4 a3 5.00s
局8 Stockfish_skill_3 Bf1 1.00s
局8 v4 h6 5.01s
局8 Stockfish_skill_3 Bxc4 1.00s
局8 v4 Rf8 5.00s
局8 Stockfish_skill_3 gxh6 1.00s
局8 v4 g5 5.00s
局8 Stockfish_skill_3 h7 1.00s
局8 v4 Rh8 3.82s
局8 Stockfish_skill_3 Rh5 1.00s
局8 v4 Ke7 5.00s
局8 Stockfish_skill_3 Rxg5 1.00s
局8 v4 Rxh7 5.00s
局8 Stockfish_skill_3 Nf3 1.00s
局8 v4 Kd6 5.00s
局8 Stockfish_skill_3 Rg8 1.00s
局8 v4 Kc7 5.00s
局8 Stockfish_skill_3 Ng5 1.00s
局8 v4 Rh2 5.00s
局8 Stockfish_skill_3 Ke2 1.00s
局8 v4 Bc8 5.00s
局8 Stockfish_skill_3 Rg7 1.00s
局8 v4 Kb6 5.00s
局8 Stockfish_skill_3 Rxf7 1.00s
局8 v4 Ba6 5.00s
局8 Stockfish_skill_3 Kd3 1.00s
局8 v4 Ra7 3.54s
局8 Stockfish_skill_3 Bxa6 1.00s
局8 v4 Rxf7 3.06s
局8 Stockfish_skill_3 Nxf7 1.00s
局8 v4 Nxa6 2.31s
局8 Stockfish_skill_3 Ne5 1.00s
局8 v4 Rxf2 1.75s
局8 Stockfish_skill_3 Nc4+ 1.00s
局8 v4 Ka7 1.21s
局8 Stockfish_skill_3 g4 1.00s
局8 v4 a2 3.63s
局8 Stockfish_skill_3 Nd2 1.00s
局8 v4 Rg2 2.42s
局8 Stockfish_skill_3 g5 1.00s
局8 v4 Rxg5 1.88s
局8 Stockfish_skill_3 Nc4 1.00s
局8 v4 Rg2 1.88s
局8 Stockfish_skill_3 Nd2 1.00s
局8 v4 Kb8 1.40s
局8 Stockfish_skill_3 Rxa2 1.00s
局8 v4 Ka7 2.47s
局8 Stockfish_skill_3 Ra5 1.00s
局8 v4 Rg1 3.33s
局8 Stockfish_skill_3 Nc4 1.00s
局8 v4 Rd1+ 3.30s
局8 Stockfish_skill_3 Nd2 1.00s
局8 v4 Rg1 2.97s
局8 Stockfish_skill_3 Nc4 1.00s
局8 v4 Rc1 5.00s
局8 Stockfish_skill_3 Ne5 1.00s
局8 v4 Kb6 3.44s
局8 Stockfish_skill_3 Nd7+ 1.00s
局8 v4 Kc7 3.14s
局8 Stockfish_skill_3 Rxa6 1.00s
局8 v4 Kxd7 1.90s
局8 Stockfish_skill_3 e4 1.00s
局8 v4 Kc7 1.55s
局8 Stockfish_skill_3 e5 1.00s
局8 v4 Rg1 2.35s
局8 Stockfish_skill_3 Ra5 1.00s
局8 v4 Rg3+ 2.93s
局8 Stockfish_skill_3 Kc4 1.00s
局8 v4 Kb6 1.78s
局8 Stockfish_skill_3 Ra2 1.00s
局8 v4 Kb7 1.38s
局8 Stockfish_skill_3 Rf2 1.00s
局8 v4 Kc8 2.74s
局8 Stockfish_skill_3 Rf8+ 1.00s
局8 v4 Kc7 1.02s
局8 Stockfish_skill_3 Rf7+ 1.00s
局8 v4 Kd8 1.29s
局8 Stockfish_skill_3 Ra7 1.00s
局8 v4 Rf3 2.07s
局8 Stockfish_skill_3 Kc5 1.00s
局8 v4 Kc8 0.90s
局8 Stockfish_skill_3 Kd6 1.00s
局8 v4 Rxc3 1.48s
局8 Stockfish_skill_3 Rc7+ 1.00s
局8 v4 Kd8 0.69s
局8 Stockfish_skill_3 Ra7 1.00s
局8 v4 Kc8 0.66s
局8 Stockfish_skill_3 Ke7 1.00s
局8 v4 Kb8 1.00s
局8 Stockfish_skill_3 Rd7 1.00s
局8 v4 Rb3 0.93s
局8 Stockfish_skill_3 Kxe6 1.00s
局8 v4 Rxb4 0.75s
局8 Stockfish_skill_3 Kf6 1.00s
局8 v4 Rb2 1.26s
局8 Stockfish_skill_3 e6 1.00s
局8 v4 Re2 2.37s
局8 Stockfish_skill_3 Rh7 1.00s
局8 v4 Kc8 1.92s
局8 Stockfish_skill_3 Rh8+ 1.00s
局8 v4 Kc7 1.67s
局8 Stockfish_skill_3 e7 1.00s
局8 v4 Rf2+ 1.13s
局8 Stockfish_skill_3 Kg6 1.00s
局8 v4 Rg2+ 1.00s
局8 Stockfish_skill_3 Kf5 1.00s
局8 v4 Rf2+ 1.64s
局8 Stockfish_skill_3 Kg6 1.00s
局8 v4 Rg2+ 1.00s
局8 Stockfish_skill_3 Kf5 1.00s
局8 v4 Rf2+ 1.57s
局8结束 1/2-1/2 claimed_threefold
