C:\Users\maxw\chess_ai\.venv\Lib\site-packages\torch\jit\_trace.py:1006: FutureWarning: `torch.jit.trace` is deprecated. Please switch to `torch.compile` or `torch.export`.
  warnings.warn(
C:\Users\maxw\chess_ai\.venv\Lib\site-packages\torch\jit\_trace.py:1145: FutureWarning: `torch.jit.trace_method` is deprecated. Please switch to `torch.compile` or `torch.export`.
  warnings.warn(
C:\Users\maxw\chess_ai\.venv\Lib\site-packages\torch\jit\_freeze.py:106: FutureWarning: `torch.jit.freeze` is deprecated. Please use `torch.compile` instead.
  warnings.warn(
局17 v4 Qe2 5.01s
局17 Stockfish_skill_3 Qxd4 1.02s
局17 v4 Qxe4 5.01s
局17 Stockfish_skill_3 Qd8 1.00s
局17 v4 Bc4 5.00s
局17 Stockfish_skill_3 e6 1.00s
局17 v4 Be3 5.01s
局17 Stockfish_skill_3 Be7 1.00s
局17 v4 Bd3 5.01s
局17 Stockfish_skill_3 Qd6 1.00s
局17 v4 O-O-O 5.01s
局17 Stockfish_skill_3 Qb4 1.00s
局17 v4 Nge2 5.00s
局17 Stockfish_skill_3 Qxe4 1.00s
局17 v4 Nxe4 5.00s
局17 Stockfish_skill_3 h5 1.00s
局17 v4 Nd4 5.01s
局17 Stockfish_skill_3 Kf8 1.00s
局17 v4 h4 5.00s
局17 Stockfish_skill_3 Nf6 1.00s
局17 v4 f3 5.00s
局17 Stockfish_skill_3 Nbd7 1.00s
局17 v4 Bg5 5.00s
局17 Stockfish_skill_3 Nxe4 1.00s
局17 v4 fxe4 5.00s
局17 Stockfish_skill_3 Bxg5+ 1.00s
局17 v4 hxg5 4.14s
局17 Stockfish_skill_3 Ne5 1.00s
局17 v4 Be2 5.00s
局17 Stockfish_skill_3 b6 1.00s
局17 v4 Nf3 5.00s
局17 Stockfish_skill_3 Ng6 1.00s
局17 v4 Rd8+ 5.00s
局17 Stockfish_skill_3 Ke7 1.00s
局17 v4 Rxh8 5.00s
局17 Stockfish_skill_3 Nxh8 1.00s
局17 v4 Rxh5 5.00s
局17 Stockfish_skill_3 Bb7 1.00s
局17 v4 Ne5 5.00s
局17 Stockfish_skill_3 c5 1.00s
局17 v4 Bf3 5.00s
局17 Stockfish_skill_3 Rg8 1.00s
局17 v4 g3 5.01s
局17 Stockfish_skill_3 a6 1.00s
局17 v4 c3 5.00s
局17 Stockfish_skill_3 a5 1.00s
局17 v4 Ng4 5.00s
局17 Stockfish_skill_3 a4 1.00s
局17 v4 c4 5.00s
局17 Stockfish_skill_3 Ra8 1.00s
局17 v4 Ne3 5.01s
局17 Stockfish_skill_3 Ng6 1.00s
局17 v4 Kb1 5.00s
局17 Stockfish_skill_3 Ne5 1.00s
局17 v4 Bg2 5.01s
局17 Stockfish_skill_3 Rd8 1.00s
局17 v4 Rh7 5.00s
局17 Stockfish_skill_3 Rd2 1.00s
局17 v4 Rh4 5.00s
局17 Stockfish_skill_3 Bc6 1.00s
局17 v4 Kc1 5.00s
局17 Stockfish_skill_3 Rf2 1.00s
局17 v4 Kb1 5.00s
局17 Stockfish_skill_3 Re2 1.00s
局17 v4 Ng4 3.74s
局17 Stockfish_skill_3 Re1+ 1.00s
局17 v4 Kc2 1.26s
局17 Stockfish_skill_3 Nxg4 1.00s
局17 v4 Rxg4 2.29s
局17 Stockfish_skill_3 Re2+ 1.00s
局17 v4 Kc3 2.11s
局17 Stockfish_skill_3 Rxg2 1.00s
局17 v4 g6 2.49s
局17 Stockfish_skill_3 f6 1.00s
局17 v4 b3 1.93s
局17 Stockfish_skill_3 f5 1.00s
局17 v4 exf5 1.18s
局17 Stockfish_skill_3 Kf6 1.00s
局17 v4 fxe6 1.18s
局17 Stockfish_skill_3 Rxa2 1.00s
局17 v4 bxa4 1.13s
局17 Stockfish_skill_3 Rg2 1.00s
局17 v4 e7 1.63s
局17 Stockfish_skill_3 Bxa4 1.00s
局17 v4 Re4 0.70s
局17 Stockfish_skill_3 Rxg3+ 1.00s
局17 v4 Kb2 0.75s
局17 Stockfish_skill_3 Rg2+ 1.00s
局17 v4 Ka3 0.67s
局17 Stockfish_skill_3 Be8 1.00s
局17 v4 Re3 1.30s
局17 Stockfish_skill_3 Rg4 1.00s
局17 v4 Rb3 0.85s
局17 Stockfish_skill_3 Rxg6 1.00s
局17 v4 Rxb6+ 0.68s
局17 Stockfish_skill_3 Kxe7 1.00s
局17 v4 Rb7+ 0.52s
局17 Stockfish_skill_3 Kf6 1.00s
局17 v4 Rc7 1.12s
局17 Stockfish_skill_3 Rg5 1.00s
局17 v4 Kb2 1.26s
局17 Stockfish_skill_3 Rg2+ 1.00s
局17 v4 Ka1 0.76s
局17 Stockfish_skill_3 Rg3 1.00s
局17 v4 Rxc5 1.32s
局17 Stockfish_skill_3 g5 1.00s
局17 v4 Rc7 1.88s
局17 Stockfish_skill_3 Re3 1.00s
局17 v4 Kb2 1.95s
局17 Stockfish_skill_3 g4 1.00s
局17 v4 Ra7 1.68s
局17 Stockfish_skill_3 g3 1.00s
局17 v4 Ra1 2.13s
局17 Stockfish_skill_3 g2 1.00s
局17 v4 Kc2 3.19s
局17 Stockfish_skill_3 Ke5 1.00s
局17 v4 Rg1 1.77s
局17 Stockfish_skill_3 Rg3 1.00s
局17 v4 c5 2.90s
局17 Stockfish_skill_3 Bc6 1.00s
局17 v4 Kd2 1.89s
局17 Stockfish_skill_3 Kf5 1.00s
局17 v4 Ke1 3.14s
局17 Stockfish_skill_3 Kg4 1.00s
局17 v4 Kf2 1.95s
局17 Stockfish_skill_3 Kh4 1.00s
局17 v4 Rd1 2.40s
局17 Stockfish_skill_3 Kh3 1.00s
局17 v4 Kg1 0.91s
局17 Stockfish_skill_3 Rf3 1.00s
局17 v4 Re1 1.07s
局17 Stockfish_skill_3 Bb5 1.00s
局17 v4 Re3 0.15s
局17 Stockfish_skill_3 Rxe3 1.00s
局17 v4 Kf2 0.80s
局17 Stockfish_skill_3 g1=Q+ 0.32s
局17 v4 Kxg1 0.39s
局17 Stockfish_skill_3 Kg3 1.00s
局17 v4 Kh1 0.32s
局17 Stockfish_skill_3 Bd7 0.01s
局17 v4 Kg1 0.31s
局17 Stockfish_skill_3 Bb5 0.03s
局17 v4 Kh1 0.41s
局17 Stockfish_skill_3 Bc4 0.01s
局17 v4 c6 0.48s
局17 Stockfish_skill_3 Bb5 0.01s
局17 v4 c7 0.49s
局17 Stockfish_skill_3 Ba6 0.01s
局17 v4 Kg1 0.41s
局17 Stockfish_skill_3 Bb5 0.01s
局17 v4 c8=Q 0.62s
局17 Stockfish_skill_3 Re1# 1.00s
局17结束 0-1 CHECKMATE
局18 Stockfish_skill_3 Nxe4 1.02s
局18 v4 a5 5.00s
局18 Stockfish_skill_3 c3 1.00s
局18 v4 Nh6 5.00s
局18 Stockfish_skill_3 Bd3 1.00s
局18 v4 Bf5 5.01s
局18 Stockfish_skill_3 Bxh6 1.00s
局18 v4 gxh6 5.00s
局18 Stockfish_skill_3 Nf6+ 1.00s
局18 v4 exf6 1.65s
局18 Stockfish_skill_3 Bxf5 1.00s
局18 v4 Qd5 5.00s
局18 Stockfish_skill_3 Qg4 1.00s
局18 v4 Kd8 5.01s
局18 Stockfish_skill_3 Nf3 1.00s
局18 v4 Bd6 5.01s
局18 Stockfish_skill_3 Kd1 1.00s
局18 v4 Re8 5.00s
局18 Stockfish_skill_3 Bd3 1.00s
局18 v4 h5 5.00s
局18 Stockfish_skill_3 Qf5 1.00s
局18 v4 Qxf5 5.00s
局18 Stockfish_skill_3 Bxf5 1.00s
局18 v4 h6 5.00s
局18 Stockfish_skill_3 a4 1.00s
局18 v4 Bf4 5.01s
局18 Stockfish_skill_3 Re1 1.00s
局18 v4 Rxe1+ 2.38s
局18 Stockfish_skill_3 Kxe1 1.00s
局18 v4 Kc7 5.00s
局18 Stockfish_skill_3 Kf1 1.00s
局18 v4 Nd7 5.00s
局18 Stockfish_skill_3 Bc2 1.00s
局18 v4 Rg8 5.00s
局18 Stockfish_skill_3 Bb3 1.00s
局18 v4 Rg7 5.00s
局18 Stockfish_skill_3 g3 1.00s
局18 v4 Bd6 5.00s
局18 Stockfish_skill_3 Re1 1.00s
局18 v4 f5 5.00s
局18 Stockfish_skill_3 Bc2 1.00s
局18 v4 f4 5.00s
局18 Stockfish_skill_3 Re8 1.00s
局18 v4 Nf6 5.00s
局18 Stockfish_skill_3 Rh8 1.00s
局18 v4 fxg3 5.00s
局18 Stockfish_skill_3 hxg3 1.00s
局18 v4 Ng8 5.00s
局18 Stockfish_skill_3 Nh4 1.00s
局18 v4 Nf6 5.00s
局18 Stockfish_skill_3 Rxh6 1.00s
局18 v4 Ne8 5.00s
局18 Stockfish_skill_3 Rh8 1.00s
局18 v4 Nf6 4.57s
局18 Stockfish_skill_3 Kg2 1.00s
局18 v4 Nd5 5.00s
局18 Stockfish_skill_3 Kg1 1.00s
局18 v4 Nf4 5.00s
局18 Stockfish_skill_3 Nf5 1.00s
局18 v4 Rg6 4.50s
局18 Stockfish_skill_3 Rh7 1.00s
局18 v4 Ne2+ 4.85s
局18 Stockfish_skill_3 Kh2 1.00s
局18 v4 Rf6 5.00s
局18 Stockfish_skill_3 Rxh5 1.00s
局18 v4 b5 5.00s
局18 Stockfish_skill_3 Kg2 1.00s
局18 v4 bxa4 5.00s
局18 Stockfish_skill_3 Bxa4 1.00s
局18 v4 Rg6 5.00s
局18 Stockfish_skill_3 Kh3 1.00s
局18 v4 Bf4 5.00s
局18 Stockfish_skill_3 Bd1 1.00s
局18 v4 Nc1 5.00s
局18 Stockfish_skill_3 gxf4 1.00s
局18 v4 Nd3 2.75s
局18 Stockfish_skill_3 Kh4 1.00s
局18 v4 Rg2 5.00s
局18 Stockfish_skill_3 Rg5 1.00s
局18 v4 Rxf2 2.44s
局18 Stockfish_skill_3 Ne3 1.00s
局18 v4 Rxf4+ 5.00s
局18 Stockfish_skill_3 Kh5 1.00s
局18 v4 Re4 5.00s
局18 Stockfish_skill_3 Rg3 1.00s
局18 v4 Rf4 5.00s
局18 Stockfish_skill_3 Rg2 1.00s
局18 v4 Nf2 5.00s
局18 Stockfish_skill_3 Bc2 1.00s
局18 v4 Rf3 5.00s
局18 Stockfish_skill_3 Nc4 1.00s
局18 v4 Rh3+ 4.24s
局18 Stockfish_skill_3 Kg5 1.00s
局18 v4 Rf3 3.34s
局18 Stockfish_skill_3 Nd2 1.00s
局18 v4 Nh3+ 1.78s
局18 Stockfish_skill_3 Kh4 1.00s
局18 v4 Nf4 2.12s
局18 Stockfish_skill_3 Nxf3 1.00s
局18 v4 Nxg2+ 1.22s
局18 Stockfish_skill_3 Kg5 1.00s
局18 v4 Ne3 1.59s
局18 Stockfish_skill_3 Ba4 1.00s
局18 v4 Nd5 1.63s
局18 Stockfish_skill_3 Bb3 1.00s
局18 v4 Kd6 1.92s
局18 Stockfish_skill_3 Kf5 1.00s
局18 v4 Ke7 0.89s
局18 Stockfish_skill_3 Bxd5 1.00s
局18 v4 cxd5 0.29s
局18 Stockfish_skill_3 Ne1 1.00s
局18 v4 Kd8 0.59s
局18 Stockfish_skill_3 b3 1.00s
局18 v4 Ke7 0.46s
局18 Stockfish_skill_3 Nf3 1.00s
局18 v4 f6 0.29s
局18 Stockfish_skill_3 Ne1 1.00s
局18 v4 Kd6 0.31s
局18 Stockfish_skill_3 Kxf6 1.00s
局18 v4 Kc6 0.40s
局18 Stockfish_skill_3 Ke6 1.00s
局18 v4 Kc7 0.51s
局18 Stockfish_skill_3 Ke5 1.00s
局18 v4 Kb6 0.38s
局18 Stockfish_skill_3 Kd6 1.00s
局18 v4 a4 0.28s
局18 Stockfish_skill_3 bxa4 1.00s
局18 v4 Ka5 0.12s
局18 Stockfish_skill_3 Kc6 1.00s
局18 v4 Kxa4 0.14s
局18 Stockfish_skill_3 Kxd5 1.00s
局18 v4 Kb3 0.18s
局18 Stockfish_skill_3 c4 1.00s
局18 v4 Kc3 0.17s
局18 Stockfish_skill_3 c5 1.00s
局18 v4 Kd2 0.29s
局18 Stockfish_skill_3 Ng2 1.00s
局18 v4 Ke2 0.40s
局18 Stockfish_skill_3 Nf4+ 1.00s
局18 v4 Kf3 0.43s
局18 Stockfish_skill_3 Ke5 1.00s
局18 v4 Kf2 0.36s
局18 Stockfish_skill_3 Kd5 1.00s
局18 v4 Kf3 0.35s
局18 Stockfish_skill_3 Ke5 1.00s
局18 v4 Kf2 0.52s
局18 Stockfish_skill_3 c6 1.00s
局18 v4 Kf3 0.37s
局18 Stockfish_skill_3 Ne6 1.00s
局18 v4 Kg3 0.33s
局18 Stockfish_skill_3 Nf4 1.00s
局18 v4 Kf3 0.33s
局18 Stockfish_skill_3 c7 1.00s
局18 v4 Ke3 0.59s
局18 Stockfish_skill_3 Kf5 1.00s
局18 v4 Kxd4 1.06s
局18 Stockfish_skill_3 c8=Q 1.00s
局18 v4 Ke3 1.24s
局18 Stockfish_skill_3 Ke5 0.71s
局18 v4 Kd2 1.84s
局18 Stockfish_skill_3 Ke4 1.00s
局18 v4 Ke1 1.27s
局18 Stockfish_skill_3 Qd8 0.06s
局18 v4 Kf2 1.45s
局18 Stockfish_skill_3 Ke5 0.52s
局18 v4 Ke3 2.02s
局18 Stockfish_skill_3 Qd7 0.50s
局18 v4 Kf3 1.47s
局18 Stockfish_skill_3 Qc8 0.62s
局18 v4 Ke3 2.01s
局18 Stockfish_skill_3 Qc3+ 0.51s
局18 v4 Kf2 1.01s
局18 Stockfish_skill_3 Qd3 0.06s
局18 v4 Kg1 0.90s
局18 Stockfish_skill_3 Qc2 0.06s
局18 v4 Kf1 0.83s
局18 Stockfish_skill_3 Qb2 0.01s
局18 v4 Ke1 0.62s
局18 Stockfish_skill_3 Qe2# 0.05s
局18结束 1-0 CHECKMATE
