C:\Users\maxw\chess_ai\.venv\Lib\site-packages\torch\jit\_trace.py:1006: FutureWarning: `torch.jit.trace` is deprecated. Please switch to `torch.compile` or `torch.export`.
  warnings.warn(
C:\Users\maxw\chess_ai\.venv\Lib\site-packages\torch\jit\_trace.py:1145: FutureWarning: `torch.jit.trace_method` is deprecated. Please switch to `torch.compile` or `torch.export`.
  warnings.warn(
C:\Users\maxw\chess_ai\.venv\Lib\site-packages\torch\jit\_freeze.py:106: FutureWarning: `torch.jit.freeze` is deprecated. Please use `torch.compile` instead.
  warnings.warn(
局19 v4 cxd5 5.00s
局19 Stockfish_skill_3 Nxd5 1.02s
局19 v4 e4 5.00s
局19 Stockfish_skill_3 Nb6 1.00s
局19 v4 Bf4 5.00s
局19 Stockfish_skill_3 Bg4 1.00s
局19 v4 Nc3 5.00s
局19 Stockfish_skill_3 e6 1.00s
局19 v4 Rb1 5.01s
局19 Stockfish_skill_3 Be7 1.00s
局19 v4 Bxb8 5.00s
局19 Stockfish_skill_3 Rxb8 1.00s
局19 v4 b4 5.00s
局19 Stockfish_skill_3 O-O 1.00s
局19 v4 Rb2 5.00s
局19 Stockfish_skill_3 e5 1.00s
局19 v4 dxe5 5.00s
局19 Stockfish_skill_3 Qc7 1.00s
局19 v4 h4 5.00s
局19 Stockfish_skill_3 Rbd8 1.00s
局19 v4 Qe2 5.01s
局19 Stockfish_skill_3 a5 1.00s
局19 v4 bxa5 5.00s
局19 Stockfish_skill_3 Na4 1.00s
局19 v4 Nxa4 5.01s
局19 Stockfish_skill_3 Qxa5+ 1.00s
局19 v4 Rd2 5.00s
局19 Stockfish_skill_3 Bb4 1.00s
局19 v4 Qe3 5.00s
局19 Stockfish_skill_3 Bxf3 1.00s
局19 v4 Bd3 4.79s
局19 Stockfish_skill_3 Bxg2 1.00s
局19 v4 Rh2 5.00s
局19 Stockfish_skill_3 Bf1 1.00s
局19 v4 Nb2 4.03s
局19 Stockfish_skill_3 Bxd2+ 1.00s
局19 v4 Qxd2 1.43s
局19 Stockfish_skill_3 Qxe5 1.00s
局19 v4 f4 4.25s
局19 Stockfish_skill_3 Qc5 1.00s
局19 v4 Kxf1 5.00s
局19 Stockfish_skill_3 Qa3 1.00s
局19 v4 e5 5.01s
局19 Stockfish_skill_3 c5 1.00s
局19 v4 Qc2 5.00s
局19 Stockfish_skill_3 b5 1.00s
局19 v4 Bxh7+ 5.00s
局19 Stockfish_skill_3 Kh8 1.00s
局19 v4 Bf5 5.00s
局19 Stockfish_skill_3 Qxa2 1.00s
局19 v4 Qf2 5.01s
局19 Stockfish_skill_3 Rd4 1.00s
局19 v4 Nd3 5.00s
局19 Stockfish_skill_3 Qb1+ 1.00s
局19 v4 Kg2 3.39s
局19 Stockfish_skill_3 Rfd8 1.00s
局19 v4 e6 5.00s
局19 Stockfish_skill_3 fxe6 1.00s
局19 v4 Bg6 4.79s
局19 Stockfish_skill_3 Qd1 1.00s
局19 v4 Ne5 5.00s
局19 Stockfish_skill_3 Rd2 1.00s
局19 v4 Nf7+ 0.50s
局19 Stockfish_skill_3 Kg8 1.00s
局19 v4 Nxd8 1.01s
局19 Stockfish_skill_3 Qg4+ 1.00s
局19 v4 Kf1 0.81s
局19 Stockfish_skill_3 Rd1+ 1.00s
局19 v4 Qe1 0.70s
局19 Stockfish_skill_3 Qf3+ 1.00s
局19 v4 Rf2 0.45s
局19 Stockfish_skill_3 Qh1+ 1.00s
局19 v4 Ke2 0.44s
局19 Stockfish_skill_3 Qxe1+ 1.00s
局19 v4 Kf3 1.00s
局19 Stockfish_skill_3 Rxd8 1.00s
局19 v4 Kg2 4.79s
局19 Stockfish_skill_3 Rd1 1.00s
局19 v4 Kf3 2.57s
局19 Stockfish_skill_3 Kf8 1.00s
局19 v4 Ra2 2.19s
局19 Stockfish_skill_3 Qc3+ 1.00s
局19 v4 Kg2 1.82s
局19 Stockfish_skill_3 Qe1 1.00s
局19 v4 Ra8+ 1.33s
局19 Stockfish_skill_3 Ke7 1.00s
局19 v4 Ra7+ 2.02s
局19 Stockfish_skill_3 Kf6 1.00s
局19 v4 h5 1.75s
局19 Stockfish_skill_3 Rd2+ 1.00s
局19 v4 Kf3 0.68s
局19 Stockfish_skill_3 Qf1+ 0.40s
局19 v4 Kg4 0.54s
局19 Stockfish_skill_3 Rg2+ 1.00s
局19 v4 Kh4 0.61s
局19 Stockfish_skill_3 Qf2+ 0.01s
局19 v4 Kh3 0.46s
局19 Stockfish_skill_3 Rh2+ 0.01s
局19 v4 Kg4 0.50s
局19 Stockfish_skill_3 Qg2# 0.01s
局19结束 0-1 CHECKMATE
局20 Stockfish_skill_3 Nbd2 1.01s
局20 v4 Be6 5.00s
局20 Stockfish_skill_3 Qb3 1.00s
局20 v4 Qb6 5.00s
局20 Stockfish_skill_3 Qa4 1.00s
局20 v4 Rg8 5.01s
局20 Stockfish_skill_3 h4 1.00s
局20 v4 a5 5.00s
局20 Stockfish_skill_3 e3 1.00s
局20 v4 Qc7 5.00s
局20 Stockfish_skill_3 Be2 1.00s
局20 v4 dxc4 5.00s
局20 Stockfish_skill_3 Qd1 1.00s
局20 v4 b5 5.00s
局20 Stockfish_skill_3 Qc2 1.00s
局20 v4 Nbd7 5.01s
局20 Stockfish_skill_3 a4 1.00s
局20 v4 Qd6 5.00s
局20 Stockfish_skill_3 axb5 1.00s
局20 v4 cxb5 5.00s
局20 Stockfish_skill_3 e4 1.00s
局20 v4 Nh5 5.00s
局20 Stockfish_skill_3 d5 1.00s
局20 v4 Bg4 5.00s
局20 Stockfish_skill_3 b3 1.00s
局20 v4 Nf4 5.01s
局20 Stockfish_skill_3 bxc4 1.00s
局20 v4 Qf6 5.01s
局20 Stockfish_skill_3 e5 1.00s
局20 v4 Nxe5 5.00s
局20 Stockfish_skill_3 Bb2 1.00s
局20 v4 Bf5 5.00s
局20 Stockfish_skill_3 Bxe5 1.00s
局20 v4 Qxe5 5.00s
局20 Stockfish_skill_3 Qd1 1.00s
局20 v4 Nd3+ 5.00s
局20 Stockfish_skill_3 Kf1 1.00s
局20 v4 Qb2 5.00s
局20 Stockfish_skill_3 g4 1.00s
局20 v4 Bg6 5.01s
局20 Stockfish_skill_3 h5 1.00s
局20 v4 bxc4 5.01s
局20 Stockfish_skill_3 hxg6 1.00s
局20 v4 hxg6 5.00s
局20 Stockfish_skill_3 Rb1 1.00s
局20 v4 Qc3 5.01s
局20 Stockfish_skill_3 Qa4+ 1.00s
局20 v4 Kd8 4.56s
局20 Stockfish_skill_3 Ne4 1.00s
局20 v4 Qb4 5.00s
局20 Stockfish_skill_3 Qa2 1.00s
局20 v4 Nc1 5.00s
局20 Stockfish_skill_3 Rxc1 1.00s
局20 v4 Qb3 5.01s
局20 Stockfish_skill_3 Qa1 1.00s
局20 v4 f5 5.01s
局20 Stockfish_skill_3 Nc5 1.00s
局20 v4 Qb6 5.00s
局20 Stockfish_skill_3 Nd4 1.00s
局20 v4 fxg4 5.00s
局20 Stockfish_skill_3 Bxg4 1.00s
局20 v4 Qd6 5.00s
局20 Stockfish_skill_3 Nb7+ 1.00s
局20 v4 Kc7 3.74s
局20 Stockfish_skill_3 Nxd6 1.00s
局20 v4 Kxd6 5.00s
局20 Stockfish_skill_3 Nb5+ 1.00s
局20 v4 Kc5 4.19s
局20 Stockfish_skill_3 Qd4+ 1.00s
局20 v4 Kxb5 2.60s
局20 Stockfish_skill_3 Qxc4+ 1.00s
局20 v4 Kb6 1.91s
局20 Stockfish_skill_3 Qc6+ 0.11s
局20 v4 Ka7 2.28s
局20 Stockfish_skill_3 Rc5 0.12s
局20 v4 Rc8 1.33s
局20 Stockfish_skill_3 Rxa5+ 0.93s
局20 v4 Kb8 1.40s
局20 Stockfish_skill_3 Ra8# 0.01s
局20结束 1-0 CHECKMATE
