C:\Users\maxw\chess_ai\.venv\Lib\site-packages\torch\jit\_trace.py:1006: FutureWarning: `torch.jit.trace` is deprecated. Please switch to `torch.compile` or `torch.export`.
  warnings.warn(
C:\Users\maxw\chess_ai\.venv\Lib\site-packages\torch\jit\_trace.py:1145: FutureWarning: `torch.jit.trace_method` is deprecated. Please switch to `torch.compile` or `torch.export`.
  warnings.warn(
C:\Users\maxw\chess_ai\.venv\Lib\site-packages\torch\jit\_freeze.py:106: FutureWarning: `torch.jit.freeze` is deprecated. Please use `torch.compile` instead.
  warnings.warn(
局9 v4 Rg1 5.01s
局9 Stockfish_skill_3 e5 1.02s
局9 v4 d3 5.01s
局9 Stockfish_skill_3 d6 1.00s
局9 v4 Bg5 5.00s
局9 Stockfish_skill_3 Be7 1.00s
局9 v4 Qb3 5.00s
局9 Stockfish_skill_3 Rb8 1.00s
局9 v4 Bd2 5.00s
局9 Stockfish_skill_3 O-O 1.00s
局9 v4 Nb5 5.00s
局9 Stockfish_skill_3 a6 1.00s
局9 v4 Na3 5.00s
局9 Stockfish_skill_3 e4 1.00s
局9 v4 dxe4 5.00s
局9 Stockfish_skill_3 b5 1.00s
局9 v4 cxb5 5.00s
局9 Stockfish_skill_3 Nxe4 1.00s
局9 v4 Be3 5.00s
局9 Stockfish_skill_3 axb5 1.00s
局9 v4 Qd3 5.00s
局9 Stockfish_skill_3 Bf5 1.00s
局9 v4 Qb3 5.00s
局9 Stockfish_skill_3 d5 1.00s
局9 v4 O-O-O 5.00s
局9 Stockfish_skill_3 Be6 1.00s
局9 v4 Qd3 5.00s
局9 Stockfish_skill_3 c4 1.00s
局9 v4 Qc2 5.01s
局9 Stockfish_skill_3 Qc8 1.00s
局9 v4 Nd4 5.00s
局9 Stockfish_skill_3 Qa6 1.00s
局9 v4 Nxe6 5.01s
局9 Stockfish_skill_3 fxe6 1.00s
局9 v4 f3 5.00s
局9 Stockfish_skill_3 Nb4 1.00s
局9 v4 Qb1 5.00s
局9 Stockfish_skill_3 Nc3 1.00s
局9 v4 bxc3 5.01s
局9 Stockfish_skill_3 Qxa3+ 1.00s
局9 v4 Kd2 5.00s
局9 Stockfish_skill_3 Nc6 1.00s
局9 v4 Rc1 5.00s
局9 Stockfish_skill_3 b4 1.00s
局9 v4 Qc2 5.00s
局9 Stockfish_skill_3 e5 1.00s
局9 v4 Ke1 5.00s
局9 Stockfish_skill_3 bxc3 1.00s
局9 v4 Bf2 5.00s
局9 Stockfish_skill_3 Nd4 1.00s
局9 v4 Bxd4 4.26s
局9 Stockfish_skill_3 exd4 1.00s
局9 v4 g3 5.00s
局9 Stockfish_skill_3 Rb2 1.00s
局9 v4 Bh3 5.00s
局9 Stockfish_skill_3 Kh8 1.00s
局9 v4 Bd7 5.00s
局9 Stockfish_skill_3 Qxa2 1.00s
局9 v4 Qd1 5.00s
局9 Stockfish_skill_3 Bb4 1.00s
局9 v4 Kf1 5.00s
局9 Stockfish_skill_3 Rd2 1.00s
局9 v4 Qa4 5.00s
局9 Stockfish_skill_3 Qxa4 1.00s
局9 v4 Bxa4 3.09s
局9 Stockfish_skill_3 Bc5 1.00s
局9 v4 Rd1 5.00s
局9 Stockfish_skill_3 c2 1.00s
局9 v4 Rc1 2.92s
局9 Stockfish_skill_3 d3 1.00s
局9 v4 exd3 5.00s
局9 Stockfish_skill_3 Rxf3+ 1.00s
局9 v4 Ke1 1.70s
局9 Stockfish_skill_3 c3 1.00s
局9 v4 Rh1 1.98s
局9 Stockfish_skill_3 Bf2+ 1.00s
局9 v4 Kf1 0.99s
局9 Stockfish_skill_3 Be3+ 1.00s
局9 v4 Ke1 0.99s
局9 Stockfish_skill_3 Bf2+ 1.00s
局9 v4 Kf1 1.66s
局9 Stockfish_skill_3 Bxg3+ 1.00s
局9 v4 Kg1 2.55s
局9 Stockfish_skill_3 Be5 1.00s
局9 v4 Rf1 3.72s
局9 Stockfish_skill_3 Bxh2+ 0.05s
局9 v4 Rxh2 1.38s
局9 Stockfish_skill_3 Rxf1+ 1.00s
局9 v4 Kxf1 0.30s
局9 Stockfish_skill_3 c1=Q+ 1.00s
局9 v4 Bd1 0.50s
局9 Stockfish_skill_3 Qxd1# 1.00s
局9结束 0-1 CHECKMATE
局10 Stockfish_skill_3 e3 1.02s
局10 v4 e5 5.01s
局10 Stockfish_skill_3 d4 1.00s
局10 v4 cxd4 5.00s
局10 Stockfish_skill_3 Nd5 1.00s
局10 v4 Nxd5 5.00s
局10 Stockfish_skill_3 cxd5 1.00s
局10 v4 Qa5+ 5.00s
局10 Stockfish_skill_3 Bd2 1.00s
局10 v4 Qxd5 5.01s
局10 Stockfish_skill_3 Rc1 1.00s
局10 v4 dxe3 5.00s
局10 Stockfish_skill_3 Bxe3 1.00s
局10 v4 Qxa2 5.00s
局10 Stockfish_skill_3 Bd3 1.00s
局10 v4 Bb4+ 5.00s
局10 Stockfish_skill_3 Bd2 1.00s
局10 v4 Qxb2 5.01s
局10 Stockfish_skill_3 Rc2 1.00s
局10 v4 Qb3 5.01s
局10 Stockfish_skill_3 O-O 1.00s
局10 v4 Qxd3 5.01s
局10 Stockfish_skill_3 Nxe5 1.00s
局10 v4 Nxe5 5.01s
局10 Stockfish_skill_3 Bxb4 1.00s
局10 v4 f6 5.00s
局10 Stockfish_skill_3 Rd2 1.00s
局10 v4 Qe4 5.00s
局10 Stockfish_skill_3 Rd4 1.00s
局10 v4 Qg6 5.00s
局10 Stockfish_skill_3 f4 1.00s
局10 v4 a5 5.00s
局10 Stockfish_skill_3 Bd6 1.00s
局10 v4 Nc6 5.00s
局10 Stockfish_skill_3 Rd2 1.00s
局10 v4 a4 5.00s
局10 Stockfish_skill_3 Bc5 1.00s
局10 v4 Kd8 5.00s
局10 Stockfish_skill_3 Bb6+ 1.00s
局10 v4 Ke7 5.00s
局10 Stockfish_skill_3 Re2+ 1.00s
局10 v4 Kf8 2.89s
局10 Stockfish_skill_3 Bc5+ 1.00s
局10 v4 Ne7 4.94s
局10 Stockfish_skill_3 Rxe7 1.00s
局10 v4 Ra5 5.00s
局10 Stockfish_skill_3 Rxd7+ 1.00s
局10 v4 Rxc5 1.18s
局10 Stockfish_skill_3 Qd6+ 1.00s
局10 v4 Kg8 1.10s
局10 Stockfish_skill_3 Qe6+ 1.00s
局10 v4 Kf8 1.15s
局10 Stockfish_skill_3 Qe7+ 1.00s
局10 v4 Kg8 1.03s
局10 Stockfish_skill_3 Rd8+ 1.00s
局10 v4 Qe8 0.76s
局10 Stockfish_skill_3 Qxe8# 1.00s
局10结束 1-0 CHECKMATE
