C:\Users\maxw\chess_ai\.venv\Lib\site-packages\torch\jit\_trace.py:1006: FutureWarning: `torch.jit.trace` is deprecated. Please switch to `torch.compile` or `torch.export`.
  warnings.warn(
C:\Users\maxw\chess_ai\.venv\Lib\site-packages\torch\jit\_trace.py:1145: FutureWarning: `torch.jit.trace_method` is deprecated. Please switch to `torch.compile` or `torch.export`.
  warnings.warn(
C:\Users\maxw\chess_ai\.venv\Lib\site-packages\torch\jit\_freeze.py:106: FutureWarning: `torch.jit.freeze` is deprecated. Please use `torch.compile` instead.
  warnings.warn(
局5 v4 O-O 5.01s
局5 Stockfish_skill_3 Nf6 1.02s
局5 v4 Ng5 5.01s
局5 Stockfish_skill_3 O-O 1.00s
局5 v4 d4 5.00s
局5 Stockfish_skill_3 Bxd4 1.00s
局5 v4 c3 5.00s
局5 Stockfish_skill_3 Bb6 1.00s
局5 v4 Qf3 5.00s
局5 Stockfish_skill_3 Qe8 1.00s
局5 v4 Na3 5.00s
局5 Stockfish_skill_3 Ne7 1.00s
局5 v4 b4 5.00s
局5 Stockfish_skill_3 c6 1.00s
局5 v4 Rd1 5.00s
局5 Stockfish_skill_3 Bc7 1.00s
局5 v4 Bxf7+ 5.00s
局5 Stockfish_skill_3 Rxf7 1.00s
局5 v4 Nxf7 5.00s
局5 Stockfish_skill_3 Kxf7 1.00s
局5 v4 Bg5 5.00s
局5 Stockfish_skill_3 Ng6 1.00s
局5 v4 Bxf6 5.00s
局5 Stockfish_skill_3 gxf6 1.00s
局5 v4 Qh3 5.01s
局5 Stockfish_skill_3 h5 1.00s
局5 v4 Qxh5 5.00s
Traceback (most recent call last):
  File "C:\Users\maxw\chess_ai\collect_v4_stockfish.py", line 245, in <module>
    if __name__=='__main__':main()
                            ~~~~^^
  File "C:\Users\maxw\chess_ai\collect_v4_stockfish.py", line 165, in main
    if a.job is not None:worker(a);return
                         ~~~~~~^^^
  File "C:\Users\maxw\chess_ai\collect_v4_stockfish.py", line 122, in worker
    answer=sf.play(board,chess.engine.Limit(time=cfg['sf_seconds']),game=game_token,info=chess.engine.INFO_BASIC)
  File "C:\Users\maxw\chess_ai\.venv\Lib\site-packages\chess\engine.py", line 2980, in play
    return future.result()
           ~~~~~~~~~~~~~^^
  File "C:\Users\maxw\AppData\Local\Programs\Python\Python313\Lib\concurrent\futures\_base.py", line 451, in result
    self._condition.wait(timeout)
    ~~~~~~~~~~~~~~~~~~~~^^^^^^^^^
  File "C:\Users\maxw\AppData\Local\Programs\Python\Python313\Lib\threading.py", line 359, in wait
    waiter.acquire()
    ~~~~~~~~~~~~~~^^
KeyboardInterrupt
