C:\Users\maxw\chess_ai\.venv\Lib\site-packages\torch\jit\_trace.py:1006: FutureWarning: `torch.jit.trace` is deprecated. Please switch to `torch.compile` or `torch.export`.
  warnings.warn(
C:\Users\maxw\chess_ai\.venv\Lib\site-packages\torch\jit\_trace.py:1145: FutureWarning: `torch.jit.trace_method` is deprecated. Please switch to `torch.compile` or `torch.export`.
  warnings.warn(
C:\Users\maxw\chess_ai\.venv\Lib\site-packages\torch\jit\_freeze.py:106: FutureWarning: `torch.jit.freeze` is deprecated. Please use `torch.compile` instead.
  warnings.warn(
局9 v4 O-O 5.00s
局9 Stockfish_skill_6 Bb6 1.01s
局9 v4 d4 5.00s
局9 Stockfish_skill_6 Qe7 1.00s
局9 v4 dxe5 5.00s
局9 Stockfish_skill_6 Nxe5 1.00s
局9 v4 Bb3 5.00s
局9 Stockfish_skill_6 Nf6 1.00s
局9 v4 Nc3 5.00s
局9 Stockfish_skill_6 a5 1.00s
局9 v4 Nd5 5.00s
局9 Stockfish_skill_6 Nxd5 1.00s
局9 v4 Qxd5 5.00s
局9 Stockfish_skill_6 d6 1.00s
局9 v4 Nxe5 5.00s
局9 Stockfish_skill_6 dxe5 1.00s
局9 v4 Bg5 5.00s
局9 Stockfish_skill_6 c6 1.00s
局9 v4 Bxe7 5.00s
局9 Stockfish_skill_6 cxd5 1.00s
局9 v4 Bd6 4.70s
局9 Stockfish_skill_6 d4 1.00s
局9 v4 a4 5.00s
局9 Stockfish_skill_6 Be6 1.00s
局9 v4 Bxe6 4.67s
局9 Stockfish_skill_6 fxe6 1.00s
局9 v4 Bxe5 5.00s
局9 Stockfish_skill_6 Kf7 1.00s
局9 v4 Rfd1 5.00s
局9 Stockfish_skill_6 Rac8 1.00s
局9 v4 c3 5.00s
局9 Stockfish_skill_6 Rhd8 1.00s
局9 v4 cxd4 5.00s
局9 Stockfish_skill_6 Rc2 1.00s
局9 v4 b3 5.00s
局9 Stockfish_skill_6 Re2 1.00s
局9 v4 f3 5.00s
局9 Stockfish_skill_6 h5 1.00s
局9 v4 Rac1 5.00s
局9 Stockfish_skill_6 g5 1.00s
局9 v4 g3 5.00s
局9 Stockfish_skill_6 Re3 1.00s
局9 v4 Bc7 5.00s
局9 Stockfish_skill_6 Bxc7 1.00s
局9 v4 Rxc7+ 3.06s
局9 Stockfish_skill_6 Kf6 1.00s
局9 v4 e5+ 5.00s
局9 Stockfish_skill_6 Kf5 1.00s
局9 v4 Rf7+ 5.00s
局9 Stockfish_skill_6 Kg6 1.00s
局9 v4 Rf6+ 2.40s
局9 Stockfish_skill_6 Kg7 1.00s
局9 v4 Rxe6 3.64s
局9 Stockfish_skill_6 Rxb3 1.00s
局9 v4 d5 5.00s
局9 Stockfish_skill_6 Rxf3 1.00s
局9 v4 Kg2 5.00s
局9 Stockfish_skill_6 g4 1.00s
局9 v4 Rb6 5.00s
局9 Stockfish_skill_6 Re3 1.00s
局9 v4 Rxb7+ 4.14s
局9 Stockfish_skill_6 Kh6 1.00s
局9 v4 Re7 4.43s
局9 Stockfish_skill_6 Rf8 1.00s
局9 v4 Rd2 3.57s
局9 Stockfish_skill_6 Rc3 1.00s
局9 v4 d6 5.00s
局9 Stockfish_skill_6 Kg6 1.00s
局9 v4 d7 3.24s
局9 Stockfish_skill_6 Rc1 1.00s
局9 v4 Re8 2.20s
局9 Stockfish_skill_6 Rcf1 1.00s
局9 v4 d8=Q 3.25s
局9 Stockfish_skill_6 Kh7 1.00s
局9 v4 Rxf8 5.00s
局9 Stockfish_skill_6 Kg6 0.55s
局9 v4 Rd6+ 5.00s
局9 Stockfish_skill_6 Kh7 0.01s
局9 v4 Qd7+ 5.00s
局9 Stockfish_skill_6 Rf7 0.00s
局9 v4 Qxf7# 0.00s
局9结束 1-0 CHECKMATE
局10 Stockfish_skill_6 a3 1.01s
局10 v4 Qf6 5.00s
局10 Stockfish_skill_6 O-O 1.00s
局10 v4 Rb8 5.00s
局10 Stockfish_skill_6 Nc3 1.00s
局10 v4 Nd4 5.00s
局10 Stockfish_skill_6 Nd5 1.00s
局10 v4 Qd6 5.00s
局10 Stockfish_skill_6 Nxd4 1.00s
局10 v4 Bxd4 5.00s
局10 Stockfish_skill_6 Qg4 1.00s
局10 v4 g6 5.00s
局10 Stockfish_skill_6 c3 1.00s
局10 v4 b5 5.00s
局10 Stockfish_skill_6 Ba2 1.00s
局10 v4 Bb6 5.00s
局10 Stockfish_skill_6 Qf3 1.00s
局10 v4 Bc5 5.00s
局10 Stockfish_skill_6 b4 1.00s
局10 v4 Bb6 5.00s
局10 Stockfish_skill_6 Nxb6 1.00s
局10 v4 axb6 5.00s
局10 Stockfish_skill_6 Bxf7+ 1.00s
局10 v4 Kd8 5.00s
局10 Stockfish_skill_6 Bb3 1.00s
局10 v4 Ne7 5.00s
局10 Stockfish_skill_6 d3 1.00s
局10 v4 Rb7 5.00s
局10 Stockfish_skill_6 Qf7 1.00s
局10 v4 c6 5.00s
局10 Stockfish_skill_6 Qg7 1.00s
局10 v4 Re8 3.31s
局10 Stockfish_skill_6 d4 1.00s
局10 v4 exd4 5.00s
局10 Stockfish_skill_6 Re1 1.00s
局10 v4 d3 5.00s
局10 Stockfish_skill_6 Bg5 1.00s
局10 v4 d2 5.00s
局10 Stockfish_skill_6 Re2 1.00s
局10 v4 Qd3 5.00s
局10 Stockfish_skill_6 Re3 1.00s
局10 v4 Qd6 5.00s
局10 Stockfish_skill_6 Rd1 1.00s
局10 v4 h6 5.00s
局10 Stockfish_skill_6 Bxh6 1.00s
局10 v4 Nf5 5.00s
局10 Stockfish_skill_6 exf5 1.00s
局10 v4 Rxe3 3.88s
局10 Stockfish_skill_6 Bxe3 1.00s
局10 v4 gxf5 5.00s
局10 Stockfish_skill_6 Rxd2 1.00s
局10 v4 Qxd2 3.48s
局10 Stockfish_skill_6 Bxd2 1.00s
局10 v4 d5 1.72s
局10 Stockfish_skill_6 Qf8+ 1.00s
局10 v4 Kc7 1.50s
局10 Stockfish_skill_6 Bf4+ 1.00s
局10 v4 Kd7 2.32s
局10 Stockfish_skill_6 Bc2 1.00s
局10 v4 c5 3.41s
局10 Stockfish_skill_6 f3 1.00s
局10 v4 Ra7 4.38s
局10 Stockfish_skill_6 Bxf5+ 1.00s
局10 v4 Kc6 2.08s
局10 Stockfish_skill_6 Bxc8 1.00s
局10 v4 Rd7 1.53s
局10 Stockfish_skill_6 Qe8 0.06s
局10 v4 cxb4 1.63s
局10 Stockfish_skill_6 Qxd7+ 0.06s
局10 v4 Kc5 1.34s
局10 Stockfish_skill_6 Qc7# 1.00s
局10结束 1-0 CHECKMATE
