C:\Users\maxw\chess_ai\.venv\Lib\site-packages\torch\jit\_trace.py:1006: FutureWarning: `torch.jit.trace` is deprecated. Please switch to `torch.compile` or `torch.export`.
  warnings.warn(
C:\Users\maxw\chess_ai\.venv\Lib\site-packages\torch\jit\_trace.py:1145: FutureWarning: `torch.jit.trace_method` is deprecated. Please switch to `torch.compile` or `torch.export`.
  warnings.warn(
C:\Users\maxw\chess_ai\.venv\Lib\site-packages\torch\jit\_freeze.py:106: FutureWarning: `torch.jit.freeze` is deprecated. Please use `torch.compile` instead.
  warnings.warn(
局5 v4 O-O 5.00s
局5 Stockfish_skill_3 d6 1.02s
局5 v4 Nc3 5.00s
局5 Stockfish_skill_3 Nf6 1.00s
局5 v4 Rb1 5.00s
局5 Stockfish_skill_3 h6 1.00s
局5 v4 Re1 5.00s
局5 Stockfish_skill_3 a6 1.00s
局5 v4 Qe2 5.00s
局5 Stockfish_skill_3 Ng4 1.00s
局5 v4 Nd1 5.00s
局5 Stockfish_skill_3 Ba7 1.00s
局5 v4 h3 5.00s
局5 Stockfish_skill_3 g5 1.00s
局5 v4 hxg4 5.00s
局5 Stockfish_skill_3 Qf6 1.00s
局5 v4 Bd5 5.00s
局5 Stockfish_skill_3 h5 1.00s
局5 v4 gxh5 5.00s
局5 Stockfish_skill_3 Rxh5 1.00s
局5 v4 Nd4 5.00s
局5 Stockfish_skill_3 Qh6 1.00s
局5 v4 Qxh5 5.00s
局5 Stockfish_skill_3 Qxh5 1.00s
局5 v4 Nxc6 5.00s
局5 Stockfish_skill_3 Bb6 1.00s
局5 v4 Nb4 5.00s
局5 Stockfish_skill_3 c6 1.00s
局5 v4 Nxc6 5.00s
局5 Stockfish_skill_3 g4 1.00s
局5 v4 c4 5.00s
局5 Stockfish_skill_3 Bd7 1.00s
局5 v4 Nb4 5.00s
局5 Stockfish_skill_3 Ke7 1.00s
局5 v4 Bxb7 4.76s
局5 Stockfish_skill_3 Rh8 1.00s
局5 v4 Kf1 3.50s
局5 Stockfish_skill_3 g3 1.00s
局5 v4 Nd5+ 3.44s
局5 Stockfish_skill_3 Kf8 1.00s
局5 v4 Nf6 3.42s
局5 Stockfish_skill_3 Qh1+ 1.00s
局5 v4 Ke2 1.05s
局5 Stockfish_skill_3 Bg4+ 1.00s
局5 v4 Nxg4 2.16s
局5 Stockfish_skill_3 Qxg2 1.00s
局5 v4 c5 5.00s
局5 Stockfish_skill_3 Bxc5 1.00s
局5 v4 Nde3 5.00s
局5 Stockfish_skill_3 Bxe3 1.00s
局5 v4 Kxe3 3.87s
局5 Stockfish_skill_3 Rg8 1.00s
局5 v4 f3 2.26s
局5 Stockfish_skill_3 Rxg4 1.00s
局5 v4 fxg4 1.02s
局5 Stockfish_skill_3 Qf2+ 1.00s
局5 v4 Kd3 1.33s
局5 Stockfish_skill_3 Kg7 1.00s
局5 v4 Re2 2.69s
局5 Stockfish_skill_3 Qf3+ 1.00s
局5 v4 Re3 1.52s
局5 Stockfish_skill_3 Qf1+ 1.00s
局5 v4 Kc3 1.18s
局5 Stockfish_skill_3 d5 1.00s
局5 v4 exd5 5.00s
局5 Stockfish_skill_3 g2 1.00s
局5 v4 Rg3 4.27s
局5 Stockfish_skill_3 Qf2 1.00s
局5 v4 Rxg2 1.66s
局5 Stockfish_skill_3 Qc5+ 1.00s
局5 v4 Kd3 1.63s
局5 Stockfish_skill_3 Qd4+ 1.00s
局5 v4 Kc2 1.24s
局5 Stockfish_skill_3 Qc4+ 1.00s
局5 v4 Kd1 0.72s
局5 Stockfish_skill_3 Qf1+ 1.00s
局5 v4 Kc2 0.50s
局5 Stockfish_skill_3 Qc4+ 1.00s
局5 v4 Kd1 0.95s
局5 Stockfish_skill_3 Qf1+ 1.00s
局5 v4 Kc2 0.61s
局5结束 1/2-1/2 claimed_threefold
局6 Stockfish_skill_3 c3 1.01s
局6 v4 Qf6 5.00s
局6 Stockfish_skill_3 d4 1.00s
局6 v4 exd4 5.00s
局6 Stockfish_skill_3 Bg5 1.00s
局6 v4 Qg6 5.00s
局6 Stockfish_skill_3 e5 1.00s
局6 v4 dxc3 5.00s
局6 Stockfish_skill_3 Nxc3 1.00s
局6 v4 f6 5.00s
局6 Stockfish_skill_3 Bh4 1.00s
局6 v4 Qxg2 5.00s
局6 Stockfish_skill_3 Rg1 1.00s
局6 v4 Qh3 5.00s
局6 Stockfish_skill_3 Qd5 1.00s
局6 v4 Nxe5 5.00s
局6 Stockfish_skill_3 Nxe5 1.00s
局6 v4 Qxh4 5.00s
局6 Stockfish_skill_3 Nd3 1.00s
局6 v4 d6 5.00s
局6 Stockfish_skill_3 Qf7+ 1.00s
局6 v4 Kd8 5.00s
局6 Stockfish_skill_3 Rxg7 1.00s
局6 v4 Bxf2+ 5.00s
局6 Stockfish_skill_3 Nxf2 1.00s
局6 v4 Qh5 4.60s
局6 Stockfish_skill_3 Qxh5 1.00s
局6 v4 Ne7 5.00s
局6 Stockfish_skill_3 Rxe7 1.00s
局6 v4 b5 5.00s
局6 Stockfish_skill_3 Qf7 1.00s
局6 v4 bxc4 5.00s
局6 Stockfish_skill_3 Nd5 1.00s
局6 v4 Rb8 5.00s
局6 Stockfish_skill_3 Ne4 1.00s
局6 v4 Bd7 5.00s
局6 Stockfish_skill_3 Rxd7+ 1.00s
局6 v4 Kc8 5.00s
局6 Stockfish_skill_3 Nc5 1.00s
局6 v4 Rb7 5.00s
局6 Stockfish_skill_3 Rxc7+ 1.00s
局6 v4 Kb8 2.17s
局6 Stockfish_skill_3 Rxb7+ 1.00s
局6 v4 Kc8 3.71s
局6 Stockfish_skill_3 Qe6+ 0.01s
局6 v4 Kd8 4.64s
局6 Stockfish_skill_3 Qxf6+ 0.01s
局6 v4 Ke8 3.17s
局6 Stockfish_skill_3 Nc7# 0.01s
局6结束 1-0 CHECKMATE
