C:\Users\maxw\chess_ai\.venv\Lib\site-packages\torch\jit\_trace.py:1006: FutureWarning: `torch.jit.trace` is deprecated. Please switch to `torch.compile` or `torch.export`.
  warnings.warn(
C:\Users\maxw\chess_ai\.venv\Lib\site-packages\torch\jit\_trace.py:1145: FutureWarning: `torch.jit.trace_method` is deprecated. Please switch to `torch.compile` or `torch.export`.
  warnings.warn(
C:\Users\maxw\chess_ai\.venv\Lib\site-packages\torch\jit\_freeze.py:106: FutureWarning: `torch.jit.freeze` is deprecated. Please use `torch.compile` instead.
  warnings.warn(
局7 v4 cxd5 5.00s
局7 Stockfish_skill_3 c5 1.02s
局7 v4 dxc6 5.00s
局7 Stockfish_skill_3 bxc6 1.00s
局7 v4 Nf3 5.00s
局7 Stockfish_skill_3 Be7 1.00s
局7 v4 e4 5.00s
局7 Stockfish_skill_3 O-O 1.00s
局7 v4 Bf4 5.00s
局7 Stockfish_skill_3 Qb6 1.00s
局7 v4 Qb3 5.00s
局7 Stockfish_skill_3 Rd8 1.00s
局7 v4 Qxb6 5.00s
局7 Stockfish_skill_3 axb6 1.00s
局7 v4 O-O-O 5.00s
局7 Stockfish_skill_3 Na6 1.00s
局7 v4 Bxa6 5.00s
局7 Stockfish_skill_3 Bxa6 1.00s
局7 v4 Bc7 5.00s
局7 Stockfish_skill_3 Rf8 1.00s
局7 v4 Ne5 5.00s
局7 Stockfish_skill_3 c5 1.00s
局7 v4 Nc6 5.00s
局7 Stockfish_skill_3 Rfe8 1.00s
局7 v4 Bxb6 5.00s
局7 Stockfish_skill_3 Bd6 1.00s
局7 v4 e5 5.00s
局7 Stockfish_skill_3 Bb7 1.00s
局7 v4 dxc5 5.00s
局7 Stockfish_skill_3 Bc7 1.00s
局7 v4 Bxc7 5.00s
局7 Stockfish_skill_3 Ng4 1.00s
局7 v4 Na5 5.00s
局7 Stockfish_skill_3 Nxf2 1.00s
局7 v4 Nxb7 5.00s
局7 Stockfish_skill_3 Rec8 1.00s
局7 v4 Nb5 5.00s
局7 Stockfish_skill_3 Nxh1 1.00s
局7 v4 Rxh1 5.00s
局7 Stockfish_skill_3 Ra7 1.00s
局7 v4 Nxa7 4.30s
局7 Stockfish_skill_3 Rf8 1.00s
局7 v4 Nc6 5.00s
局7 Stockfish_skill_3 Kh8 1.00s
局7 v4 Rd1 5.00s
局7 Stockfish_skill_3 Rg8 1.00s
局7 v4 Rd7 5.00s
局7 Stockfish_skill_3 Rf8 1.00s
局7 v4 Nbd8 5.00s
局7 Stockfish_skill_3 f6 1.00s
局7 v4 Nxe6 5.00s
局7 Stockfish_skill_3 Rg8 1.00s
局7 v4 Rf7 5.00s
局7 Stockfish_skill_3 g6 1.00s
局7 v4 Ne7 5.00s
局7 Stockfish_skill_3 f5 1.00s
局7 v4 Ng5 5.00s
局7 Stockfish_skill_3 Rg7 0.01s
局7 v4 Rf8+ 4.99s
局7 Stockfish_skill_3 Rg8 0.00s
局7 v4 Rxg8# 0.00s
局7结束 1-0 CHECKMATE
局8 Stockfish_skill_3 Bg5 1.02s
局8 v4 dxc4 5.00s
局8 Stockfish_skill_3 Bxf6 1.00s
局8 v4 Qxf6 5.00s
局8 Stockfish_skill_3 e3 1.00s
局8 v4 Nc6 5.00s
局8 Stockfish_skill_3 a3 1.00s
局8 v4 e5 5.00s
局8 Stockfish_skill_3 d5 1.00s
局8 v4 Ne7 5.00s
局8 Stockfish_skill_3 Bxc4 1.00s
局8 v4 c6 5.00s
局8 Stockfish_skill_3 h4 1.00s
局8 v4 cxd5 5.00s
局8 Stockfish_skill_3 Bb5+ 1.00s
局8 v4 Kd8 5.00s
局8 Stockfish_skill_3 Nxd5 1.00s
局8 v4 Nxd5 5.00s
局8 Stockfish_skill_3 Bc4 1.00s
局8 v4 Bxa3 5.00s
局8 Stockfish_skill_3 Rxa3 1.00s
局8 v4 Qd6 5.00s
局8 Stockfish_skill_3 Bxd5 1.00s
局8 v4 Rf8 5.00s
局8 Stockfish_skill_3 Bf3 1.00s
局8 v4 Qxd1+ 1.43s
局8 Stockfish_skill_3 Kxd1 1.00s
局8 v4 Re8 5.00s
局8 Stockfish_skill_3 Nh3 1.00s
局8 v4 Bxh3 5.00s
局8 Stockfish_skill_3 gxh3 1.00s
局8 v4 e4 3.34s
局8 Stockfish_skill_3 Be2 1.00s
局8 v4 a6 5.00s
局8 Stockfish_skill_3 Kd2 1.00s
局8 v4 Rc8 5.00s
局8 Stockfish_skill_3 Bg4 1.00s
局8 v4 Rc6 4.37s
局8 Stockfish_skill_3 Rd1 1.00s
局8 v4 Kc7 2.38s
局8 Stockfish_skill_3 Ke1 1.00s
局8 v4 Rd8 3.82s
局8 Stockfish_skill_3 b4 1.00s
局8 v4 Rxd1+ 5.00s
局8 Stockfish_skill_3 Kxd1 1.00s
局8 v4 g6 4.76s
局8 Stockfish_skill_3 h5 1.00s
局8 v4 b5 3.60s
局8 Stockfish_skill_3 Be2 1.00s
局8 v4 Rd6+ 3.19s
局8 Stockfish_skill_3 Ke1 1.00s
局8 v4 Rc6 3.33s
局8 Stockfish_skill_3 f3 1.00s
局8 v4 gxh5 2.77s
局8 Stockfish_skill_3 Kd2 1.00s
局8 v4 Rd6+ 1.63s
局8 Stockfish_skill_3 Kc3 1.00s
局8 v4 exf3 2.49s
局8 Stockfish_skill_3 Bxf3 1.00s
局8 v4 h4 2.95s
局8 Stockfish_skill_3 Ra1 1.00s
局8 v4 Rf6 5.00s
局8 Stockfish_skill_3 Bd5 1.00s
局8 v4 Kb6 4.16s
局8 Stockfish_skill_3 Kd3 1.00s
局8 v4 Ka7 2.78s
局8 Stockfish_skill_3 Rc1 1.00s
局8 v4 Kb8 1.74s
局8 Stockfish_skill_3 Kd4 1.00s
局8 v4 Rf2 1.87s
局8 Stockfish_skill_3 e4 1.00s
局8 v4 Rf6 3.46s
局8 Stockfish_skill_3 Rc2 1.00s
局8 v4 h5 3.39s
局8 Stockfish_skill_3 Rc1 1.00s
局8 v4 Rf2 1.83s
局8 Stockfish_skill_3 Ra1 1.00s
局8 v4 Ka7 2.24s
局8 Stockfish_skill_3 Rc1 1.00s
局8 v4 Kb8 1.53s
局8 Stockfish_skill_3 e5 1.00s
局8 v4 f6 2.78s
局8 Stockfish_skill_3 e6 1.00s
局8 v4 Re2 2.92s
局8 Stockfish_skill_3 Ra1 1.00s
局8 v4 Kc7 2.50s
局8 Stockfish_skill_3 Rxa6 1.00s
局8 v4 Rd2+ 1.63s
局8 Stockfish_skill_3 Kc5 1.00s
局8 v4 f5 2.07s
局8 Stockfish_skill_3 Rc6+ 1.00s
局8 v4 Kd8 0.53s
局8 Stockfish_skill_3 Kd6 1.00s
局8 v4 Rxd5+ 0.41s
局8 Stockfish_skill_3 Kxd5 1.00s
局8 v4 f4 0.39s
局8 Stockfish_skill_3 Rb6 1.00s
局8 v4 Ke7 0.33s
局8 Stockfish_skill_3 Rb7+ 1.00s
局8 v4 Ke8 0.80s
局8 Stockfish_skill_3 Ke5 1.00s
局8 v4 f3 0.33s
局8 Stockfish_skill_3 Rf7 1.00s
局8 v4 Kd8 0.50s
局8 Stockfish_skill_3 Kd6 1.00s
局8 v4 Kc8 0.45s
局8 Stockfish_skill_3 Ra7 0.13s
局8 v4 Kb8 0.39s
局8 Stockfish_skill_3 Rd7 0.12s
局8 v4 Ka8 0.24s
局8 Stockfish_skill_3 e7 0.02s
局8 v4 f2 0.40s
局8 Stockfish_skill_3 Rc7 0.00s
局8 v4 f1=Q 0.61s
局8 Stockfish_skill_3 e8=R# 1.00s
局8结束 1-0 CHECKMATE
