C:\Users\maxw\chess_ai\.venv\Lib\site-packages\torch\jit\_trace.py:1006: FutureWarning: `torch.jit.trace` is deprecated. Please switch to `torch.compile` or `torch.export`.
  warnings.warn(
C:\Users\maxw\chess_ai\.venv\Lib\site-packages\torch\jit\_trace.py:1145: FutureWarning: `torch.jit.trace_method` is deprecated. Please switch to `torch.compile` or `torch.export`.
  warnings.warn(
C:\Users\maxw\chess_ai\.venv\Lib\site-packages\torch\jit\_freeze.py:106: FutureWarning: `torch.jit.freeze` is deprecated. Please use `torch.compile` instead.
  warnings.warn(
局3 v4 cxd5 5.00s
局3 Stockfish_skill_0 Bb4 1.02s
局3 v4 Qa4+ 1.62s
局3 Stockfish_skill_0 Qd7 1.00s
局3 v4 Qxb4 3.71s
局3 Stockfish_skill_0 exd5 1.00s
局3 v4 Qb3 5.00s
局3 Stockfish_skill_0 Qd6 1.00s
局3 v4 Nf3 5.00s
局3 Stockfish_skill_0 Qd8 1.00s
局3 v4 Bd2 5.00s
局3 Stockfish_skill_0 Ne4 1.00s
局3 v4 Qxd5 5.00s
局3 Stockfish_skill_0 Qxd5 1.00s
局3 v4 Nxd5 5.00s
局3 Stockfish_skill_0 Na6 1.00s
局3 v4 Be3 5.00s
局3 Stockfish_skill_0 Kd8 1.00s
局3 v4 Ng5 5.00s
局3 Stockfish_skill_0 c6 1.00s
局3 v4 Nxf7+ 5.00s
局3 Stockfish_skill_0 Kd7 1.00s
局3 v4 Nxh8 5.00s
局3 Stockfish_skill_0 Nxf2 1.00s
局3 v4 Kxf2 4.88s
局3 Stockfish_skill_0 g5 1.00s
局3 v4 Nf6+ 4.56s
局3 Stockfish_skill_0 Ke6 1.00s
局3 v4 Bxg5 5.00s
局3 Stockfish_skill_0 Bd7 1.00s
局3 v4 Nf7 5.00s
局3 Stockfish_skill_0 Kxf7 1.00s
局3 v4 Nxd7 5.00s
局3 Stockfish_skill_0 Ke6 1.00s
局3 v4 Ne5 5.00s
局3 Stockfish_skill_0 Nb4 1.00s
局3 v4 e4 5.00s
局3 Stockfish_skill_0 Rf8+ 1.00s
局3 v4 Kg3 5.00s
局3 Stockfish_skill_0 h5 1.00s
局3 v4 Ng6 5.00s
局3 Stockfish_skill_0 Rxf1 1.00s
局3 v4 Rhxf1 5.00s
局3 Stockfish_skill_0 Nc2 1.00s
局3 v4 d5+ 5.00s
局3 Stockfish_skill_0 Kd6 1.00s
局3 v4 Rac1 5.00s
局3 Stockfish_skill_0 Nd4 1.00s
局3 v4 Rf6+ 5.00s
局3 Stockfish_skill_0 Ne6 1.00s
局3 v4 dxe6 5.00s
局3 Stockfish_skill_0 h4+ 1.00s
局3 v4 Kg4 5.00s
局3 Stockfish_skill_0 Kc7 1.00s
局3 v4 e7 5.00s
局3 Stockfish_skill_0 a5 1.00s
局3 v4 e8=Q 5.00s
局3 Stockfish_skill_0 b6 1.00s
局3 v4 Rf7+ 5.00s
局3 Stockfish_skill_0 Kd6 0.00s
局3 v4 Bf4# 0.00s
局3结束 1-0 CHECKMATE
局4 Stockfish_skill_0 Qa4+ 1.01s
局4 v4 Bd7 5.00s
局4 Stockfish_skill_0 Qd1 1.00s
局4 v4 dxc4 5.00s
局4 Stockfish_skill_0 e4 1.00s
局4 v4 Bb4 5.00s
局4 Stockfish_skill_0 e5 1.00s
局4 v4 Ne4 5.00s
局4 Stockfish_skill_0 Ne2 1.00s
局4 v4 Qh4 5.00s
局4 Stockfish_skill_0 g3 1.00s
局4 v4 Qg4 5.00s
局4 Stockfish_skill_0 Be3 1.00s
局4 v4 Qf3 5.00s
局4 Stockfish_skill_0 Rg1 1.00s
局4 v4 O-O 5.00s
局4 Stockfish_skill_0 Bg2 1.00s
局4 v4 Qg4 5.00s
局4 Stockfish_skill_0 a3 1.00s
局4 v4 Ba5 5.00s
局4 Stockfish_skill_0 Qc2 1.00s
局4 v4 Nxc3 5.00s
局4 Stockfish_skill_0 Nxc3 1.00s
局4 v4 Bc6 5.00s
局4 Stockfish_skill_0 f4 1.00s
局4 v4 Bxg2 5.00s
局4 Stockfish_skill_0 Qxg2 1.00s
局4 v4 Nc6 5.00s
局4 Stockfish_skill_0 h3 1.00s
局4 v4 Qf5 5.00s
局4 Stockfish_skill_0 g4 1.00s
局4 v4 Qd3 5.00s
局4 Stockfish_skill_0 Qf3 1.00s
局4 v4 Nxd4 5.00s
局4 Stockfish_skill_0 Bxd4 1.00s
局4 v4 Qxf3 5.00s
局4 Stockfish_skill_0 Bc5 1.00s
局4 v4 Qe4+ 5.00s
局4 Stockfish_skill_0 Kd1 1.00s
局4 v4 Rad8+ 5.00s
局4 Stockfish_skill_0 Nd5 1.00s
局4 v4 Rxd5+ 5.00s
局4 Stockfish_skill_0 Kc1 0.10s
局4 v4 Rd2 5.00s
局4 Stockfish_skill_0 f5 0.00s
局4 v4 Qc2# 0.00s
局4结束 0-1 CHECKMATE
