C:\Users\maxw\chess_ai\.venv\Lib\site-packages\torch\jit\_trace.py:1006: FutureWarning: `torch.jit.trace` is deprecated. Please switch to `torch.compile` or `torch.export`.
  warnings.warn(
C:\Users\maxw\chess_ai\.venv\Lib\site-packages\torch\jit\_trace.py:1145: FutureWarning: `torch.jit.trace_method` is deprecated. Please switch to `torch.compile` or `torch.export`.
  warnings.warn(
C:\Users\maxw\chess_ai\.venv\Lib\site-packages\torch\jit\_freeze.py:106: FutureWarning: `torch.jit.freeze` is deprecated. Please use `torch.compile` instead.
  warnings.warn(
局1 v4 O-O 5.00s
局1 Stockfish_skill_0 d6 1.02s
局1 v4 Nc3 5.00s
局1 Stockfish_skill_0 Bb6 1.00s
局1 v4 d3 5.00s
局1 Stockfish_skill_0 Be6 1.00s
局1 v4 Ng5 5.00s
局1 Stockfish_skill_0 Bxc4 1.00s
局1 v4 dxc4 5.00s
局1 Stockfish_skill_0 h6 1.00s
局1 v4 Qh5 5.00s
局1 Stockfish_skill_0 g6 1.00s
局1 v4 Qh3 5.00s
局1 Stockfish_skill_0 Nf6 1.00s
局1 v4 Nf3 5.00s
局1 Stockfish_skill_0 Qc8 1.00s
局1 v4 Qh4 5.00s
局1 Stockfish_skill_0 Ng8 1.00s
局1 v4 Nd5 5.00s
局1 Stockfish_skill_0 Nce7 1.00s
局1 v4 Nxe7 5.00s
局1 Stockfish_skill_0 Nxe7 1.00s
局1 v4 Qf6 5.00s
局1 Stockfish_skill_0 O-O 1.00s
局1 v4 Bxh6 5.00s
局1 Stockfish_skill_0 Qf5 0.10s
局1 v4 Qg7# 0.00s
局1结束 1-0 CHECKMATE
局2 Stockfish_skill_0 O-O 1.01s
局2 v4 Qf6 5.00s
局2 Stockfish_skill_0 c3 1.00s
局2 v4 d6 5.00s
局2 Stockfish_skill_0 Be2 1.00s
局2 v4 Be6 5.00s
局2 Stockfish_skill_0 d4 1.00s
局2 v4 exd4 5.00s
局2 Stockfish_skill_0 b4 1.00s
局2 v4 dxc3 5.00s
局2 Stockfish_skill_0 Bg5 1.00s
局2 v4 c2 5.00s
局2 Stockfish_skill_0 bxc5 1.00s
局2 v4 cxd1=Q 5.00s
局2 Stockfish_skill_0 Bxd1 1.00s
局2 v4 Qxa1 5.00s
局2 Stockfish_skill_0 Be7 1.00s
局2 v4 Kxe7 5.00s
局2 Stockfish_skill_0 Ba4 1.00s
局2 v4 dxc5 5.00s
局2 Stockfish_skill_0 a3 1.00s
局2 v4 Rf8 5.00s
局2 Stockfish_skill_0 Nbd2 1.00s
局2 v4 Qxa3 5.00s
局2 Stockfish_skill_0 Bxc6 1.00s
局2 v4 bxc6 5.00s
局2 Stockfish_skill_0 Ne5 1.00s
局2 v4 f6 5.00s
局2 Stockfish_skill_0 Nxc6+ 1.00s
局2 v4 Kd6 2.68s
局2 Stockfish_skill_0 Nb1 1.00s
局2 v4 Qa4 5.00s
局2 Stockfish_skill_0 e5+ 1.00s
局2 v4 Kxc6 3.45s
局2 Stockfish_skill_0 g3 1.00s
局2 v4 Bh3 5.00s
局2 Stockfish_skill_0 Rc1 1.00s
局2 v4 Qe4 5.00s
局2 Stockfish_skill_0 Rxc5+ 0.01s
局2 v4 Kxc5 0.94s
局2 Stockfish_skill_0 f4 0.00s
局2 v4 Qg2# 0.00s
局2结束 0-1 CHECKMATE
