C:\Users\maxw\chess_ai\.venv\Lib\site-packages\torch\jit\_trace.py:1006: FutureWarning: `torch.jit.trace` is deprecated. Please switch to `torch.compile` or `torch.export`.
  warnings.warn(
C:\Users\maxw\chess_ai\.venv\Lib\site-packages\torch\jit\_trace.py:1145: FutureWarning: `torch.jit.trace_method` is deprecated. Please switch to `torch.compile` or `torch.export`.
  warnings.warn(
C:\Users\maxw\chess_ai\.venv\Lib\site-packages\torch\jit\_freeze.py:106: FutureWarning: `torch.jit.freeze` is deprecated. Please use `torch.compile` instead.
  warnings.warn(
局11 v4 cxd5 5.00s
局11 Stockfish_skill_6 c5 1.01s
局11 v4 dxc6 5.00s
局11 Stockfish_skill_6 b5 1.00s
局11 v4 e4 5.00s
局11 Stockfish_skill_6 b4 1.00s
局11 v4 e5 5.00s
局11 Stockfish_skill_6 bxc3 1.00s
局11 v4 Bb5 5.00s
局11 Stockfish_skill_6 Qa5 1.00s
局11 v4 c7+ 5.00s
局11 Stockfish_skill_6 Qxb5 1.00s
局11 v4 cxb8=Q 5.00s
局11 Stockfish_skill_6 Rxb8 1.00s
局11 v4 bxc3 5.00s
局11 Stockfish_skill_6 Nd7 1.00s
局11 v4 Nf3 5.00s
局11 Stockfish_skill_6 Bb7 1.00s
局11 v4 a4 5.00s
局11 Stockfish_skill_6 Qc6 1.00s
局11 v4 Qc2 5.00s
局11 Stockfish_skill_6 Ba6 1.00s
局11 v4 Kd1 5.00s
局11 Stockfish_skill_6 h6 1.00s
局11 v4 Nh4 5.00s
局11 Stockfish_skill_6 Bc4 1.00s
局11 v4 Kd2 5.00s
局11 Stockfish_skill_6 Bb3 1.00s
局11 v4 Qd3 5.00s
局11 Stockfish_skill_6 Nxe5 1.00s
局11 v4 Qg3 5.00s
局11 Stockfish_skill_6 Nc4+ 1.00s
局11 v4 Ke2 5.00s
局11 Stockfish_skill_6 Qe4+ 1.00s
局11 v4 Be3 5.00s
局11 Stockfish_skill_6 Qc2+ 1.00s
局11 v4 Kf3 4.29s
局11 Stockfish_skill_6 Bd6 1.00s
局11 v4 Qxg7 5.00s
局11 Stockfish_skill_6 Ke7 1.00s
局11 v4 Bxh6 5.00s
局11 Stockfish_skill_6 Rbg8 1.00s
局11 v4 Bg5+ 4.82s
局11 Stockfish_skill_6 Ke8 1.00s
局11 v4 Qf6 5.00s
局11 Stockfish_skill_6 Qd3+ 1.00s
局11 v4 Kg4 5.00s
局11 Stockfish_skill_6 Rxg5+ 1.00s
局11 v4 Qxg5 4.61s
局11 Stockfish_skill_6 f5+ 1.00s
局11 v4 Nxf5 3.42s
局11 Stockfish_skill_6 Qe4+ 1.00s
局11 v4 f4 2.95s
局11 Stockfish_skill_6 exf5+ 1.00s
局11 v4 Kg3 3.58s
局11 Stockfish_skill_6 Qd3+ 1.00s
局11 v4 Kf2 2.38s
局11 Stockfish_skill_6 Qd2+ 1.00s
局11 v4 Kf1 4.90s
局11 Stockfish_skill_6 Qd3+ 1.00s
局11 v4 Kg1 2.02s
局11 Stockfish_skill_6 Qe3+ 1.00s
局11 v4 Kf1 2.88s
局11 Stockfish_skill_6 Qd3+ 1.00s
局11 v4 Kg1 3.27s
局11 Stockfish_skill_6 Qe3+ 1.00s
局11 v4 Kf1 4.79s
局11结束 1/2-1/2 claimed_threefold
局12 Stockfish_skill_6 Bg5 1.01s
局12 v4 dxc4 5.00s
局12 Stockfish_skill_6 e4 1.00s
局12 v4 Nc6 5.00s
局12 Stockfish_skill_6 Bxc4 1.00s
局12 v4 Qxd4 5.00s
局12 Stockfish_skill_6 Bb5 1.00s
局12 v4 Qxd1+ 5.00s
局12 Stockfish_skill_6 Kxd1 1.00s
局12 v4 Bd7 5.00s
局12 Stockfish_skill_6 Bxc6 1.00s
局12 v4 Bxc6 2.81s
局12 Stockfish_skill_6 f3 1.00s
局12 v4 Bb4 5.00s
局12 Stockfish_skill_6 Nge2 1.00s
局12 v4 Rd8+ 5.00s
局12 Stockfish_skill_6 Bd2 1.00s
局12 v4 Bb5 5.00s
局12 Stockfish_skill_6 a3 1.00s
局12 v4 Bxc3 5.00s
局12 Stockfish_skill_6 Nxc3 1.00s
局12 v4 Bd3 5.00s
局12 Stockfish_skill_6 b4 1.00s
局12 v4 Rd4 5.00s
局12 Stockfish_skill_6 Ke1 1.00s
局12 v4 Rf8 5.00s
局12 Stockfish_skill_6 Na4 1.00s
局12 v4 Bb5 5.00s
局12 Stockfish_skill_6 Nc3 1.00s
局12 v4 Bd3 5.00s
局12 Stockfish_skill_6 Na4 1.00s
局12 v4 Bb5 5.00s
局12 Stockfish_skill_6 Nc3 1.00s
局12 v4 Bc4 5.00s
局12 Stockfish_skill_6 Nd1 1.00s
局12 v4 Nxe4 5.00s
局12 Stockfish_skill_6 fxe4 1.00s
局12 v4 Rxe4+ 5.00s
局12 Stockfish_skill_6 Be3 1.00s
局12 v4 Re5 5.00s
局12 Stockfish_skill_6 Rc1 1.00s
局12 v4 Re4 5.00s
局12 Stockfish_skill_6 Kf2 1.00s
局12 v4 b6 5.00s
局12 Stockfish_skill_6 Nb2 1.00s
局12 v4 Bb5 5.00s
局12 Stockfish_skill_6 Kf3 1.00s
局12 v4 Re5 5.00s
局12 Stockfish_skill_6 a4 1.00s
局12 v4 Rf5+ 5.00s
局12 Stockfish_skill_6 Kg4 1.00s
局12 v4 Be2+ 5.00s
局12 Stockfish_skill_6 Kg3 1.00s
局12 v4 h5 5.00s
局12 Stockfish_skill_6 h4 1.00s
局12 v4 Re5 5.00s
局12 Stockfish_skill_6 Kf2 1.00s
局12 v4 Bg4 5.00s
局12 Stockfish_skill_6 Rxc7 1.00s
局12 v4 Rf5+ 5.00s
局12 Stockfish_skill_6 Kg1 1.00s
局12 v4 Be2 5.00s
局12 Stockfish_skill_6 Kh2 1.00s
局12 v4 a5 5.00s
局12 Stockfish_skill_6 Rb7 1.00s
局12 v4 axb4 5.00s
局12 Stockfish_skill_6 Rc1 1.00s
局12 v4 Rc5 4.45s
局12 Stockfish_skill_6 Rb8+ 1.00s
局12 v4 Ke7 1.93s
局12 Stockfish_skill_6 Rb7+ 1.00s
局12 v4 Kf6 2.77s
局12 Stockfish_skill_6 Bxc5 1.00s
局12 v4 bxc5 3.70s
局12 Stockfish_skill_6 a5 1.00s
局12 v4 Rc8 5.00s
局12 Stockfish_skill_6 Rxb4 1.00s
局12 v4 cxb4 5.00s
局12 Stockfish_skill_6 Rxc8 1.00s
局12 v4 Kg6 5.00s
局12 Stockfish_skill_6 Rc6 1.00s
局12 v4 Kf6 5.00s
局12 Stockfish_skill_6 a6 1.00s
局12 v4 Bb5 1.71s
局12 Stockfish_skill_6 Rd6 1.00s
局12 v4 Bxa6 2.66s
局12 Stockfish_skill_6 g3 1.00s
局12 v4 Be2 1.50s
局12 Stockfish_skill_6 Kg2 1.00s
局12 v4 Kf5 3.89s
局12 Stockfish_skill_6 Kf2 1.00s
局12 v4 Bg4 1.57s
局12 Stockfish_skill_6 Rd7 1.00s
局12 v4 Kf6 1.27s
局12 Stockfish_skill_6 Rb7 1.00s
局12 v4 g5 2.14s
局12 Stockfish_skill_6 Rb6 1.00s
局12 v4 gxh4 0.83s
局12 Stockfish_skill_6 gxh4 1.00s
局12 v4 Kg7 1.86s
局12 Stockfish_skill_6 Nc4 1.00s
局12 v4 Bf5 2.20s
局12 Stockfish_skill_6 Rxb4 1.00s
局12 v4 Bd3 3.17s
局12 Stockfish_skill_6 Nb2 1.00s
局12 v4 Bb1 3.31s
局12 Stockfish_skill_6 Nd1 1.00s
局12 v4 Bf5 3.39s
局12 Stockfish_skill_6 Ne3 1.00s
局12 v4 Bd3 2.12s
局12 Stockfish_skill_6 Nc4 1.00s
局12 v4 f6 3.50s
局12 Stockfish_skill_6 Kf3 1.00s
局12 v4 e5 3.19s
局12 Stockfish_skill_6 Nd6 1.00s
局12 v4 Kg6 3.27s
局12 Stockfish_skill_6 Rb6 1.00s
局12 v4 Kh7 3.41s
局12 Stockfish_skill_6 Ke3 1.00s
局12 v4 Bc2 1.95s
局12 Stockfish_skill_6 Ra6 1.00s
局12 v4 Bg6 2.14s
局12 Stockfish_skill_6 Rc6 1.00s
局12 v4 Kg7 2.42s
局12 Stockfish_skill_6 Rc7+ 1.00s
局12 v4 Kg8 2.57s
局12 Stockfish_skill_6 Kf3 1.00s
局12 v4 f5 2.44s
局12 Stockfish_skill_6 Ra7 1.00s
局12 v4 Kf8 1.72s
局12 Stockfish_skill_6 Nc4 1.00s
局12 v4 e4+ 0.44s
局12 Stockfish_skill_6 Kf4 1.00s
局12 v4 Bf7 1.32s
局12 Stockfish_skill_6 Nd6 1.00s
局12 v4 Be6 1.64s
局12 Stockfish_skill_6 Ke5 1.00s
局12 v4 Bb3 1.07s
局12 Stockfish_skill_6 Rb7 1.00s
局12 v4 Bc2 1.22s
局12 Stockfish_skill_6 Kf6 1.00s
局12 v4 Kg8 0.83s
局12 Stockfish_skill_6 Nf7 1.00s
局12 v4 Ba4 0.79s
局12 Stockfish_skill_6 Rb8+ 1.00s
局12 v4 Be8 0.50s
局12 Stockfish_skill_6 Rxe8+ 1.00s
局12 v4 Kh7 0.31s
局12 Stockfish_skill_6 Rh8# 0.01s
局12结束 1-0 CHECKMATE
