本次candidate： C:\Users\maxw\chess_ai\value_full_runs\20260908_113914_349502\value_full_epoch2.pt
交换颜色两局；双方CPU1线程，每步5秒、深度上限5。

===== 第 19/20 盘：苏格兰式，白方 candidate，黑方 material =====
4. candidate：Nxd4 | 深度 3 | 5.00 秒
4... material：Nf6 | 深度 4 | 5.00 秒
5. candidate：Nxc6 | 深度 3 | 5.00 秒
5... material：bxc6 | 深度 4 | 5.00 秒
6. candidate：Qe2 | 深度 3 | 5.00 秒
6... material：d6 | 深度 4 | 5.00 秒
7. candidate：Bg5 | 深度 3 | 5.00 秒
7... material：Be7 | 深度 4 | 5.00 秒
8. candidate：Bxf6 | 深度 3 | 5.00 秒
8... material：Bxf6 | 深度 4 | 5.00 秒
9. candidate：c3 | 深度 3 | 5.00 秒
9... material：O-O | 深度 4 | 5.00 秒
10. candidate：Nd2 | 深度 3 | 5.00 秒
10... material：Re8 | 深度 4 | 5.00 秒
11. candidate：O-O-O | 深度 3 | 5.00 秒
11... material：Bg5 | 深度 4 | 5.00 秒
12. candidate：Qf3 | 深度 3 | 5.00 秒
12... material：Qf6 | 深度 3 | 5.00 秒
13. candidate：Bd3 | 深度 3 | 5.00 秒
13... material：Bb7 | 深度 3 | 5.00 秒
14. candidate：Kb1 | 深度 3 | 5.00 秒
14... material：Bf4 | 深度 4 | 5.00 秒
15. candidate：Qh3 | 深度 2 | 5.00 秒
15... material：a5 | 深度 3 | 5.00 秒
16. candidate：e5 | 深度 3 | 5.00 秒
16... material：Qxe5 | 深度 4 | 5.00 秒
17. candidate：Nc4 | 深度 3 | 5.00 秒
17... material：Qc5 | 深度 4 | 5.00 秒
18. candidate：Qxh7+ | 深度 3 | 5.00 秒
18... material：Kf8 | 深度 4 | 5.00 秒
19. candidate：Qh8+ | 深度 3 | 5.00 秒
19... material：Ke7 | 深度 4 | 5.00 秒
20. candidate：Qxg7 | 深度 3 | 5.00 秒
20... material：Qxf2 | 深度 3 | 5.00 秒
21. candidate：Bg6 | 深度 2 | 5.00 秒
21... material：Rf8 | 深度 3 | 5.00 秒
22. candidate：Rde1+ | 深度 2 | 5.00 秒
22... material：Be5 | 深度 4 | 5.00 秒
23. candidate：Nxe5 | 深度 3 | 5.00 秒
23... material：dxe5 | 深度 3 | 5.00 秒
24. candidate：Rxe5+ | 深度 4 | 5.00 秒
24... material：Kd7 | 深度 4 | 5.00 秒
25. candidate：Rd1+ | 深度 3 | 5.00 秒
25... material：Qd4 | 深度 5 | 1.26 秒
26. candidate：Rxd4+ | 深度 4 | 5.00 秒
26... material：Kc8 | 深度 5 | 3.59 秒
27. candidate：Qxf8# | 深度 0 | 0.00 秒
本盘结果：1-0，原因：CHECKMATE

===== 第 20/20 盘：苏格兰式，白方 material，黑方 candidate =====
4. material：Nxd4 | 深度 4 | 5.00 秒
4... candidate：Nxd4 | 深度 3 | 5.00 秒
5. material：Qxd4 | 深度 4 | 5.00 秒
5... candidate：Qf6 | 深度 3 | 5.00 秒
6. material：Qe3 | 深度 4 | 5.00 秒
6... candidate：Bd6 | 深度 2 | 5.00 秒
7. material：Nc3 | 深度 3 | 5.00 秒
7... candidate：Qh4 | 深度 2 | 5.00 秒
8. material：g3 | 深度 3 | 5.00 秒
8... candidate：Qe7 | 深度 3 | 5.00 秒
9. material：Bg2 | 深度 3 | 5.00 秒
9... candidate：Qe5 | 深度 2 | 5.00 秒
10. material：O-O | 深度 3 | 5.00 秒
10... candidate：Qh5 | 深度 2 | 5.00 秒
11. material：Nd5 | 深度 3 | 5.00 秒
11... candidate：Qh6 | 深度 3 | 5.00 秒
12. material：Qc3 | 深度 4 | 5.00 秒
12... candidate：Qg6 | 深度 3 | 5.00 秒
13. material：Nxc7+ | 深度 3 | 5.00 秒
13... candidate：Bxc7 | 深度 4 | 5.00 秒
14. material：Qxc7 | 深度 4 | 5.00 秒
14... candidate：Qc6 | 深度 3 | 5.00 秒
15. material：Qe5+ | 深度 4 | 5.00 秒
15... candidate：Kf8 | 深度 3 | 5.00 秒
16. material：Qc3 | 深度 3 | 5.00 秒
16... candidate：Nf6 | 深度 3 | 5.00 秒
17. material：Rd1 | 深度 4 | 5.00 秒
17... candidate：Ng4 | 深度 3 | 5.00 秒
18. material：h3 | 深度 3 | 5.00 秒
18... candidate：Nf6 | 深度 3 | 5.00 秒
19. material：e5 | 深度 3 | 5.00 秒
19... candidate：Qxc3 | 深度 4 | 5.00 秒
20. material：bxc3 | 深度 4 | 5.00 秒
20... candidate：Ng8 | 深度 4 | 5.00 秒
21. material：Bf4 | 深度 4 | 5.00 秒
21... candidate：f6 | 深度 3 | 5.00 秒
22. material：exf6 | 深度 4 | 5.00 秒
22... candidate：Nxf6 | 深度 4 | 5.00 秒
23. material：Rab1 | 深度 4 | 5.00 秒
23... candidate：d5 | 深度 3 | 5.00 秒
24. material：Bd6+ | 深度 3 | 5.00 秒
24... candidate：Kf7 | 深度 3 | 5.00 秒
25. material：Bxd5+ | 深度 3 | 5.00 秒
25... candidate：Nxd5 | 深度 4 | 5.00 秒
26. material：Rxd5 | 深度 4 | 5.00 秒
26... candidate：b6 | 深度 3 | 5.00 秒
27. material：Rh5 | 深度 4 | 5.00 秒
27... candidate：Be6 | 深度 3 | 5.00 秒
28. material：Ra1 | 深度 4 | 5.00 秒
28... candidate：Rac8 | 深度 3 | 5.00 秒
29. material：Be5 | 深度 4 | 5.00 秒
29... candidate：Kg6 | 深度 3 | 5.00 秒
30. material：g4 | 深度 4 | 5.00 秒
30... candidate：h6 | 深度 3 | 5.00 秒
31. material：f4 | 深度 4 | 5.00 秒
31... candidate：Bc4 | 深度 3 | 5.00 秒
32. material：f5+ | 深度 4 | 5.00 秒
32... candidate：Kf7 | 深度 3 | 5.00 秒
33. material：Bd4 | 深度 4 | 5.00 秒
33... candidate：Rhe8 | 深度 3 | 5.00 秒
34. material：Rd1 | 深度 4 | 5.00 秒
34... candidate：Re2 | 深度 3 | 5.00 秒
35. material：f6 | 深度 4 | 5.00 秒
35... candidate：Rxc2 | 深度 3 | 5.00 秒
36. material：fxg7 | 深度 4 | 5.00 秒
36... candidate：Rxa2 | 深度 3 | 5.00 秒
37. material：Rxh6 | 深度 4 | 5.00 秒
37... candidate：Ke7 | 深度 3 | 5.00 秒
38. material：Rh8 | 深度 4 | 5.00 秒
38... candidate：Bg8 | 深度 3 | 5.00 秒
39. material：Kf1 | 深度 3 | 5.00 秒
39... candidate：Rc2 | 深度 3 | 5.00 秒
40. material：Ra1 | 深度 4 | 5.00 秒
40... candidate：a5 | 深度 3 | 5.00 秒
41. material：Bxb6 | 深度 4 | 5.00 秒
41... candidate：R2xc3 | 深度 3 | 5.00 秒
42. material：Bxa5 | 深度 3 | 5.00 秒
42... candidate：Rc1+ | 深度 4 | 5.00 秒
43. material：Rxc1 | 深度 5 | 0.70 秒
43... candidate：Rxc1+ | 深度 5 | 4.46 秒
44. material：Ke2 | 深度 5 | 3.19 秒
44... candidate：Kf7 | 深度 4 | 5.00 秒
45. material：Kd2 | 深度 5 | 2.46 秒
45... candidate：Rc8 | 深度 4 | 5.00 秒
46. material：Bc3 | 深度 5 | 1.29 秒
46... candidate：Rd8+ | 深度 4 | 5.00 秒
47. material：Ke3 | 深度 5 | 2.60 秒
47... candidate：Rc8 | 深度 4 | 5.00 秒
48. material：Bd4 | 深度 5 | 3.12 秒
48... candidate：Re8+ | 深度 4 | 5.00 秒
49. material：Kf2 | 深度 5 | 2.22 秒
49... candidate：Rd8 | 深度 4 | 5.00 秒
50. material：Be5 | 深度 5 | 4.40 秒
50... candidate：Rd5 | 深度 4 | 5.00 秒
51. material：Rh5 | 深度 5 | 3.37 秒
51... candidate：Rd3 | 深度 3 | 5.00 秒
52. material：Ke2 | 深度 4 | 5.00 秒
52... candidate：Ra3 | 深度 4 | 5.00 秒
53. material：Rh8 | 深度 4 | 5.00 秒
53... candidate：Ra7 | 深度 4 | 5.00 秒
54. material：Kd2 | 深度 4 | 5.00 秒
54... candidate：Re7 | 深度 4 | 5.00 秒
55. material：Bd4 | 深度 5 | 2.80 秒
55... candidate：Re4 | 深度 4 | 5.00 秒
56. material：Bc3 | 深度 5 | 3.18 秒
56... candidate：Rf4 | 深度 4 | 5.00 秒
57. material：Kd3 | 深度 4 | 5.00 秒
57... candidate：Rf3+ | 深度 4 | 5.00 秒
58. material：Kd2 | 深度 5 | 1.19 秒
58... candidate：Rf2+ | 深度 4 | 5.00 秒
59. material：Kd3 | 深度 5 | 3.13 秒
59... candidate：Rf3+ | 深度 4 | 5.00 秒
60. material：Kd2 | 深度 5 | 1.17 秒
60... candidate：Rf1 | 深度 4 | 5.00 秒
61. material：Bd4 | 深度 4 | 5.00 秒
61... candidate：Rf3 | 深度 4 | 5.00 秒
62. material：Be5 | 深度 4 | 5.00 秒
62... candidate：Rf1 | 深度 4 | 5.00 秒
63. material：Ke2 | 深度 4 | 5.00 秒
63... candidate：Rg1 | 深度 4 | 5.00 秒
64. material：Kf2 | 深度 4 | 5.00 秒
64... candidate：Rd1 | 深度 4 | 5.00 秒
65. material：Ke2 | 深度 4 | 5.00 秒
65... candidate：Rg1 | 深度 4 | 5.00 秒
66. material：Kf2 | 深度 4 | 5.00 秒
66... candidate：Rd1 | 深度 4 | 5.00 秒
67. material：Kf3 | 深度 4 | 5.00 秒
67... candidate：Re1 | 深度 4 | 5.00 秒
68. material：Kf4 | 深度 5 | 3.04 秒
68... candidate：Rc1 | 深度 3 | 5.00 秒
69. material：Kf5 | 深度 4 | 5.00 秒
69... candidate：Rf1+ | 深度 4 | 5.00 秒
70. material：Kg5 | 深度 5 | 1.20 秒
70... candidate：Re1 | 深度 4 | 5.00 秒
71. material：Kf4 | 深度 5 | 3.42 秒
71... candidate：Rc1 | 深度 3 | 5.00 秒
72. material：Kf5 | 深度 4 | 5.00 秒
72... candidate：Rf1+ | 深度 4 | 5.00 秒
73. material：Kg5 | 深度 5 | 1.43 秒
73... candidate：Re1 | 深度 4 | 5.00 秒
74. material：Bf6 | 深度 5 | 2.94 秒
74... candidate：Rf1 | 深度 4 | 5.00 秒
75. material：Rh6 | 深度 5 | 2.69 秒
75... candidate：Rd1 | 深度 3 | 5.00 秒
76. material：Rh8 | 深度 4 | 5.00 秒
76... candidate：Rd5+ | 深度 4 | 5.00 秒
77. material：Kh6 | 深度 5 | 0.92 秒
77... candidate：Rd3 | 深度 4 | 5.00 秒
78. material：Kg5 | 深度 5 | 1.14 秒
78... candidate：Rd5+ | 深度 4 | 5.00 秒
79. material：Kh6 | 深度 5 | 1.07 秒
79... candidate：Rd3 | 深度 4 | 5.00 秒
80. material：h4 | 深度 5 | 0.90 秒
80... candidate：Rg3 | 深度 4 | 5.00 秒
81. material：g5 | 深度 5 | 1.21 秒
81... candidate：Rg4 | 深度 4 | 5.00 秒
82. material：h5 | 深度 5 | 1.17 秒
82... candidate：Re4 | 深度 4 | 5.00 秒
83. material：g6+ | 深度 5 | 1.09 秒
83... candidate：Kxf6 | 深度 5 | 3.16 秒
84. material：Rxg8 | 深度 5 | 0.36 秒
84... candidate：Rg4 | 深度 4 | 5.00 秒
85. material：Rf8+ | 深度 5 | 0.34 秒
85... candidate：Ke5 | 深度 5 | 1.97 秒
86. material：g8=Q | 深度 5 | 1.10 秒
86... candidate：Rg1 | 深度 3 | 5.00 秒
87. material：Qh8+ | 深度 5 | 1.72 秒
87... candidate：Ke4 | 深度 4 | 5.00 秒
88. material：g7 | 深度 5 | 1.09 秒
88... candidate：Kd3 | 深度 5 | 3.70 秒
89. material：Qh7+ | 深度 5 | 2.11 秒
89... candidate：Kc3 | 深度 4 | 5.00 秒
90. material：Rf3+ | 深度 5 | 2.89 秒
90... candidate：Kb2 | 深度 5 | 3.45 秒
91. material：Rf2+ | 深度 4 | 5.00 秒
91... candidate：Kc3 | 深度 4 | 5.00 秒
92. material：Rf3+ | 深度 5 | 3.01 秒
92... candidate：Kb2 | 深度 5 | 3.44 秒
93. material：Rf2+ | 深度 4 | 5.00 秒
93... candidate：Kc3 | 深度 4 | 5.00 秒
94. material：g8=Q | 深度 5 | 2.60 秒
94... candidate：Rxg8 | 深度 5 | 1.28 秒
95. material：Qxg8 | 深度 5 | 1.32 秒
95... candidate：Kd3 | 深度 4 | 5.00 秒
96. material：Qg5 | 深度 4 | 5.00 秒
96... candidate：Kd4 | 深度 5 | 3.98 秒
97. material：Ra2 | 深度 4 | 5.00 秒
97... candidate：Kc4 | 深度 5 | 4.91 秒
98. material：Qg7 | 深度 4 | 5.00 秒
98... candidate：Kd3 | 深度 4 | 5.00 秒
99. material：Rh2 | 深度 4 | 5.00 秒
99... candidate：Ke3 | 深度 5 | 4.46 秒
100. material：Rh1 | 深度 4 | 5.00 秒
100... candidate：Kd3 | 深度 4 | 5.00 秒
101. material：Qh7+ | 深度 4 | 5.00 秒
101... candidate：Kd2 | 深度 4 | 5.00 秒
102. material：Qg7 | 深度 4 | 5.00 秒
102... candidate：Kd3 | 深度 4 | 5.00 秒
103. material：Qh7+ | 深度 4 | 5.00 秒
103... candidate：Kd2 | 深度 4 | 5.00 秒
104. material：Qh8 | 深度 4 | 5.00 秒
104... candidate：Kd3 | 深度 4 | 5.00 秒
105. material：Qg7 | 深度 4 | 5.00 秒
105... candidate：Kd2 | 深度 3 | 5.00 秒
106. material：Kh7 | 深度 4 | 5.00 秒
106... candidate：Ke2 | 深度 5 | 4.81 秒
107. material：Qg8 | 深度 4 | 5.00 秒
107... candidate：Kd2 | 深度 3 | 5.00 秒
108. material：h6 | 深度 4 | 5.00 秒
108... candidate：Kc3 | 深度 4 | 5.00 秒
109. material：Kg7 | 深度 4 | 5.00 秒
109... candidate：Kd2 | 深度 3 | 5.00 秒
110. material：h7 | 深度 4 | 5.00 秒
110... candidate：Kc3 | 深度 5 | 3.72 秒
111. material：h8=Q | 深度 4 | 5.00 秒
111... candidate：Kd3 | 深度 5 | 3.73 秒
112. material：Qd8+ | 深度 4 | 5.00 秒
112... candidate：Kc2 | 深度 3 | 5.00 秒
113. material：Qh3 | 深度 4 | 5.00 秒
113... candidate：Kb2 | 深度 5 | 3.79 秒
114. material：Qd2# | 深度 0 | 0.00 秒
本盘结果：1-0，原因：CHECKMATE
结果压缩包： C:\Users\maxw\chess_ai\full_arena_games\20260908_114659_639735\pair_10.zip

===== 比赛结束 =====
价值版获胜： 1
子力版获胜： 1
和棋： 0
达到步数上限未结束： 0
棋谱与搜索记录： C:\Users\maxw\chess_ai\full_arena_games\20260908_114659_639735\pair_10
