本次candidate： C:\Users\maxw\chess_ai\value_full_runs\20260908_113914_349502\value_full_epoch2.pt
交换颜色两局；双方CPU1线程，每步5秒、深度上限5。

===== 第 11/20 盘：法兰西式，白方 candidate，黑方 material =====
4. candidate：e5 | 深度 3 | 5.00 秒
4... material：Nfd7 | 深度 4 | 5.00 秒
5. candidate：Qh5 | 深度 2 | 5.00 秒
5... material：c5 | 深度 4 | 5.00 秒
6. candidate：dxc5 | 深度 3 | 5.00 秒
6... material：Bxc5 | 深度 3 | 5.00 秒
7. candidate：Ke2 | 深度 2 | 5.00 秒
7... material：g6 | 深度 3 | 5.00 秒
8. candidate：Qg5 | 深度 3 | 5.00 秒
8... material：Qxg5 | 深度 4 | 5.00 秒
9. candidate：Bxg5 | 深度 4 | 5.00 秒
9... material：Nc6 | 深度 3 | 5.00 秒
10. candidate：Nb5 | 深度 3 | 5.00 秒
10... material：O-O | 深度 3 | 5.00 秒
11. candidate：f4 | 深度 3 | 5.00 秒
11... material：a6 | 深度 4 | 5.00 秒
12. candidate：Nd6 | 深度 3 | 5.00 秒
12... material：Nd4+ | 深度 4 | 5.00 秒
13. candidate：Kd3 | 深度 4 | 5.00 秒
13... material：Bxd6 | 深度 4 | 5.00 秒
14. candidate：Kxd4 | 深度 4 | 5.00 秒
14... material：Bc5+ | 深度 5 | 4.22 秒
15. candidate：Kd3 | 深度 3 | 5.00 秒
15... material：Nb6 | 深度 4 | 5.00 秒
16. candidate：Bh6 | 深度 3 | 5.00 秒
16... material：Rd8 | 深度 5 | 4.33 秒
17. candidate：Bg5 | 深度 3 | 5.00 秒
17... material：Rd7 | 深度 4 | 5.00 秒
18. candidate：b3 | 深度 3 | 5.00 秒
18... material：Rc7 | 深度 4 | 5.00 秒
19. candidate：Bd8 | 深度 3 | 5.00 秒
19... material：Rd7 | 深度 5 | 4.66 秒
20. candidate：Bf6 | 深度 4 | 5.00 秒
20... material：Rc7 | 深度 4 | 5.00 秒
21. candidate：Bd8 | 深度 3 | 5.00 秒
21... material：Rd7 | 深度 5 | 4.96 秒
22. candidate：Bf6 | 深度 4 | 5.00 秒
22... material：Rc7 | 深度 4 | 5.00 秒
23. candidate：c3 | 深度 3 | 5.00 秒
23... material：Nd7 | 深度 4 | 5.00 秒
24. candidate：Bd8 | 深度 3 | 5.00 秒
24... material：Rc6 | 深度 4 | 5.00 秒
25. candidate：b4 | 深度 3 | 5.00 秒
25... material：Bb6 | 深度 4 | 5.00 秒
26. candidate：Bxb6 | 深度 3 | 5.00 秒
26... material：Nxb6 | 深度 5 | 3.95 秒
27. candidate：Be2 | 深度 3 | 5.00 秒
27... material：Nc4 | 深度 4 | 5.00 秒
28. candidate：Bg4 | 深度 3 | 5.00 秒
28... material：b5 | 深度 4 | 5.00 秒
29. candidate：Nf3 | 深度 3 | 5.00 秒
29... material：Rb6 | 深度 4 | 5.00 秒
30. candidate：Rhb1 | 深度 3 | 5.00 秒
30... material：Bb7 | 深度 4 | 5.00 秒
31. candidate：Rb3 | 深度 3 | 5.00 秒
31... material：Rc8 | 深度 4 | 5.00 秒
32. candidate：Rf1 | 深度 3 | 5.00 秒
32... material：h6 | 深度 4 | 5.00 秒
33. candidate：Kd4 | 深度 3 | 5.00 秒
33... material：Rbc6 | 深度 4 | 5.00 秒
34. candidate：Kd3 | 深度 3 | 5.00 秒
34... material：Ba8 | 深度 4 | 5.00 秒
35. candidate：Nd4 | 深度 3 | 5.00 秒
35... material：Rb6 | 深度 4 | 5.00 秒
36. candidate：Rf3 | 深度 2 | 5.00 秒
36... material：Rd8 | 深度 4 | 5.00 秒
37. candidate：Bh3 | 深度 3 | 5.00 秒
37... material：Rb7 | 深度 4 | 5.00 秒
38. candidate：Nc6 | 深度 3 | 5.00 秒
38... material：Rdd7 | 深度 4 | 5.00 秒
39. candidate：Rg3 | 深度 3 | 5.00 秒
39... material：Rdc7 | 深度 4 | 5.00 秒
40. candidate：Nd8 | 深度 3 | 5.00 秒
40... material：Rb8 | 深度 4 | 5.00 秒
41. candidate：Nxe6 | 深度 4 | 5.00 秒
41... material：fxe6 | 深度 4 | 5.00 秒
42. candidate：Rxg6+ | 深度 4 | 5.00 秒
42... material：Kf7 | 深度 5 | 2.78 秒
43. candidate：Rf6+ | 深度 4 | 5.00 秒
43... material：Kg7 | 深度 5 | 2.92 秒
44. candidate：Rxe6 | 深度 3 | 5.00 秒
44... material：Ra7 | 深度 4 | 5.00 秒
45. candidate：Bf5 | 深度 3 | 5.00 秒
45... material：Rf7 | 深度 4 | 5.00 秒
46. candidate：Rg6+ | 深度 4 | 5.00 秒
46... material：Kf8 | 深度 5 | 1.74 秒
47. candidate：Rxh6 | 深度 4 | 5.00 秒
47... material：Kg8 | 深度 4 | 5.00 秒
48. candidate：Rg6+ | 深度 4 | 5.00 秒
48... material：Kf8 | 深度 5 | 2.10 秒
49. candidate：Be6 | 深度 4 | 5.00 秒
49... material：Rg7 | 深度 5 | 4.81 秒
50. candidate：Rf6+ | 深度 4 | 5.00 秒
50... material：Ke7 | 深度 5 | 2.99 秒
51. candidate：Bh3 | 深度 3 | 5.00 秒
51... material：Rf7 | 深度 4 | 5.00 秒
52. candidate：Re6+ | 深度 4 | 5.00 秒
52... material：Kd8 | 深度 5 | 1.53 秒
53. candidate：f5 | 深度 4 | 5.00 秒
53... material：Rf8 | 深度 4 | 5.00 秒
54. candidate：Bg4 | 深度 4 | 5.00 秒
54... material：Rg8 | 深度 4 | 5.00 秒
55. candidate：h3 | 深度 4 | 5.00 秒
55... material：Rh8 | 深度 4 | 5.00 秒
56. candidate：Kd4 | 深度 4 | 5.00 秒
56... material：Bb7 | 深度 4 | 5.00 秒
57. candidate：Rg6 | 深度 3 | 5.00 秒
57... material：Rc8 | 深度 4 | 5.00 秒
58. candidate：e6 | 深度 3 | 5.00 秒
58... material：Ke8 | 深度 4 | 5.00 秒
59. candidate：f6 | 深度 4 | 5.00 秒
59... material：Nd2 | 深度 5 | 4.25 秒
60. candidate：Rb2 | 深度 4 | 5.00 秒
60... material：Nc4 | 深度 5 | 3.85 秒
61. candidate：Bh5 | 深度 3 | 5.00 秒
61... material：Kd8 | 深度 5 | 2.75 秒
62. candidate：e7+ | 深度 4 | 5.00 秒
62... material：Kc7 | 深度 4 | 5.00 秒
63. candidate：Rg7 | 深度 3 | 5.00 秒
63... material：Kd6 | 深度 4 | 5.00 秒
64. candidate：e8=Q | 深度 3 | 5.00 秒
64... material：Rcxe8 | 深度 5 | 3.27 秒
65. candidate：Bxe8 | 深度 4 | 5.00 秒
65... material：Nxb2 | 深度 5 | 3.23 秒
66. candidate：Rxb7 | 深度 4 | 5.00 秒
66... material：Rxe8 | 深度 5 | 1.72 秒
67. candidate：Rb6+ | 深度 5 | 4.90 秒
67... material：Kd7 | 深度 5 | 0.59 秒
68. candidate：Kxd5 | 深度 4 | 5.00 秒
68... material：Na4 | 深度 5 | 1.66 秒
69. candidate：Rc6 | 深度 5 | 2.63 秒
69... material：Re1 | 深度 5 | 1.94 秒
70. candidate：Rd6+ | 深度 4 | 5.00 秒
70... material：Kc7 | 深度 5 | 0.52 秒
71. candidate：Rc6+ | 深度 4 | 5.00 秒
71... material：Kb7 | 深度 5 | 1.73 秒
72. candidate：Rd6 | 深度 3 | 5.00 秒
72... material：Nxc3+ | 深度 5 | 2.93 秒
73. candidate：Kd4 | 深度 5 | 2.67 秒
73... material：Rd1+ | 深度 5 | 2.32 秒
74. candidate：Ke5 | 深度 5 | 2.35 秒
74... material：Re1+ | 深度 5 | 2.53 秒
75. candidate：Kd4 | 深度 5 | 2.85 秒
75... material：Rd1+ | 深度 5 | 2.41 秒
76. candidate：Ke5 | 深度 5 | 2.17 秒
76... material：Rxd6 | 深度 5 | 2.24 秒
77. candidate：Kxd6 | 深度 5 | 2.45 秒
77... material：Ne4+ | 深度 5 | 0.92 秒
78. candidate：Ke6 | 深度 5 | 3.52 秒
78... material：Ng5+ | 深度 5 | 2.81 秒
79. candidate：Ke7 | 深度 5 | 3.33 秒
79... material：Nh7 | 深度 5 | 1.51 秒
80. candidate：f7 | 深度 5 | 2.13 秒
80... material：a5 | 深度 5 | 0.37 秒
81. candidate：bxa5 | 深度 5 | 1.91 秒
81... material：Ka6 | 深度 5 | 0.33 秒
82. candidate：f8=Q | 深度 5 | 1.12 秒
82... material：Nxf8 | 深度 5 | 0.15 秒
83. candidate：Kxf8 | 深度 5 | 0.62 秒
83... material：Kxa5 | 深度 5 | 0.07 秒
84. candidate：Ke7 | 深度 5 | 3.23 秒
84... material：Ka4 | 深度 5 | 0.17 秒
85. candidate：Kd6 | 深度 5 | 2.93 秒
85... material：Ka3 | 深度 5 | 0.12 秒
86. candidate：Kc5 | 深度 5 | 0.63 秒
86... material：Kxa2 | 深度 5 | 0.08 秒
87. candidate：Kxb5 | 深度 5 | 0.65 秒
87... material：Kb1 | 深度 5 | 0.08 秒
88. candidate：g4 | 深度 5 | 0.92 秒
88... material：Ka2 | 深度 5 | 0.06 秒
89. candidate：g5 | 深度 5 | 0.75 秒
89... material：Kb1 | 深度 5 | 0.20 秒
90. candidate：g6 | 深度 5 | 0.54 秒
90... material：Ka1 | 深度 5 | 0.23 秒
91. candidate：g7 | 深度 5 | 0.43 秒
91... material：Kb1 | 深度 5 | 0.12 秒
92. candidate：g8=Q | 深度 5 | 2.56 秒
92... material：Kc1 | 深度 5 | 0.43 秒
93. candidate：Qf7 | 深度 4 | 5.00 秒
93... material：Kb2 | 深度 5 | 0.53 秒
94. candidate：h4 | 深度 4 | 5.00 秒
94... material：Kc3 | 深度 5 | 0.46 秒
95. candidate：Kc6 | 深度 4 | 5.00 秒
95... material：Kb4 | 深度 5 | 0.52 秒
96. candidate：h5 | 深度 4 | 5.00 秒
96... material：Ka3 | 深度 5 | 1.22 秒
97. candidate：h6 | 深度 4 | 5.00 秒
97... material：Kb2 | 深度 5 | 0.85 秒
98. candidate：h7 | 深度 4 | 5.00 秒
98... material：Kc3 | 深度 5 | 1.04 秒
99. candidate：h8=Q+ | 深度 4 | 5.00 秒
99... material：Kc2 | 深度 5 | 1.50 秒
100. candidate：Kd7 | 深度 4 | 5.00 秒
100... material：Kd3 | 深度 5 | 1.36 秒
101. candidate：Kc8 | 深度 4 | 5.00 秒
101... material：Kc2 | 深度 5 | 1.31 秒
102. candidate：Qf2+ | 深度 4 | 5.00 秒
102... material：Kb3 | 深度 5 | 1.72 秒
103. candidate：Qhd4 | 深度 4 | 5.00 秒
103... material：Ka3 | 深度 5 | 1.37 秒
104. candidate：Qfb2# | 深度 0 | 0.00 秒
本盘结果：1-0，原因：CHECKMATE

===== 第 12/20 盘：法兰西式，白方 material，黑方 candidate =====
4. material：e5 | 深度 4 | 5.00 秒
4... candidate：Ne4 | 深度 3 | 5.00 秒
5. material：Nxe4 | 深度 4 | 5.00 秒
5... candidate：dxe4 | 深度 3 | 5.00 秒
6. material：c3 | 深度 4 | 5.00 秒
6... candidate：Qd5 | 深度 3 | 5.00 秒
7. material：f4 | 深度 4 | 5.00 秒
7... candidate：Be7 | 深度 3 | 5.00 秒
8. material：Ne2 | 深度 4 | 5.00 秒
8... candidate：Bd7 | 深度 3 | 5.00 秒
9. material：Be3 | 深度 4 | 5.00 秒
9... candidate：a5 | 深度 3 | 5.00 秒
10. material：Qd2 | 深度 4 | 5.00 秒
10... candidate：O-O | 深度 3 | 5.00 秒
11. material：g4 | 深度 4 | 5.00 秒
11... candidate：Bh4+ | 深度 3 | 5.00 秒
12. material：Ng3 | 深度 4 | 5.00 秒
12... candidate：f5 | 深度 3 | 5.00 秒
13. material：Be2 | 深度 4 | 5.00 秒
13... candidate：c6 | 深度 3 | 5.00 秒
14. material：c4 | 深度 4 | 5.00 秒
14... candidate：Bxg3+ | 深度 3 | 5.00 秒
15. material：hxg3 | 深度 5 | 1.67 秒
15... candidate：g5 | 深度 4 | 5.00 秒
16. material：cxd5 | 深度 4 | 5.00 秒
16... candidate：gxf4 | 深度 4 | 5.00 秒
17. material：Bxf4 | 深度 4 | 5.00 秒
17... candidate：fxg4 | 深度 3 | 5.00 秒
18. material：dxc6 | 深度 4 | 5.00 秒
18... candidate：Bxc6 | 深度 3 | 5.00 秒
19. material：Bxg4 | 深度 3 | 5.00 秒
19... candidate：Re8 | 深度 3 | 5.00 秒
20. material：O-O | 深度 3 | 5.00 秒
20... candidate：Bb5 | 深度 3 | 5.00 秒
21. material：Rfc1 | 深度 4 | 5.00 秒
21... candidate：Bd3 | 深度 3 | 5.00 秒
22. material：Rc8 | 深度 4 | 5.00 秒
22... candidate：Rxc8 | 深度 4 | 5.00 秒
23. material：Bxe6+ | 深度 4 | 5.00 秒
23... candidate：Kh8 | 深度 4 | 5.00 秒
24. material：Bxc8 | 深度 4 | 5.00 秒
24... candidate：b6 | 深度 3 | 5.00 秒
25. material：Qe3 | 深度 4 | 5.00 秒
25... candidate：Na6 | 深度 3 | 5.00 秒
26. material：Bf5 | 深度 4 | 5.00 秒
26... candidate：Re8 | 深度 3 | 5.00 秒
27. material：Bxe4 | 深度 4 | 5.00 秒
27... candidate：Bxe4 | 深度 4 | 5.00 秒
28. material：Qxe4 | 深度 4 | 5.00 秒
28... candidate：Nb4 | 深度 3 | 5.00 秒
29. material：a3 | 深度 4 | 5.00 秒
29... candidate：Na6 | 深度 4 | 5.00 秒
30. material：Qb7 | 深度 4 | 5.00 秒
30... candidate：Nb8 | 深度 4 | 5.00 秒
31. material：e6 | 深度 3 | 5.00 秒
31... candidate：Na6 | 深度 3 | 5.00 秒
32. material：Be5+ | 深度 4 | 5.00 秒
32... candidate：Kg8 | 深度 5 | 4.09 秒
33. material：Qf7# | 深度 0 | 0.00 秒
本盘结果：1-0，原因：CHECKMATE
结果压缩包： C:\Users\maxw\chess_ai\full_arena_games\20260908_114659_639735\pair_06.zip

===== 比赛结束 =====
价值版获胜： 1
子力版获胜： 1
和棋： 0
达到步数上限未结束： 0
棋谱与搜索记录： C:\Users\maxw\chess_ai\full_arena_games\20260908_114659_639735\pair_06
