本次candidate： C:\Users\maxw\chess_ai\value_full_runs\20260908_113914_349502\value_full_epoch2.pt
交换颜色两局；双方CPU1线程，每步5秒、深度上限5。

===== 第 17/20 盘：王印式，白方 candidate，黑方 material =====
4. candidate：Nh3 | 深度 3 | 5.00 秒
4... material：O-O | 深度 4 | 5.00 秒
5. candidate：Bf4 | 深度 3 | 5.00 秒
5... material：d6 | 深度 4 | 5.00 秒
6. candidate：Kd2 | 深度 3 | 5.00 秒
6... material：Nc6 | 深度 3 | 5.00 秒
7. candidate：Ng5 | 深度 2 | 5.00 秒
7... material：Nxd4 | 深度 3 | 5.00 秒
8. candidate：e3 | 深度 2 | 5.00 秒
8... material：Nh5 | 深度 4 | 5.00 秒
9. candidate：Nd5 | 深度 3 | 5.00 秒
9... material：Nxf4 | 深度 3 | 5.00 秒
10. candidate：Nxf4 | 深度 3 | 5.00 秒
10... material：Nf5 | 深度 4 | 5.00 秒
11. candidate：a4 | 深度 2 | 5.00 秒
11... material：Bxb2 | 深度 3 | 5.00 秒
12. candidate：Rb1 | 深度 3 | 5.00 秒
12... material：Ba3 | 深度 4 | 5.00 秒
13. candidate：Rb3 | 深度 2 | 5.00 秒
13... material：Bc5 | 深度 4 | 5.00 秒
14. candidate：e4 | 深度 2 | 5.00 秒
14... material：Nd4 | 深度 3 | 5.00 秒
15. candidate：Rg3 | 深度 3 | 5.00 秒
15... material：c6 | 深度 3 | 5.00 秒
16. candidate：Kc1 | 深度 2 | 5.00 秒
16... material：Bb6 | 深度 3 | 5.00 秒
17. candidate：a5 | 深度 2 | 5.00 秒
17... material：Bc5 | 深度 4 | 5.00 秒
18. candidate：Ne2 | 深度 3 | 5.00 秒
18... material：Nxe2+ | 深度 4 | 5.00 秒
19. candidate：Qxe2 | 深度 4 | 5.00 秒
19... material：Qxa5 | 深度 4 | 5.00 秒
20. candidate：Kb1 | 深度 2 | 5.00 秒
20... material：Qb6+ | 深度 4 | 5.00 秒
21. candidate：Ka1 | 深度 3 | 5.00 秒
21... material：Bxf2 | 深度 4 | 5.00 秒
22. candidate：Ra3 | 深度 3 | 5.00 秒
22... material：f6 | 深度 3 | 5.00 秒
23. candidate：Nf3 | 深度 3 | 5.00 秒
23... material：Qc5 | 深度 3 | 5.00 秒
24. candidate：Rb3 | 深度 3 | 5.00 秒
24... material：Kg7 | 深度 3 | 5.00 秒
25. candidate：Qd2 | 深度 2 | 5.00 秒
25... material：Re8 | 深度 3 | 5.00 秒
26. candidate：h3 | 深度 2 | 5.00 秒
26... material：Rf8 | 深度 3 | 5.00 秒
27. candidate：g4 | 深度 2 | 5.00 秒
27... material：Bg3 | 深度 3 | 5.00 秒
28. candidate：Nd4 | 深度 2 | 5.00 秒
28... material：Be5 | 深度 4 | 5.00 秒
29. candidate：Rd3 | 深度 3 | 5.00 秒
29... material：Qxc4 | 深度 3 | 5.00 秒
30. candidate：Qe3 | 深度 2 | 5.00 秒
30... material：c5 | 深度 3 | 5.00 秒
31. candidate：Rc3 | 深度 3 | 5.00 秒
31... material：Qxd4 | 深度 4 | 5.00 秒
32. candidate：Qxd4 | 深度 4 | 5.00 秒
32... material：Bxd4 | 深度 4 | 5.00 秒
33. candidate：Kb2 | 深度 4 | 5.00 秒
33... material：Bxc3+ | 深度 4 | 5.00 秒
34. candidate：Kxc3 | 深度 4 | 5.00 秒
34... material：Be6 | 深度 5 | 4.29 秒
35. candidate：Bc4 | 深度 3 | 5.00 秒
35... material：Bxc4 | 深度 5 | 4.06 秒
36. candidate：Kxc4 | 深度 4 | 5.00 秒
36... material：Rfd8 | 深度 5 | 2.86 秒
37. candidate：Kd5 | 深度 3 | 5.00 秒
37... material：Rd7 | 深度 5 | 2.75 秒
38. candidate：Ke6 | 深度 4 | 5.00 秒
38... material：Rad8 | 深度 5 | 2.79 秒
39. candidate：Ra1 | 深度 4 | 5.00 秒
39... material：b6 | 深度 5 | 4.48 秒
40. candidate：h4 | 深度 3 | 5.00 秒
40... material：h6 | 深度 4 | 5.00 秒
41. candidate：h5 | 深度 3 | 5.00 秒
41... material：g5 | 深度 5 | 2.89 秒
42. candidate：Kd5 | 深度 3 | 5.00 秒
42... material：e5 | 深度 5 | 3.24 秒
43. candidate：Ke6 | 深度 4 | 5.00 秒
43... material：Rf7 | 深度 5 | 3.07 秒
44. candidate：Rd1 | 深度 3 | 5.00 秒
44... material：Rfd7 | 深度 5 | 3.61 秒
45. candidate：Rf1 | 深度 3 | 5.00 秒
45... material：d5 | 深度 5 | 2.75 秒
46. candidate：exd5 | 深度 4 | 5.00 秒
46... material：Rxd5 | 深度 5 | 3.71 秒
47. candidate：Ke7 | 深度 4 | 5.00 秒
47... material：R8d7+ | 深度 5 | 4.83 秒
48. candidate：Ke8 | 深度 4 | 5.00 秒
48... material：Rd8+ | 深度 5 | 4.23 秒
49. candidate：Ke7 | 深度 5 | 2.27 秒
49... material：R8d7+ | 深度 5 | 4.70 秒
50. candidate：Ke8 | 深度 4 | 5.00 秒
50... material：Rf7 | 深度 5 | 4.33 秒
51. candidate：Rf5 | 深度 4 | 5.00 秒
51... material：Rd4 | 深度 5 | 1.54 秒
52. candidate：Rxe5 | 深度 5 | 4.89 秒
52... material：Rf8+ | 深度 5 | 0.72 秒
53. candidate：Ke7 | 深度 5 | 0.71 秒
53... material：fxe5 | 深度 5 | 1.02 秒
54. candidate：Ke6 | 深度 5 | 1.37 秒
54... material：Re8+ | 深度 5 | 4.25 秒
55. candidate：Kf5 | 深度 5 | 0.88 秒
55... material：Rf4# | 深度 0 | 0.00 秒
本盘结果：0-1，原因：CHECKMATE

===== 第 18/20 盘：王印式，白方 material，黑方 candidate =====
4. material：e4 | 深度 4 | 5.00 秒
4... candidate：d6 | 深度 3 | 5.00 秒
5. material：Be2 | 深度 3 | 5.00 秒
5... candidate：c5 | 深度 3 | 5.00 秒
6. material：d5 | 深度 4 | 5.00 秒
6... candidate：Nfd7 | 深度 3 | 5.00 秒
7. material：Be3 | 深度 4 | 5.00 秒
7... candidate：Bxc3+ | 深度 2 | 5.00 秒
8. material：bxc3 | 深度 5 | 2.86 秒
8... candidate：Nf6 | 深度 3 | 5.00 秒
9. material：f3 | 深度 4 | 5.00 秒
9... candidate：Bd7 | 深度 2 | 5.00 秒
10. material：g4 | 深度 3 | 5.00 秒
10... candidate：Na6 | 深度 3 | 5.00 秒
11. material：h4 | 深度 3 | 5.00 秒
11... candidate：Qa5 | 深度 3 | 5.00 秒
12. material：Qd2 | 深度 3 | 5.00 秒
12... candidate：Qb6 | 深度 2 | 5.00 秒
13. material：Nh3 | 深度 3 | 5.00 秒
13... candidate：Rc8 | 深度 3 | 5.00 秒
14. material：O-O | 深度 3 | 5.00 秒
14... candidate：Rf8 | 深度 3 | 5.00 秒
15. material：Bf2 | 深度 3 | 5.00 秒
15... candidate：Ng8 | 深度 3 | 5.00 秒
16. material：f4 | 深度 3 | 5.00 秒
16... candidate：Nf6 | 深度 3 | 5.00 秒
17. material：Rfb1 | 深度 3 | 5.00 秒
17... candidate：Qc7 | 深度 3 | 5.00 秒
18. material：Ng5 | 深度 3 | 5.00 秒
18... candidate：h6 | 深度 3 | 5.00 秒
19. material：e5 | 深度 4 | 5.00 秒
19... candidate：dxe5 | 深度 4 | 5.00 秒
20. material：fxe5 | 深度 4 | 5.00 秒
20... candidate：Qxe5 | 深度 3 | 5.00 秒
21. material：Nf3 | 深度 3 | 5.00 秒
21... candidate：Qe4 | 深度 3 | 5.00 秒
22. material：g5 | 深度 3 | 5.00 秒
22... candidate：Qg4+ | 深度 3 | 5.00 秒
23. material：Kh1 | 深度 4 | 5.00 秒
23... candidate：Ne4 | 深度 3 | 5.00 秒
24. material：Qe3 | 深度 4 | 5.00 秒
24... candidate：hxg5 | 深度 3 | 5.00 秒
25. material：Nxg5 | 深度 4 | 5.00 秒
25... candidate：Nxf2+ | 深度 4 | 5.00 秒
26. material：Qxf2 | 深度 5 | 1.99 秒
26... candidate：Qf5 | 深度 4 | 5.00 秒
27. material：Qxf5 | 深度 4 | 5.00 秒
27... candidate：gxf5 | 深度 4 | 5.00 秒
28. material：Rxb7 | 深度 4 | 5.00 秒
28... candidate：Rh8 | 深度 4 | 5.00 秒
29. material：Rxa7 | 深度 4 | 5.00 秒
29... candidate：Rxh4+ | 深度 3 | 5.00 秒
30. material：Kg2 | 深度 5 | 4.03 秒
30... candidate：f6 | 深度 3 | 5.00 秒
31. material：Nf7 | 深度 4 | 5.00 秒
31... candidate：Kxf7 | 深度 3 | 5.00 秒
32. material：Rxd7 | 深度 4 | 5.00 秒
32... candidate：Rg8+ | 深度 4 | 5.00 秒
33. material：Kf3 | 深度 5 | 2.55 秒
33... candidate：Rgg4 | 深度 3 | 5.00 秒
34. material：Rf1 | 深度 4 | 5.00 秒
34... candidate：Rh3+ | 深度 4 | 5.00 秒
35. material：Kf2 | 深度 5 | 1.92 秒
35... candidate：Rf4+ | 深度 4 | 5.00 秒
36. material：Kg2 | 深度 5 | 0.55 秒
36... candidate：Rxf1 | 深度 4 | 5.00 秒
37. material：Kxh3 | 深度 5 | 1.95 秒
37... candidate：Rf2 | 深度 4 | 5.00 秒
38. material：Bh5+ | 深度 5 | 0.55 秒
38... candidate：Kf8 | 深度 5 | 2.11 秒
39. material：d6 | 深度 5 | 0.92 秒
39... candidate：exd6 | 深度 5 | 1.67 秒
40. material：Rxd6 | 深度 5 | 1.12 秒
40... candidate：Rxa2 | 深度 5 | 2.47 秒
41. material：Rxf6+ | 深度 5 | 1.40 秒
41... candidate：Ke7 | 深度 5 | 4.75 秒
42. material：Rxf5 | 深度 5 | 1.69 秒
42... candidate：Rc2 | 深度 4 | 5.00 秒
43. material：Re5+ | 深度 5 | 1.36 秒
43... candidate：Kd7 | 深度 4 | 5.00 秒
44. material：Rd5+ | 深度 5 | 1.41 秒
44... candidate：Kc7 | 深度 4 | 5.00 秒
45. material：Rd3 | 深度 5 | 0.68 秒
45... candidate：Nb8 | 深度 4 | 5.00 秒
46. material：Kg4 | 深度 5 | 2.46 秒
46... candidate：Nd7 | 深度 4 | 5.00 秒
47. material：Re3 | 深度 5 | 4.96 秒
47... candidate：Nf6+ | 深度 4 | 5.00 秒
48. material：Kg5 | 深度 5 | 1.09 秒
48... candidate：Rxc3 | 深度 4 | 5.00 秒
49. material：Rxc3 | 深度 5 | 1.15 秒
49... candidate：Ne4+ | 深度 5 | 0.92 秒
50. material：Kf4 | 深度 5 | 0.21 秒
50... candidate：Nxc3 | 深度 5 | 1.71 秒
51. material：Ke5 | 深度 5 | 0.44 秒
51... candidate：Kd7 | 深度 5 | 2.40 秒
52. material：Bf7 | 深度 5 | 0.32 秒
52... candidate：Ke7 | 深度 5 | 3.40 秒
53. material：Bg6 | 深度 5 | 0.27 秒
53... candidate：Ne2 | 深度 5 | 3.44 秒
54. material：Kf5 | 深度 5 | 0.69 秒
54... candidate：Nd4+ | 深度 5 | 3.17 秒
55. material：Ke5 | 深度 5 | 0.33 秒
55... candidate：Ne2 | 深度 5 | 3.47 秒
56. material：Kf5 | 深度 5 | 0.75 秒
56... candidate：Nd4+ | 深度 5 | 3.29 秒
57. material：Ke4 | 深度 5 | 0.32 秒
57... candidate：Kf6 | 深度 5 | 3.60 秒
58. material：Bh5 | 深度 5 | 0.26 秒
58... candidate：Kg5 | 深度 5 | 4.40 秒
59. material：Bf7 | 深度 5 | 0.29 秒
59... candidate：Kf6 | 深度 5 | 3.22 秒
60. material：Bd5 | 深度 5 | 0.30 秒
60... candidate：Kg6 | 深度 5 | 4.84 秒
61. material：Ke5 | 深度 5 | 0.42 秒
61... candidate：Nb3 | 深度 5 | 4.36 秒
62. material：Ke4 | 深度 5 | 0.97 秒
62... candidate：Kg5 | 深度 4 | 5.00 秒
63. material：Ke5 | 深度 5 | 0.63 秒
63... candidate：Kg4 | 深度 4 | 5.00 秒
64. material：Ke4 | 深度 5 | 0.89 秒
64... candidate：Nd2+ | 深度 5 | 2.93 秒
65. material：Ke3 | 深度 5 | 0.38 秒
65... candidate：Nb3 | 深度 5 | 2.75 秒
66. material：Ke4 | 深度 5 | 1.04 秒
66... candidate：Nd4 | 深度 5 | 3.04 秒
67. material：Ke5 | 深度 5 | 0.46 秒
67... candidate：Kg3 | 深度 4 | 5.00 秒
68. material：Ke4 | 深度 5 | 1.13 秒
68... candidate：Nf3 | 深度 4 | 5.00 秒
69. material：Ke3 | 深度 5 | 1.19 秒
69... candidate：Ne5 | 深度 5 | 3.59 秒
70. material：Ke4 | 深度 5 | 0.55 秒
70... candidate：Ng6 | 深度 5 | 4.27 秒
71. material：Ke3 | 深度 5 | 1.00 秒
71... candidate：Ne5 | 深度 5 | 3.44 秒
72. material：Ke4 | 深度 5 | 0.54 秒
72... candidate：Ng6 | 深度 5 | 4.34 秒
73. material：Bc6 | 深度 5 | 0.87 秒
73... candidate：Ne7 | 深度 5 | 4.83 秒
74. material：Bb5 | 深度 5 | 0.69 秒
74... candidate：Kh4 | 深度 4 | 5.00 秒
75. material：Kf3 | 深度 5 | 0.86 秒
75... candidate：Nf5 | 深度 5 | 2.56 秒
76. material：Kf2 | 深度 5 | 1.07 秒
76... candidate：Kg5 | 深度 5 | 4.93 秒
77. material：Kg1 | 深度 5 | 1.33 秒
77... candidate：Kf4 | 深度 4 | 5.00 秒
78. material：Kg2 | 深度 5 | 1.27 秒
78... candidate：Ke4 | 深度 4 | 5.00 秒
79. material：Kf2 | 深度 5 | 2.89 秒
79... candidate：Kd3 | 深度 4 | 5.00 秒
80. material：Ke1 | 深度 5 | 1.47 秒
80... candidate：Ne3 | 深度 4 | 5.00 秒
81. material：Kf2 | 深度 5 | 0.37 秒
81... candidate：Nxc4 | 深度 5 | 4.18 秒
82. material：Ba6 | 深度 5 | 0.66 秒
82... candidate：Kc3 | 深度 5 | 2.50 秒
83. material：Ke2 | 深度 5 | 0.35 秒
83... candidate：Ne5 | 深度 5 | 4.74 秒
84. material：Bb7 | 深度 5 | 0.32 秒
84... candidate：c4 | 深度 4 | 5.00 秒
85. material：Bd5 | 深度 5 | 0.42 秒
85... candidate：Kd4 | 深度 5 | 1.87 秒
86. material：Bxc4 | 深度 5 | 0.34 秒
86... candidate：Kc3 | 深度 5 | 3.07 秒
87. material：Bb5 | 深度 5 | 0.26 秒
87... candidate：Kb3 | 深度 4 | 5.00 秒
88. material：Ke3 | 深度 5 | 0.43 秒
88... candidate：Ng6 | 深度 5 | 4.37 秒
89. material：Kd3 | 深度 5 | 0.66 秒
89... candidate：Nf4+ | 深度 5 | 2.07 秒
90. material：Ke3 | 深度 5 | 0.30 秒
90... candidate：Nd5+ | 深度 5 | 1.46 秒
91. material：Kd3 | 深度 5 | 0.38 秒
91... candidate：Nf4+ | 深度 5 | 2.85 秒
92. material：Ke3 | 深度 5 | 0.34 秒
92... candidate：Nd5+ | 深度 5 | 2.56 秒
93. material：Kf3 | 深度 5 | 0.42 秒
93... candidate：Nf6 | 深度 5 | 2.85 秒
94. material：Kf2 | 深度 5 | 0.83 秒
94... candidate：Kb2 | 深度 4 | 5.00 秒
95. material：Ke3 | 深度 5 | 1.14 秒
95... candidate：Nd5+ | 深度 5 | 4.02 秒
96. material：Kf3 | 深度 5 | 0.58 秒
96... candidate：Ka1 | 深度 4 | 5.00 秒
97. material：Kg2 | 深度 5 | 0.86 秒
97... candidate：Kb2 | 深度 4 | 5.00 秒
98. material：Kf3 | 深度 5 | 1.28 秒
98... candidate：Ka1 | 深度 4 | 5.00 秒
99. material：Kg2 | 深度 5 | 0.94 秒
99... candidate：Nc3 | 深度 4 | 5.00 秒
100. material：Bc4 | 深度 5 | 0.54 秒
100... candidate：Kb2 | 深度 5 | 4.16 秒
101. material：Kf2 | 深度 5 | 0.94 秒
101... candidate：Ne4+ | 深度 5 | 4.63 秒
102. material：Ke2 | 深度 5 | 0.68 秒
102... candidate：Nc5 | 深度 4 | 5.00 秒
103. material：Kd2 | 深度 5 | 0.92 秒
103... candidate：Ne4+ | 深度 5 | 2.07 秒
104. material：Kd3 | 深度 5 | 0.50 秒
104... candidate：Nd6 | 深度 5 | 3.73 秒
105. material：Bd5 | 深度 5 | 0.40 秒
105... candidate：Nb5 | 深度 4 | 5.00 秒
106. material：Be4 | 深度 5 | 1.03 秒
106... candidate：Na3 | 深度 4 | 5.00 秒
107. material：Bf5 | 深度 5 | 1.14 秒
107... candidate：Nb5 | 深度 5 | 4.83 秒
108. material：Be4 | 深度 5 | 1.09 秒
108... candidate：Kb3 | 深度 4 | 5.00 秒
109. material：Bd5+ | 深度 5 | 0.98 秒
109... candidate：Kb4 | 深度 5 | 2.48 秒
110. material：Be4 | 深度 5 | 1.24 秒
110... candidate：Nc7 | 深度 4 | 5.00 秒
111. material：Kc2 | 深度 5 | 1.47 秒
111... candidate：Ne6 | 深度 4 | 5.00 秒
112. material：Bd3 | 深度 5 | 1.47 秒
112... candidate：Ka3 | 深度 4 | 5.00 秒
113. material：Bh7 | 深度 5 | 1.12 秒
113... candidate：Nd4+ | 深度 5 | 3.31 秒
114. material：Kc3 | 深度 5 | 0.52 秒
114... candidate：Nb5+ | 深度 5 | 1.61 秒
115. material：Kc2 | 深度 5 | 0.36 秒
115... candidate：Nd4+ | 深度 5 | 2.10 秒
116. material：Kc3 | 深度 5 | 0.50 秒
116... candidate：Ne2+ | 深度 5 | 1.76 秒
117. material：Kc4 | 深度 5 | 0.31 秒
117... candidate：Nf4 | 深度 5 | 3.79 秒
118. material：Kc5 | 深度 5 | 0.79 秒
118... candidate：Ne6+ | 深度 5 | 4.09 秒
119. material：Kb5 | 深度 5 | 0.46 秒
119... candidate：Nc7+ | 深度 5 | 2.81 秒
120. material：Kc5 | 深度 5 | 0.57 秒
120... candidate：Ne6+ | 深度 5 | 1.91 秒
本盘结果：*，原因：move_limit_unfinished
结果压缩包： C:\Users\maxw\chess_ai\full_arena_games\20260908_114659_639735\pair_09.zip

===== 比赛结束 =====
价值版获胜： 0
子力版获胜： 1
和棋： 0
达到步数上限未结束： 1
棋谱与搜索记录： C:\Users\maxw\chess_ai\full_arena_games\20260908_114659_639735\pair_09
