本次candidate： C:\Users\maxw\chess_ai\value_full_runs\20260908_113914_349502\value_full_epoch2.pt
交换颜色两局；双方CPU1线程，每步5秒、深度上限5。

===== 第 3/20 盘：后翼弃兵发展，白方 candidate，黑方 material =====
4. candidate：cxd5 | 深度 3 | 5.00 秒
4... material：exd5 | 深度 4 | 5.00 秒
5. candidate：Nf3 | 深度 2 | 5.00 秒
5... material：c6 | 深度 3 | 5.00 秒
6. candidate：Qb3 | 深度 3 | 5.00 秒
6... material：Bd6 | 深度 3 | 5.00 秒
7. candidate：Ng5 | 深度 2 | 5.00 秒
7... material：O-O | 深度 3 | 5.00 秒
8. candidate：f4 | 深度 2 | 5.00 秒
8... material：Re8 | 深度 3 | 5.00 秒
9. candidate：a3 | 深度 2 | 5.00 秒
9... material：h6 | 深度 3 | 5.00 秒
10. candidate：Nf3 | 深度 3 | 5.00 秒
10... material：a5 | 深度 3 | 5.00 秒
11. candidate：Rg1 | 深度 2 | 5.00 秒
11... material：Na6 | 深度 3 | 5.00 秒
12. candidate：Ne5 | 深度 2 | 5.00 秒
12... material：Nc7 | 深度 3 | 5.00 秒
13. candidate：Na4 | 深度 2 | 5.00 秒
13... material：Ne6 | 深度 3 | 5.00 秒
14. candidate：Be3 | 深度 2 | 5.00 秒
14... material：Nd7 | 深度 3 | 5.00 秒
15. candidate：Nxd7 | 深度 3 | 5.00 秒
15... material：Bxd7 | 深度 3 | 5.00 秒
16. candidate：Rc1 | 深度 3 | 5.00 秒
16... material：Nxf4 | 深度 3 | 5.00 秒
17. candidate：g3 | 深度 3 | 5.00 秒
17... material：Nh3 | 深度 3 | 5.00 秒
18. candidate：Rh1 | 深度 3 | 5.00 秒
18... material：Bf5 | 深度 3 | 5.00 秒
19. candidate：Kd2 | 深度 3 | 5.00 秒
19... material：b5 | 深度 3 | 5.00 秒
20. candidate：Nc5 | 深度 3 | 5.00 秒
20... material：Be7 | 深度 3 | 5.00 秒
21. candidate：Bxh3 | 深度 3 | 5.00 秒
21... material：Bxh3 | 深度 4 | 5.00 秒
22. candidate：Qa2 | 深度 3 | 5.00 秒
22... material：Qd6 | 深度 3 | 5.00 秒
23. candidate：Qb3 | 深度 2 | 5.00 秒
23... material：a4 | 深度 3 | 5.00 秒
24. candidate：Qd3 | 深度 2 | 5.00 秒
24... material：Qc7 | 深度 3 | 5.00 秒
25. candidate：Qc3 | 深度 2 | 5.00 秒
25... material：Bd6 | 深度 3 | 5.00 秒
26. candidate：Rcg1 | 深度 2 | 5.00 秒
26... material：Qe7 | 深度 3 | 5.00 秒
27. candidate：g4 | 深度 2 | 5.00 秒
27... material：g5 | 深度 3 | 5.00 秒
28. candidate：b3 | 深度 2 | 5.00 秒
28... material：axb3 | 深度 3 | 5.00 秒
29. candidate：Qxb3 | 深度 3 | 5.00 秒
29... material：Bc7 | 深度 2 | 5.00 秒
30. candidate：Qc3 | 深度 2 | 5.00 秒
30... material：Ba5 | 深度 3 | 5.00 秒
31. candidate：Rg3 | 深度 4 | 5.00 秒
31... material：Bxc3+ | 深度 4 | 5.00 秒
32. candidate：Kxc3 | 深度 4 | 5.00 秒
32... material：Rxa3+ | 深度 4 | 5.00 秒
33. candidate：Nb3 | 深度 4 | 5.00 秒
33... material：Qxe3+ | 深度 4 | 5.00 秒
34. candidate：Rxe3 | 深度 5 | 2.41 秒
34... material：Rxe3+ | 深度 5 | 1.69 秒
35. candidate：Kc2 | 深度 5 | 4.59 秒
35... material：Rexb3 | 深度 4 | 5.00 秒
36. candidate：Rb1 | 深度 4 | 5.00 秒
36... material：Rxb1 | 深度 5 | 2.87 秒
37. candidate：Kxb1 | 深度 5 | 1.62 秒
37... material：Bxg4 | 深度 5 | 2.18 秒
38. candidate：h4 | 深度 4 | 5.00 秒
38... material：gxh4 | 深度 5 | 3.34 秒
39. candidate：Kc1 | 深度 4 | 5.00 秒
39... material：h3 | 深度 5 | 4.64 秒
40. candidate：Kb2 | 深度 4 | 5.00 秒
40... material：Re3 | 深度 5 | 2.83 秒
41. candidate：Kc2 | 深度 5 | 3.78 秒
41... material：h2 | 深度 5 | 2.52 秒
42. candidate：Kd2 | 深度 5 | 3.32 秒
42... material：Rxe2+ | 深度 5 | 3.33 秒
43. candidate：Kc3 | 深度 5 | 3.02 秒
43... material：h1=Q | 深度 5 | 4.87 秒
44. candidate：Kb4 | 深度 5 | 4.06 秒
44... material：Rd2 | 深度 4 | 5.00 秒
45. candidate：Kc5 | 深度 4 | 5.00 秒
45... material：Qc1+ | 深度 4 | 5.00 秒
46. candidate：Kd6 | 深度 5 | 4.63 秒
46... material：Rxd4 | 深度 4 | 5.00 秒
47. candidate：Kc7 | 深度 4 | 5.00 秒
47... material：Rd3 | 深度 4 | 5.00 秒
48. candidate：Kb7 | 深度 4 | 5.00 秒
48... material：d4 | 深度 4 | 5.00 秒
49. candidate：Kc7 | 深度 4 | 5.00 秒
49... material：Bh3 | 深度 4 | 5.00 秒
50. candidate：Kd6 | 深度 4 | 5.00 秒
50... material：Qh1 | 深度 4 | 5.00 秒
51. candidate：Kc5 | 深度 5 | 4.82 秒
51... material：Qg2 | 深度 4 | 5.00 秒
52. candidate：Kb6 | 深度 4 | 5.00 秒
52... material：Qf3 | 深度 4 | 5.00 秒
53. candidate：Ka5 | 深度 5 | 4.89 秒
53... material：Qg2 | 深度 4 | 5.00 秒
54. candidate：Kb6 | 深度 4 | 5.00 秒
54... material：Qf3 | 深度 4 | 5.00 秒
55. candidate：Ka5 | 深度 4 | 5.00 秒
55... material：Bg4 | 深度 4 | 5.00 秒
56. candidate：Kb6 | 深度 5 | 4.82 秒
56... material：Qe4 | 深度 4 | 5.00 秒
57. candidate：Ka5 | 深度 4 | 5.00 秒
57... material：Qe3 | 深度 4 | 5.00 秒
58. candidate：Kb6 | 深度 4 | 5.00 秒
58... material：Qf3 | 深度 4 | 5.00 秒
59. candidate：Ka6 | 深度 4 | 5.00 秒
59... material：Qd1 | 深度 4 | 5.00 秒
60. candidate：Kb6 | 深度 4 | 5.00 秒
60... material：Qh1 | 深度 4 | 5.00 秒
61. candidate：Kc5 | 深度 4 | 5.00 秒
61... material：Qc1+ | 深度 4 | 5.00 秒
62. candidate：Kb6 | 深度 5 | 4.75 秒
62... material：Bh3 | 深度 4 | 5.00 秒
63. candidate：Ka5 | 深度 4 | 5.00 秒
63... material：Qf1 | 深度 4 | 5.00 秒
64. candidate：Kb6 | 深度 5 | 3.29 秒
64... material：Qh1 | 深度 4 | 5.00 秒
65. candidate：Kc5 | 深度 4 | 5.00 秒
65... material：Qc1+ | 深度 4 | 5.00 秒
66. candidate：Kb6 | 深度 5 | 3.80 秒
66... material：Qc2 | 深度 4 | 5.00 秒
67. candidate：Ka5 | 深度 4 | 5.00 秒
67... material：Qa2+ | 深度 4 | 5.00 秒
68. candidate：Kb6 | 深度 5 | 3.01 秒
68... material：Qg2 | 深度 4 | 5.00 秒
69. candidate：Ka5 | 深度 4 | 5.00 秒
69... material：Qg1 | 深度 4 | 5.00 秒
70. candidate：Kb6 | 深度 5 | 3.49 秒
70... material：Qg2 | 深度 4 | 5.00 秒
71. candidate：Ka5 | 深度 4 | 5.00 秒
71... material：Qg1 | 深度 4 | 5.00 秒
72. candidate：Kb6 | 深度 5 | 3.63 秒
72... material：Qc1 | 深度 4 | 5.00 秒
73. candidate：Kc7 | 深度 4 | 5.00 秒
73... material：Qh1 | 深度 4 | 5.00 秒
74. candidate：Kb6 | 深度 4 | 5.00 秒
74... material：Re3 | 深度 4 | 5.00 秒
75. candidate：Kc5 | 深度 4 | 5.00 秒
75... material：d3 | 深度 4 | 5.00 秒
76. candidate：Kd4 | 深度 4 | 5.00 秒
76... material：Qe1 | 深度 4 | 5.00 秒
77. candidate：Kc5 | 深度 5 | 2.13 秒
77... material：Bg2 | 深度 4 | 5.00 秒
78. candidate：Kd4 | 深度 5 | 3.98 秒
78... material：d2 | 深度 4 | 5.00 秒
79. candidate：Kc5 | 深度 4 | 5.00 秒
79... material：d1=Q | 深度 4 | 5.00 秒
80. candidate：Kb6 | 深度 5 | 3.70 秒
80... material：Qb4 | 深度 4 | 5.00 秒
81. candidate：Kc7 | 深度 4 | 5.00 秒
81... material：Qde1 | 深度 4 | 5.00 秒
82. candidate：Kd7 | 深度 4 | 5.00 秒
82... material：Re2 | 深度 4 | 5.00 秒
83. candidate：Kc7 | 深度 5 | 4.39 秒
83... material：c5 | 深度 4 | 5.00 秒
84. candidate：Kd8 | 深度 5 | 3.50 秒
84... material：Be4 | 深度 4 | 5.00 秒
85. candidate：Kc7 | 深度 5 | 4.34 秒
85... material：Kh7 | 深度 4 | 5.00 秒
86. candidate：Kd6 | 深度 5 | 3.64 秒
86... material：Bf5 | 深度 4 | 5.00 秒
87. candidate：Kc7 | 深度 4 | 5.00 秒
87... material：Be4 | 深度 4 | 5.00 秒
88. candidate：Kd6 | 深度 5 | 3.61 秒
88... material：Bf5 | 深度 4 | 5.00 秒
89. candidate：Kc7 | 深度 4 | 5.00 秒
89... material：Bc2 | 深度 4 | 5.00 秒
90. candidate：Kd7 | 深度 4 | 5.00 秒
90... material：Kg6 | 深度 4 | 5.00 秒
91. candidate：Kc7 | 深度 4 | 5.00 秒
91... material：Be4 | 深度 4 | 5.00 秒
92. candidate：Kd6 | 深度 5 | 3.92 秒
92... material：Bf5 | 深度 4 | 5.00 秒
93. candidate：Kc7 | 深度 4 | 5.00 秒
93... material：Be4 | 深度 4 | 5.00 秒
94. candidate：Kd6 | 深度 5 | 4.21 秒
94... material：Bf5 | 深度 4 | 5.00 秒
95. candidate：Kc7 | 深度 4 | 5.00 秒
95... material：Be6 | 深度 4 | 5.00 秒
96. candidate：Kd6 | 深度 5 | 4.42 秒
96... material：Kf5 | 深度 4 | 5.00 秒
97. candidate：Kc7 | 深度 5 | 3.97 秒
97... material：Kg6 | 深度 4 | 5.00 秒
98. candidate：Kd6 | 深度 5 | 4.69 秒
98... material：Kf5 | 深度 4 | 5.00 秒
99. candidate：Kc7 | 深度 5 | 4.22 秒
99... material：Ke5 | 深度 4 | 5.00 秒
100. candidate：Kc6 | 深度 5 | 4.47 秒
100... material：Kf6 | 深度 4 | 5.00 秒
101. candidate：Kd6 | 深度 5 | 4.32 秒
101... material：Rc2 | 深度 4 | 5.00 秒
102. candidate：Kc6 | 深度 4 | 5.00 秒
102... material：Rc3 | 深度 4 | 5.00 秒
103. candidate：Kd6 | 深度 5 | 4.73 秒
103... material：Rb3 | 深度 4 | 5.00 秒
104. candidate：Kc6 | 深度 5 | 4.33 秒
104... material：Ke7 | 深度 4 | 5.00 秒
105. candidate：Kc7 | 深度 5 | 4.75 秒
105... material：Rc3 | 深度 4 | 5.00 秒
106. candidate：Kc6 | 深度 5 | 4.81 秒
106... material：Rc4 | 深度 4 | 5.00 秒
107. candidate：Kc7 | 深度 5 | 3.76 秒
107... material：Rc3 | 深度 4 | 5.00 秒
108. candidate：Kc6 | 深度 5 | 4.90 秒
108... material：Rc4 | 深度 4 | 5.00 秒
109. candidate：Kc7 | 深度 5 | 3.93 秒
109... material：Rg4 | 深度 4 | 5.00 秒
110. candidate：Kc6 | 深度 4 | 5.00 秒
110... material：Rh4 | 深度 4 | 5.00 秒
111. candidate：Kc7 | 深度 4 | 5.00 秒
111... material：Qg4 | 深度 4 | 5.00 秒
112. candidate：Kc6 | 深度 5 | 4.27 秒
112... material：Qc4 | 深度 4 | 5.00 秒
113. candidate：Kb6 | 深度 4 | 5.00 秒
113... material：Qcb4 | 深度 4 | 5.00 秒
114. candidate：Kc6 | 深度 4 | 5.00 秒
114... material：Rg4 | 深度 4 | 5.00 秒
115. candidate：Kc7 | 深度 4 | 5.00 秒
115... material：Rh4 | 深度 4 | 5.00 秒
116. candidate：Kc6 | 深度 4 | 5.00 秒
116... material：Rg4 | 深度 4 | 5.00 秒
117. candidate：Kc7 | 深度 4 | 5.00 秒
117... material：Rg3 | 深度 4 | 5.00 秒
118. candidate：Kc6 | 深度 4 | 5.00 秒
118... material：Rg2 | 深度 4 | 5.00 秒
119. candidate：Kc7 | 深度 4 | 5.00 秒
119... material：Rg3 | 深度 4 | 5.00 秒
120. candidate：Kc6 | 深度 4 | 5.00 秒
120... material：Rg2 | 深度 4 | 5.00 秒
本盘结果：*，原因：move_limit_unfinished

===== 第 4/20 盘：后翼弃兵发展，白方 material，黑方 candidate =====
4. material：cxd5 | 深度 4 | 5.00 秒
4... candidate：exd5 | 深度 3 | 5.00 秒
5. material：Bg5 | 深度 4 | 5.00 秒
5... candidate：a5 | 深度 3 | 5.00 秒
6. material：e3 | 深度 3 | 5.00 秒
6... candidate：Bb4 | 深度 3 | 5.00 秒
7. material：Bd3 | 深度 3 | 5.00 秒
7... candidate：Bxc3+ | 深度 3 | 5.00 秒
8. material：bxc3 | 深度 4 | 5.00 秒
8... candidate：h6 | 深度 3 | 5.00 秒
9. material：Bh4 | 深度 4 | 5.00 秒
9... candidate：g5 | 深度 3 | 5.00 秒
10. material：Bg3 | 深度 4 | 5.00 秒
10... candidate：Bg4 | 深度 3 | 5.00 秒
11. material：Ne2 | 深度 4 | 5.00 秒
11... candidate：Qe7 | 深度 3 | 5.00 秒
12. material：O-O | 深度 3 | 5.00 秒
12... candidate：Nc6 | 深度 3 | 5.00 秒
13. material：Qb3 | 深度 3 | 5.00 秒
13... candidate：O-O-O | 深度 2 | 5.00 秒
14. material：h3 | 深度 3 | 5.00 秒
14... candidate：Bxe2 | 深度 3 | 5.00 秒
15. material：Bxe2 | 深度 3 | 5.00 秒
15... candidate：Ne4 | 深度 3 | 5.00 秒
16. material：Bg4+ | 深度 4 | 5.00 秒
16... candidate：f5 | 深度 3 | 5.00 秒
17. material：Bxf5+ | 深度 4 | 5.00 秒
17... candidate：Kb8 | 深度 4 | 5.00 秒
18. material：Rfb1 | 深度 3 | 5.00 秒
18... candidate：Nd6 | 深度 3 | 5.00 秒
19. material：Qxd5 | 深度 3 | 5.00 秒
19... candidate：Nxf5 | 深度 2 | 5.00 秒
20. material：Qxf5 | 深度 3 | 5.00 秒
20... candidate：h5 | 深度 2 | 5.00 秒
21. material：Qb5 | 深度 3 | 5.00 秒
21... candidate：Nb4 | 深度 3 | 5.00 秒
22. material：cxb4 | 深度 3 | 5.00 秒
22... candidate：axb4 | 深度 3 | 5.00 秒
23. material：Rxb4 | 深度 3 | 5.00 秒
23... candidate：Qe4 | 深度 3 | 5.00 秒
24. material：Qxg5 | 深度 3 | 5.00 秒
24... candidate：Rd5 | 深度 3 | 5.00 秒
25. material：Bxc7+ | 深度 4 | 5.00 秒
25... candidate：Kc8 | 深度 4 | 5.00 秒
26. material：Qf4 | 深度 4 | 5.00 秒
26... candidate：Qxf4 | 深度 3 | 5.00 秒
27. material：Bxf4 | 深度 4 | 5.00 秒
27... candidate：Rh7 | 深度 3 | 5.00 秒
28. material：Rb6 | 深度 4 | 5.00 秒
28... candidate：Re7 | 深度 3 | 5.00 秒
29. material：Rab1 | 深度 4 | 5.00 秒
29... candidate：h4 | 深度 3 | 5.00 秒
30. material：Rh6 | 深度 4 | 5.00 秒
30... candidate：Re4 | 深度 3 | 5.00 秒
31. material：Rc1+ | 深度 4 | 5.00 秒
31... candidate：Kd7 | 深度 4 | 5.00 秒
32. material：Rc7+ | 深度 4 | 5.00 秒
32... candidate：Kd8 | 深度 4 | 5.00 秒
33. material：Rxb7 | 深度 4 | 5.00 秒
33... candidate：Kc8 | 深度 4 | 5.00 秒
34. material：Rb8+ | 深度 4 | 5.00 秒
34... candidate：Kd7 | 深度 4 | 5.00 秒
35. material：Rh7+ | 深度 4 | 5.00 秒
35... candidate：Re7 | 深度 4 | 5.00 秒
36. material：Rb7+ | 深度 4 | 5.00 秒
36... candidate：Kd8 | 深度 5 | 4.42 秒
37. material：Rbxe7 | 深度 4 | 5.00 秒
37... candidate：Rb5 | 深度 4 | 5.00 秒
38. material：Bc7+ | 深度 4 | 5.00 秒
38... candidate：Kc8 | 深度 4 | 5.00 秒
39. material：Rh8+ | 深度 4 | 5.00 秒
39... candidate：Kb7 | 深度 4 | 5.00 秒
40. material：Rxh4 | 深度 4 | 5.00 秒
40... candidate：Rb1+ | 深度 3 | 5.00 秒
41. material：Kh2 | 深度 5 | 1.33 秒
41... candidate：Rb2 | 深度 3 | 5.00 秒
42. material：Be5+ | 深度 4 | 5.00 秒
42... candidate：Ka6 | 深度 4 | 5.00 秒
43. material：Rh6+ | 深度 4 | 5.00 秒
43... candidate：Rb6 | 深度 4 | 5.00 秒
44. material：Rh8 | 深度 4 | 5.00 秒
44... candidate：Rb2 | 深度 3 | 5.00 秒
45. material：Ra8+ | 深度 5 | 4.59 秒
45... candidate：Kb5 | 深度 5 | 3.98 秒
46. material：Rb8+ | 深度 5 | 4.73 秒
46... candidate：Kc4 | 深度 5 | 2.65 秒
47. material：Rc7+ | 深度 4 | 5.00 秒
47... candidate：Kd5 | 深度 5 | 2.37 秒
48. material：Rxb2 | 深度 4 | 5.00 秒
48... candidate：Ke4 | 深度 5 | 3.76 秒
49. material：Rc8 | 深度 4 | 5.00 秒
49... candidate：Kf5 | 深度 4 | 5.00 秒
50. material：Rh8 | 深度 4 | 5.00 秒
50... candidate：Ke4 | 深度 4 | 5.00 秒
51. material：a3 | 深度 4 | 5.00 秒
51... candidate：Kd3 | 深度 4 | 5.00 秒
52. material：Rbb8 | 深度 4 | 5.00 秒
52... candidate：Ke2 | 深度 5 | 4.86 秒
53. material：Rbf8 | 深度 4 | 5.00 秒
53... candidate：Kd2 | 深度 4 | 5.00 秒
54. material：Rfg8 | 深度 4 | 5.00 秒
54... candidate：Ke2 | 深度 5 | 4.93 秒
55. material：Rf8 | 深度 5 | 4.68 秒
55... candidate：Kd2 | 深度 4 | 5.00 秒
56. material：Rfg8 | 深度 4 | 5.00 秒
56... candidate：Ke2 | 深度 5 | 4.69 秒
57. material：Bg3 | 深度 5 | 4.83 秒
57... candidate：Kd2 | 深度 4 | 5.00 秒
58. material：Rd8 | 深度 5 | 4.66 秒
58... candidate：Kc2 | 深度 4 | 5.00 秒
59. material：Rdg8 | 深度 4 | 5.00 秒
59... candidate：Kc3 | 深度 4 | 5.00 秒
60. material：Rd8 | 深度 4 | 5.00 秒
60... candidate：Kc4 | 深度 4 | 5.00 秒
61. material：Rdg8 | 深度 4 | 5.00 秒
61... candidate：Kc3 | 深度 4 | 5.00 秒
62. material：Rd8 | 深度 4 | 5.00 秒
62... candidate：Kc4 | 深度 4 | 5.00 秒
63. material：Rdf8 | 深度 4 | 5.00 秒
63... candidate：Kc3 | 深度 4 | 5.00 秒
64. material：Rfg8 | 深度 4 | 5.00 秒
64... candidate：Kc4 | 深度 4 | 5.00 秒
65. material：Rd8 | 深度 4 | 5.00 秒
65... candidate：Kc3 | 深度 4 | 5.00 秒
66. material：Rdg8 | 深度 4 | 5.00 秒
66... candidate：Kc4 | 深度 4 | 5.00 秒
67. material：Rd8 | 深度 4 | 5.00 秒
67... candidate：Kc3 | 深度 4 | 5.00 秒
68. material：Rdf8 | 深度 4 | 5.00 秒
68... candidate：Kc4 | 深度 4 | 5.00 秒
69. material：Rf4 | 深度 4 | 5.00 秒
69... candidate：Kb3 | 深度 4 | 5.00 秒
70. material：Ra8 | 深度 5 | 4.99 秒
70... candidate：Kc4 | 深度 4 | 5.00 秒
71. material：Ra7 | 深度 4 | 5.00 秒
71... candidate：Kb3 | 深度 4 | 5.00 秒
72. material：h4 | 深度 4 | 5.00 秒
72... candidate：Kb2 | 深度 4 | 5.00 秒
73. material：Rf5 | 深度 5 | 3.73 秒
73... candidate：Kb3 | 深度 3 | 5.00 秒
74. material：h5 | 深度 4 | 5.00 秒
74... candidate：Kc2 | 深度 4 | 5.00 秒
75. material：h6 | 深度 4 | 5.00 秒
75... candidate：Kd3 | 深度 3 | 5.00 秒
76. material：h7 | 深度 4 | 5.00 秒
76... candidate：Ke4 | 深度 5 | 3.96 秒
77. material：Rf4+ | 深度 4 | 5.00 秒
77... candidate：Kd3 | 深度 5 | 2.99 秒
78. material：h8=Q | 深度 4 | 5.00 秒
78... candidate：Kc2 | 深度 5 | 2.14 秒
79. material：Rg7 | 深度 4 | 5.00 秒
79... candidate：Kb3 | 深度 5 | 2.23 秒
80. material：Qf8 | 深度 4 | 5.00 秒
80... candidate：Kc3 | 深度 5 | 2.35 秒
81. material：Rf5 | 深度 4 | 5.00 秒
81... candidate：Kd2 | 深度 5 | 3.25 秒
82. material：Qh8 | 深度 4 | 5.00 秒
82... candidate：Kd3 | 深度 5 | 3.74 秒
83. material：Rh5 | 深度 4 | 5.00 秒
83... candidate：Kc2 | 深度 5 | 2.77 秒
84. material：Qh7+ | 深度 4 | 5.00 秒
84... candidate：Kb3 | 深度 5 | 3.26 秒
85. material：Qd3+ | 深度 4 | 5.00 秒
85... candidate：Kb2 | 深度 5 | 3.87 秒
86. material：Be5 | 深度 4 | 5.00 秒
86... candidate：Kc1 | 深度 5 | 4.31 秒
87. material：Qg6 | 深度 4 | 5.00 秒
87... candidate：Kb2 | 深度 5 | 3.48 秒
88. material：Bd6 | 深度 4 | 5.00 秒
88... candidate：Kb3 | 深度 4 | 5.00 秒
89. material：Rh8 | 深度 4 | 5.00 秒
89... candidate：Kc4 | 深度 4 | 5.00 秒
90. material：Be5 | 深度 4 | 5.00 秒
90... candidate：Kb3 | 深度 5 | 4.38 秒
91. material：Qd6 | 深度 4 | 5.00 秒
91... candidate：Kc2 | 深度 5 | 4.18 秒
92. material：Qf8 | 深度 4 | 5.00 秒
92... candidate：Kb3 | 深度 5 | 4.35 秒
93. material：g4 | 深度 4 | 5.00 秒
93... candidate：Kc2 | 深度 5 | 3.12 秒
94. material：f4 | 深度 4 | 5.00 秒
94... candidate：Kd3 | 深度 5 | 2.63 秒
95. material：Rh3 | 深度 4 | 5.00 秒
95... candidate：Kc2 | 深度 5 | 2.57 秒
96. material：Rh5 | 深度 4 | 5.00 秒
96... candidate：Kb3 | 深度 5 | 3.21 秒
97. material：g5 | 深度 4 | 5.00 秒
97... candidate：Kc2 | 深度 5 | 2.10 秒
98. material：Rh8 | 深度 4 | 5.00 秒
98... candidate：Kb3 | 深度 5 | 2.74 秒
99. material：g6 | 深度 4 | 5.00 秒
99... candidate：Kc2 | 深度 5 | 2.25 秒
100. material：Ra7 | 深度 4 | 5.00 秒
100... candidate：Kb3 | 深度 5 | 3.27 秒
101. material：g7 | 深度 4 | 5.00 秒
101... candidate：Kc2 | 深度 4 | 5.00 秒
102. material：g8=Q | 深度 4 | 5.00 秒
102... candidate：Kc3 | 深度 5 | 4.46 秒
103. material：Qg5 | 深度 4 | 5.00 秒
103... candidate：Kc4 | 深度 4 | 5.00 秒
104. material：Qh5 | 深度 4 | 5.00 秒
104... candidate：Kd3 | 深度 4 | 5.00 秒
105. material：Qh3 | 深度 4 | 5.00 秒
105... candidate：Kc2 | 深度 5 | 4.69 秒
106. material：Qd7 | 深度 4 | 5.00 秒
106... candidate：Kb3 | 深度 4 | 5.00 秒
107. material：Qdg7 | 深度 4 | 5.00 秒
107... candidate：Kc2 | 深度 5 | 4.64 秒
108. material：Rf7 | 深度 4 | 5.00 秒
108... candidate：Kb3 | 深度 5 | 4.27 秒
109. material：Qg4 | 深度 4 | 5.00 秒
109... candidate：Kc2 | 深度 4 | 5.00 秒
110. material：Qgg7 | 深度 4 | 5.00 秒
110... candidate：Kb3 | 深度 5 | 4.11 秒
111. material：Qg4 | 深度 4 | 5.00 秒
111... candidate：Kc2 | 深度 4 | 5.00 秒
112. material：Qh4 | 深度 4 | 5.00 秒
112... candidate：Kb3 | 深度 5 | 4.39 秒
113. material：Qh7 | 深度 4 | 5.00 秒
113... candidate：Kc4 | 深度 4 | 5.00 秒
114. material：Qc5+ | 深度 4 | 5.00 秒
114... candidate：Kb3 | 深度 5 | 4.99 秒
115. material：Qhc2# | 深度 0 | 0.00 秒
本盘结果：1-0，原因：CHECKMATE
结果压缩包： C:\Users\maxw\chess_ai\full_arena_games\20260908_114659_639735\pair_02.zip

===== 比赛结束 =====
价值版获胜： 0
子力版获胜： 1
和棋： 0
达到步数上限未结束： 1
棋谱与搜索记录： C:\Users\maxw\chess_ai\full_arena_games\20260908_114659_639735\pair_02
