本次candidate： C:\Users\maxw\chess_ai\value_full_runs\20260908_113914_349502\value_full_epoch2.pt
交换颜色两局；双方CPU1线程，每步5秒、深度上限5。

===== 第 9/20 盘：西西里式，白方 candidate，黑方 material =====
4. candidate：Bb5+ | 深度 3 | 5.00 秒
4... material：Nc6 | 深度 4 | 5.00 秒
5. candidate：Nxd4 | 深度 3 | 5.00 秒
5... material：Bd7 | 深度 4 | 5.00 秒
6. candidate：Bxc6 | 深度 3 | 5.00 秒
6... material：bxc6 | 深度 4 | 5.00 秒
7. candidate：Nc3 | 深度 3 | 5.00 秒
7... material：Nf6 | 深度 4 | 5.00 秒
8. candidate：Rb1 | 深度 2 | 5.00 秒
8... material：e6 | 深度 3 | 5.00 秒
9. candidate：h4 | 深度 2 | 5.00 秒
9... material：c5 | 深度 4 | 5.00 秒
10. candidate：Nde2 | 深度 3 | 5.00 秒
10... material：Be7 | 深度 3 | 5.00 秒
11. candidate：Rh3 | 深度 2 | 5.00 秒
11... material：O-O | 深度 4 | 5.00 秒
12. candidate：Be3 | 深度 2 | 5.00 秒
12... material：Bc6 | 深度 3 | 5.00 秒
13. candidate：Ng3 | 深度 3 | 5.00 秒
13... material：Qc7 | 深度 3 | 5.00 秒
14. candidate：Bg5 | 深度 2 | 5.00 秒
14... material：h6 | 深度 3 | 5.00 秒
15. candidate：Be3 | 深度 3 | 5.00 秒
15... material：Rfb8 | 深度 3 | 5.00 秒
16. candidate：Bf4 | 深度 2 | 5.00 秒
16... material：Nd7 | 深度 3 | 5.00 秒
17. candidate：Qh5 | 深度 2 | 5.00 秒
17... material：Ne5 | 深度 3 | 5.00 秒
18. candidate：Rd1 | 深度 2 | 5.00 秒
18... material：Rxb2 | 深度 3 | 5.00 秒
19. candidate：Rc1 | 深度 3 | 5.00 秒
19... material：Bf6 | 深度 3 | 5.00 秒
20. candidate：f3 | 深度 2 | 5.00 秒
20... material：g6 | 深度 3 | 5.00 秒
21. candidate：Qxh6 | 深度 3 | 5.00 秒
21... material：Nxf3+ | 深度 3 | 5.00 秒
22. candidate：gxf3 | 深度 3 | 5.00 秒
22... material：Bxc3+ | 深度 3 | 5.00 秒
23. candidate：Bd2 | 深度 3 | 5.00 秒
23... material：Bxd2+ | 深度 4 | 5.00 秒
24. candidate：Kxd2 | 深度 4 | 5.00 秒
24... material：Rxa2 | 深度 3 | 5.00 秒
25. candidate：h5 | 深度 3 | 5.00 秒
25... material：Be8 | 深度 4 | 5.00 秒
26. candidate：hxg6 | 深度 3 | 5.00 秒
26... material：Qa5+ | 深度 5 | 2.09 秒
27. candidate：Kd1 | 深度 4 | 5.00 秒
27... material：Qc3 | 深度 5 | 3.44 秒
28. candidate：Qh7+ | 深度 4 | 5.00 秒
28... material：Kf8 | 深度 5 | 2.13 秒
29. candidate：Ne2 | 深度 4 | 5.00 秒
29... material：Qb2 | 深度 4 | 5.00 秒
30. candidate：Qh8+ | 深度 4 | 5.00 秒
30... material：Qxh8 | 深度 5 | 0.76 秒
31. candidate：Rxh8+ | 深度 5 | 3.63 秒
31... material：Kg7 | 深度 5 | 0.82 秒
32. candidate：gxf7 | 深度 4 | 5.00 秒
32... material：Kxf7 | 深度 5 | 2.91 秒
33. candidate：Nc3 | 深度 3 | 5.00 秒
33... material：Ra5 | 深度 5 | 2.53 秒
34. candidate：Rb1 | 深度 4 | 5.00 秒
34... material：Kg6 | 深度 5 | 4.22 秒
35. candidate：f4 | 深度 3 | 5.00 秒
35... material：Kf7 | 深度 5 | 4.06 秒
36. candidate：Rb7+ | 深度 3 | 5.00 秒
36... material：Kf6 | 深度 5 | 4.68 秒
37. candidate：Rh6+ | 深度 3 | 5.00 秒
37... material：Bg6 | 深度 5 | 3.17 秒
38. candidate：e5+ | 深度 3 | 5.00 秒
38... material：dxe5 | 深度 5 | 1.79 秒
39. candidate：Ne4+ | 深度 4 | 5.00 秒
39... material：Kf5 | 深度 5 | 1.50 秒
40. candidate：Nd6+ | 深度 4 | 5.00 秒
40... material：Kxf4 | 深度 5 | 1.53 秒
41. candidate：Rxg6 | 深度 4 | 5.00 秒
41... material：Ra1+ | 深度 4 | 5.00 秒
42. candidate：Ke2 | 深度 4 | 5.00 秒
42... material：Rf8 | 深度 4 | 5.00 秒
43. candidate：Rh7 | 深度 3 | 5.00 秒
43... material：e4 | 深度 4 | 5.00 秒
44. candidate：Rxe6 | 深度 3 | 5.00 秒
44... material：Ra4 | 深度 4 | 5.00 秒
45. candidate：Nf7 | 深度 3 | 5.00 秒
45... material：Ra2 | 深度 4 | 5.00 秒
46. candidate：Kd2 | 深度 4 | 5.00 秒
46... material：e3+ | 深度 4 | 5.00 秒
47. candidate：Kc3 | 深度 4 | 5.00 秒
47... material：Ra1 | 深度 4 | 5.00 秒
48. candidate：Rf6+ | 深度 3 | 5.00 秒
48... material：Kg3 | 深度 5 | 1.41 秒
49. candidate：Rg7+ | 深度 4 | 5.00 秒
49... material：Kh3 | 深度 5 | 2.55 秒
50. candidate：Rh6# | 深度 0 | 0.00 秒
本盘结果：1-0，原因：CHECKMATE

===== 第 10/20 盘：西西里式，白方 material，黑方 candidate =====
4. material：Nxd4 | 深度 4 | 5.00 秒
4... candidate：e5 | 深度 3 | 5.00 秒
5. material：Nb3 | 深度 4 | 5.00 秒
5... candidate：Bd7 | 深度 2 | 5.00 秒
6. material：Bc4 | 深度 3 | 5.00 秒
6... candidate：Nf6 | 深度 3 | 5.00 秒
7. material：Nc3 | 深度 3 | 5.00 秒
7... candidate：Bc6 | 深度 3 | 5.00 秒
8. material：Bg5 | 深度 3 | 5.00 秒
8... candidate：h6 | 深度 3 | 5.00 秒
9. material：Bh4 | 深度 3 | 5.00 秒
9... candidate：g5 | 深度 3 | 5.00 秒
10. material：Bg3 | 深度 4 | 5.00 秒
10... candidate：a5 | 深度 2 | 5.00 秒
11. material：Nd2 | 深度 3 | 5.00 秒
11... candidate：Bg7 | 深度 3 | 5.00 秒
12. material：O-O | 深度 3 | 5.00 秒
12... candidate：Rh7 | 深度 2 | 5.00 秒
13. material：Bb3 | 深度 3 | 5.00 秒
13... candidate：a4 | 深度 3 | 5.00 秒
14. material：Bc4 | 深度 4 | 5.00 秒
14... candidate：b6 | 深度 2 | 5.00 秒
15. material：Qe2 | 深度 3 | 5.00 秒
15... candidate：Bh8 | 深度 2 | 5.00 秒
16. material：Rfd1 | 深度 3 | 5.00 秒
16... candidate：Qd7 | 深度 3 | 5.00 秒
17. material：a3 | 深度 3 | 5.00 秒
17... candidate：Qd8 | 深度 2 | 5.00 秒
18. material：Nd5 | 深度 3 | 5.00 秒
18... candidate：Bxd5 | 深度 3 | 5.00 秒
19. material：exd5 | 深度 4 | 5.00 秒
19... candidate：Rg7 | 深度 3 | 5.00 秒
20. material：Qd3 | 深度 3 | 5.00 秒
20... candidate：Ra5 | 深度 3 | 5.00 秒
21. material：h3 | 深度 3 | 5.00 秒
21... candidate：Qd7 | 深度 3 | 5.00 秒
22. material：c3 | 深度 3 | 5.00 秒
22... candidate：b5 | 深度 3 | 5.00 秒
23. material：Ba2 | 深度 4 | 5.00 秒
23... candidate：Qc8 | 深度 2 | 5.00 秒
24. material：c4 | 深度 3 | 5.00 秒
24... candidate：Qb7 | 深度 3 | 5.00 秒
25. material：Rac1 | 深度 3 | 5.00 秒
25... candidate：b4 | 深度 3 | 5.00 秒
26. material：axb4 | 深度 4 | 5.00 秒
26... candidate：Qxb4 | 深度 3 | 5.00 秒
27. material：Rc2 | 深度 3 | 5.00 秒
27... candidate：e4 | 深度 2 | 5.00 秒
28. material：Nxe4 | 深度 4 | 5.00 秒
28... candidate：Nxe4 | 深度 4 | 5.00 秒
29. material：Qxe4+ | 深度 4 | 5.00 秒
29... candidate：Kd7 | 深度 3 | 5.00 秒
30. material：Qf3 | 深度 3 | 5.00 秒
30... candidate：Ke7 | 深度 3 | 5.00 秒
31. material：Rd3 | 深度 3 | 5.00 秒
31... candidate：Qe1+ | 深度 3 | 5.00 秒
32. material：Kh2 | 深度 4 | 5.00 秒
32... candidate：Qb4 | 深度 3 | 5.00 秒
33. material：Rcd2 | 深度 3 | 5.00 秒
33... candidate：Na6 | 深度 3 | 5.00 秒
34. material：Re2+ | 深度 3 | 5.00 秒
34... candidate：Kd7 | 深度 3 | 5.00 秒
35. material：Qe3 | 深度 3 | 5.00 秒
35... candidate：Nc5 | 深度 3 | 5.00 秒
36. material：Qe8+ | 深度 4 | 5.00 秒
36... candidate：Kc7 | 深度 4 | 5.00 秒
37. material：Re7+ | 深度 3 | 5.00 秒
37... candidate：Nd7 | 深度 3 | 5.00 秒
38. material：Qxd7+ | 深度 3 | 5.00 秒
38... candidate：Kb6 | 深度 4 | 5.00 秒
39. material：Qc6# | 深度 0 | 0.00 秒
本盘结果：1-0，原因：CHECKMATE
结果压缩包： C:\Users\maxw\chess_ai\full_arena_games\20260908_114659_639735\pair_05.zip

===== 比赛结束 =====
价值版获胜： 1
子力版获胜： 1
和棋： 0
达到步数上限未结束： 0
棋谱与搜索记录： C:\Users\maxw\chess_ai\full_arena_games\20260908_114659_639735\pair_05
