本次v4： C:\Users\maxw\chess_ai\value_full_runs\20260908_113914_349502\value_full_epoch2.pt
交换颜色两局；双方CPU4线程，每步5秒、深度上限5。
C:\Users\maxw\chess_ai\.venv\Lib\site-packages\torch\jit\_trace.py:1006: FutureWarning: `torch.jit.trace` is deprecated. Please switch to `torch.compile` or `torch.export`.
  warnings.warn(
C:\Users\maxw\chess_ai\.venv\Lib\site-packages\torch\jit\_trace.py:1145: FutureWarning: `torch.jit.trace_method` is deprecated. Please switch to `torch.compile` or `torch.export`.
  warnings.warn(
C:\Users\maxw\chess_ai\.venv\Lib\site-packages\torch\jit\_freeze.py:106: FutureWarning: `torch.jit.freeze` is deprecated. Please use `torch.compile` instead.
  warnings.warn(

===== 第 37/40 盘：后印度，白方 v4，黑方 material =====
4. v4：Qb3 | 深度 4 | 5.00 秒
4... material：Bb7 | 深度 4 | 5.00 秒
5. v4：Nc3 | 深度 4 | 5.00 秒
5... material：Be7 | 深度 3 | 5.00 秒
6. v4：Bf4 | 深度 3 | 5.00 秒
6... material：O-O | 深度 3 | 5.00 秒
7. v4：O-O-O | 深度 3 | 5.00 秒
7... material：d6 | 深度 3 | 5.00 秒
8. v4：d5 | 深度 3 | 5.00 秒
8... material：exd5 | 深度 4 | 5.00 秒
9. v4：cxd5 | 深度 4 | 5.00 秒
9... material：Nbd7 | 深度 3 | 5.00 秒
10. v4：Rg1 | 深度 3 | 5.00 秒
10... material：Re8 | 深度 3 | 5.00 秒
11. v4：Rd2 | 深度 3 | 5.00 秒
11... material：Bf8 | 深度 3 | 5.00 秒
12. v4：Kb1 | 深度 3 | 5.00 秒
12... material：g6 | 深度 3 | 5.00 秒
13. v4：Ng5 | 深度 3 | 5.00 秒
13... material：Nh5 | 深度 3 | 5.00 秒
14. v4：g3 | 深度 4 | 5.00 秒
14... material：Nxf4 | 深度 3 | 5.00 秒
15. v4：gxf4 | 深度 4 | 5.00 秒
15... material：Bg7 | 深度 3 | 5.00 秒
16. v4：Nce4 | 深度 3 | 5.00 秒
16... material：h6 | 深度 4 | 5.00 秒
17. v4：Qe3 | 深度 4 | 5.00 秒
17... material：hxg5 | 深度 4 | 5.00 秒
18. v4：fxg5 | 深度 4 | 5.00 秒
18... material：Re5 | 深度 3 | 5.00 秒
19. v4：f4 | 深度 4 | 5.00 秒
19... material：Rxd5 | 深度 4 | 5.00 秒
20. v4：Rxd5 | 深度 4 | 5.00 秒
20... material：Bxd5 | 深度 4 | 5.00 秒
21. v4：Ng3 | 深度 4 | 5.00 秒
21... material：a5 | 深度 3 | 5.00 秒
22. v4：Bh3 | 深度 4 | 5.00 秒
22... material：Bc4 | 深度 3 | 5.00 秒
23. v4：Rc1 | 深度 3 | 5.00 秒
23... material：d5 | 深度 3 | 5.00 秒
24. v4：Qf3 | 深度 3 | 5.00 秒
24... material：Nc5 | 深度 3 | 5.00 秒
25. v4：b3 | 深度 3 | 5.00 秒
25... material：Ba6 | 深度 4 | 5.00 秒
26. v4：Qg4 | 深度 3 | 5.00 秒
26... material：Ne4 | 深度 3 | 5.00 秒
27. v4：Nxe4 | 深度 4 | 5.00 秒
27... material：dxe4 | 深度 4 | 5.00 秒
28. v4：f5 | 深度 4 | 5.00 秒
28... material：Qd2 | 深度 3 | 5.00 秒
29. v4：Rc2 | 深度 5 | 3.89 秒
29... material：Qd1+ | 深度 4 | 5.00 秒
30. v4：Rc1 | 深度 5 | 2.37 秒
30... material：Qxe2 | 深度 3 | 5.00 秒
31. v4：Qxe2 | 深度 5 | 1.87 秒
31... material：Bxe2 | 深度 5 | 4.09 秒
32. v4：f6 | 深度 5 | 2.01 秒
32... material：Bd3+ | 深度 5 | 3.21 秒
33. v4：Kb2 | 深度 5 | 0.80 秒
33... material：Bf8 | 深度 5 | 2.81 秒
34. v4：Rxc7 | 深度 5 | 2.51 秒
34... material：Rd8 | 深度 5 | 4.07 秒
35. v4：Rc8 | 深度 5 | 2.83 秒
35... material：Rxc8 | 深度 5 | 0.95 秒
36. v4：Bxc8 | 深度 5 | 0.99 秒
36... material：e3 | 深度 5 | 2.13 秒
37. v4：Bg4 | 深度 5 | 1.44 秒
37... material：e2 | 深度 5 | 4.65 秒
38. v4：Bxe2 | 深度 5 | 0.57 秒
38... material：Bxe2 | 深度 5 | 0.69 秒
39. v4：Kc2 | 深度 5 | 1.30 秒
39... material：Bb5 | 深度 5 | 1.28 秒
40. v4：h4 | 深度 5 | 1.40 秒
40... material：Bf1 | 深度 5 | 0.94 秒
41. v4：Kd2 | 深度 5 | 0.99 秒
41... material：Bb5 | 深度 5 | 1.20 秒
42. v4：a4 | 深度 5 | 0.75 秒
42... material：Bf1 | 深度 5 | 0.63 秒
43. v4：Ke3 | 深度 5 | 0.49 秒
43... material：Bb4 | 深度 5 | 0.99 秒
44. v4：Kd4 | 深度 5 | 0.89 秒
44... material：Be1 | 深度 5 | 0.94 秒
45. v4：h5 | 深度 5 | 0.63 秒
45... material：gxh5 | 深度 5 | 0.65 秒
46. v4：Kd5 | 深度 5 | 0.74 秒
46... material：Bh4 | 深度 5 | 1.13 秒
47. v4：Kc6 | 深度 5 | 0.21 秒
47... material：Bxg5 | 深度 5 | 0.54 秒
48. v4：Kxb6 | 深度 5 | 0.26 秒
48... material：Bd3 | 深度 5 | 0.83 秒
49. v4：Kxa5 | 深度 5 | 0.29 秒
49... material：Bxf6 | 深度 5 | 1.55 秒
50. v4：Kb4 | 深度 5 | 1.17 秒
50... material：h4 | 深度 5 | 2.61 秒
51. v4：a5 | 深度 5 | 1.05 秒
51... material：h3 | 深度 5 | 2.28 秒
52. v4：Kc5 | 深度 5 | 0.81 秒
52... material：h2 | 深度 5 | 2.47 秒
53. v4：a6 | 深度 5 | 2.29 秒
53... material：h1=Q | 深度 5 | 4.53 秒
54. v4：Kd6 | 深度 4 | 5.00 秒
54... material：Qh2+ | 深度 4 | 5.00 秒
55. v4：Kd7 | 深度 5 | 2.01 秒
55... material：Qb8 | 深度 4 | 5.00 秒
56. v4：Kc6 | 深度 5 | 1.57 秒
56... material：Bxa6 | 深度 4 | 5.00 秒
57. v4：Kd5 | 深度 5 | 1.74 秒
57... material：Qb5+ | 深度 4 | 5.00 秒
58. v4：Kd6 | 深度 5 | 0.83 秒
58... material：Qd3+ | 深度 4 | 5.00 秒
59. v4：Kc6 | 深度 5 | 1.08 秒
59... material：Qxb3 | 深度 4 | 5.00 秒
60. v4：Kd6 | 深度 5 | 1.53 秒
60... material：Qd1+ | 深度 4 | 5.00 秒
61. v4：Kc6 | 深度 5 | 1.11 秒
61... material：Qh1+ | 深度 4 | 5.00 秒
62. v4：Kb6 | 深度 5 | 1.21 秒
62... material：Qa1 | 深度 4 | 5.00 秒
63. v4：Kc6 | 深度 5 | 1.01 秒
63... material：Bd4 | 深度 4 | 5.00 秒
64. v4：Kd5 | 深度 5 | 1.30 秒
64... material：Bb5 | 深度 4 | 5.00 秒
65. v4：Ke4 | 深度 5 | 1.20 秒
65... material：Bc6+ | 深度 4 | 5.00 秒
66. v4：Kf4 | 深度 5 | 1.60 秒
66... material：Qh1 | 深度 4 | 5.00 秒
67. v4：Kf5 | 深度 5 | 1.49 秒
67... material：Qg1 | 深度 4 | 5.00 秒
68. v4：Kf4 | 深度 5 | 0.97 秒
68... material：Bf6 | 深度 4 | 5.00 秒
69. v4：Kf5 | 深度 5 | 0.70 秒
69... material：Qg5# | 深度 0 | 0.00 秒
本盘结果：0-1，原因：CHECKMATE

===== 第 38/40 盘：后印度，白方 material，黑方 v4 =====
4. material：g3 | 深度 4 | 5.00 秒
4... v4：d5 | 深度 4 | 5.00 秒
5. material：cxd5 | 深度 4 | 5.00 秒
5... v4：Bb4+ | 深度 4 | 5.00 秒
6. material：Bd2 | 深度 5 | 3.41 秒
6... v4：Bxd2+ | 深度 4 | 5.00 秒
7. material：Qxd2 | 深度 5 | 2.68 秒
7... v4：Qxd5 | 深度 4 | 5.00 秒
8. material：Bg2 | 深度 3 | 5.00 秒
8... v4：Ne4 | 深度 3 | 5.00 秒
9. material：Qf4 | 深度 3 | 5.00 秒
9... v4：Bb7 | 深度 3 | 5.00 秒
10. material：Qxc7 | 深度 3 | 5.00 秒
10... v4：Na6 | 深度 3 | 5.00 秒
11. material：Qe5 | 深度 4 | 5.00 秒
11... v4：Qc4 | 深度 4 | 5.00 秒
12. material：Nbd2 | 深度 3 | 5.00 秒
12... v4：Qb4 | 深度 4 | 5.00 秒
13. material：Qxg7 | 深度 4 | 5.00 秒
13... v4：Ke7 | 深度 4 | 5.00 秒
14. material：b3 | 深度 3 | 5.00 秒
14... v4：Rag8 | 深度 3 | 5.00 秒
15. material：Qh6 | 深度 4 | 5.00 秒
15... v4：Nxd2 | 深度 3 | 5.00 秒
16. material：Qxd2 | 深度 4 | 5.00 秒
16... v4：Rd8 | 深度 4 | 5.00 秒
17. material：O-O-O | 深度 4 | 5.00 秒
17... v4：Be4 | 深度 4 | 5.00 秒
18. material：Kb2 | 深度 4 | 5.00 秒
18... v4：Qxd2+ | 深度 4 | 5.00 秒
19. material：Rxd2 | 深度 4 | 5.00 秒
19... v4：e5 | 深度 4 | 5.00 秒
20. material：e3 | 深度 4 | 5.00 秒
20... v4：Rd7 | 深度 4 | 5.00 秒
21. material：Rg1 | 深度 4 | 5.00 秒
21... v4：Bxf3 | 深度 4 | 5.00 秒
22. material：Bxf3 | 深度 4 | 5.00 秒
22... v4：Nc5 | 深度 4 | 5.00 秒
23. material：d5 | 深度 4 | 5.00 秒
23... v4：Rd6 | 深度 4 | 5.00 秒
24. material：Rg2 | 深度 3 | 5.00 秒
24... v4：h5 | 深度 4 | 5.00 秒
25. material：b4 | 深度 4 | 5.00 秒
25... v4：Na4+ | 深度 4 | 5.00 秒
26. material：Kb3 | 深度 4 | 5.00 秒
26... v4：b5 | 深度 4 | 5.00 秒
27. material：Rc2 | 深度 4 | 5.00 秒
27... v4：Kd7 | 深度 4 | 5.00 秒
28. material：a3 | 深度 4 | 5.00 秒
28... v4：f5 | 深度 4 | 5.00 秒
29. material：Rd2 | 深度 4 | 5.00 秒
29... v4：a6 | 深度 4 | 5.00 秒
30. material：Rd1 | 深度 4 | 5.00 秒
30... v4：e4 | 深度 5 | 4.60 秒
31. material：Be2 | 深度 4 | 5.00 秒
31... v4：Nb6 | 深度 4 | 5.00 秒
32. material：f3 | 深度 3 | 5.00 秒
32... v4：Nxd5 | 深度 5 | 4.13 秒
33. material：fxe4 | 深度 4 | 5.00 秒
33... v4：Nxe3 | 深度 5 | 3.24 秒
34. material：Rxd6+ | 深度 5 | 4.24 秒
34... v4：Kxd6 | 深度 5 | 0.82 秒
35. material：Rf2 | 深度 5 | 1.77 秒
35... v4：fxe4 | 深度 5 | 2.81 秒
36. material：Rf6+ | 深度 5 | 2.41 秒
36... v4：Kd5 | 深度 5 | 3.23 秒
37. material：Rxa6 | 深度 5 | 4.32 秒
37... v4：Nc4 | 深度 5 | 2.01 秒
38. material：Ra7 | 深度 4 | 5.00 秒
38... v4：h4 | 深度 5 | 3.87 秒
39. material：g4 | 深度 4 | 5.00 秒
39... v4：Rf8 | 深度 5 | 4.30 秒
40. material：Bd1 | 深度 4 | 5.00 秒
40... v4：Rf2 | 深度 5 | 3.27 秒
41. material：h3 | 深度 5 | 3.47 秒
41... v4：Ne3 | 深度 5 | 3.60 秒
42. material：Rd7+ | 深度 5 | 0.63 秒
42... v4：Kc6 | 深度 5 | 0.75 秒
43. material：Rd8 | 深度 5 | 1.01 秒
43... v4：Rh2 | 深度 5 | 2.04 秒
44. material：Rc8+ | 深度 5 | 0.89 秒
44... v4：Kd7 | 深度 5 | 0.72 秒
45. material：Rc5 | 深度 5 | 1.35 秒
45... v4：Nxd1 | 深度 5 | 1.76 秒
46. material：Rd5+ | 深度 5 | 0.19 秒
46... v4：Ke7 | 深度 5 | 0.41 秒
47. material：Rxd1 | 深度 5 | 0.27 秒
47... v4：Rxh3+ | 深度 5 | 0.82 秒
48. material：Ka2 | 深度 5 | 0.53 秒
48... v4：Rg3 | 深度 5 | 1.39 秒
49. material：Rd5 | 深度 5 | 0.79 秒
49... v4：Rg2+ | 深度 5 | 0.86 秒
50. material：Kb3 | 深度 5 | 0.29 秒
50... v4：Rg3+ | 深度 5 | 0.86 秒
51. material：Kc2 | 深度 5 | 0.33 秒
51... v4：Rg2+ | 深度 5 | 1.20 秒
52. material：Kb3 | 深度 5 | 0.39 秒
52... v4：Rg3+ | 深度 5 | 1.49 秒
53. material：Kc2 | 深度 5 | 0.34 秒
53... v4：Rxg4 | 深度 5 | 1.41 秒
54. material：Rxb5 | 深度 5 | 1.14 秒
54... v4：h3 | 深度 5 | 2.22 秒
55. material：Rc5 | 深度 5 | 1.56 秒
55... v4：h2 | 深度 5 | 1.87 秒
56. material：Re5+ | 深度 5 | 1.86 秒
56... v4：Kf7 | 深度 5 | 1.14 秒
57. material：Rh5 | 深度 5 | 1.65 秒
57... v4：Rg2+ | 深度 5 | 1.96 秒
58. material：Kb3 | 深度 5 | 1.28 秒
58... v4：Kg6 | 深度 5 | 3.80 秒
59. material：Rh4 | 深度 5 | 1.36 秒
59... v4：Kg5 | 深度 5 | 2.92 秒
60. material：Rh3 | 深度 5 | 0.99 秒
60... v4：Kg4 | 深度 5 | 3.06 秒
61. material：Rh8 | 深度 5 | 0.87 秒
61... v4：Kf3 | 深度 5 | 2.07 秒
62. material：Rf8+ | 深度 5 | 3.79 秒
62... v4：Ke2 | 深度 5 | 0.88 秒
63. material：Rh8 | 深度 5 | 2.53 秒
63... v4：Kf2 | 深度 5 | 3.08 秒
64. material：Kc4 | 深度 4 | 5.00 秒
64... v4：Kg1 | 深度 5 | 2.05 秒
65. material：Kd4 | 深度 5 | 2.02 秒
65... v4：Rg4 | 深度 5 | 1.73 秒
66. material：Ke5 | 深度 5 | 2.17 秒
66... v4：h1=Q | 深度 5 | 1.55 秒
67. material：Rxh1+ | 深度 5 | 1.60 秒
67... v4：Kxh1 | 深度 5 | 0.61 秒
68. material：Kd4 | 深度 5 | 0.34 秒
68... v4：Kg2 | 深度 5 | 1.01 秒
69. material：Ke3 | 深度 5 | 0.84 秒
69... v4：Rg3+ | 深度 5 | 0.82 秒
70. material：Kxe4 | 深度 5 | 0.21 秒
70... v4：Rxa3 | 深度 5 | 1.63 秒
71. material：Kd4 | 深度 5 | 0.54 秒
71... v4：Rb3 | 深度 5 | 2.54 秒
72. material：Kc5 | 深度 5 | 0.45 秒
72... v4：Rb2 | 深度 5 | 2.11 秒
73. material：b5 | 深度 5 | 0.42 秒
73... v4：Rc2+ | 深度 5 | 2.16 秒
74. material：Kb6 | 深度 5 | 0.28 秒
74... v4：Rb2 | 深度 5 | 1.47 秒
75. material：Ka5 | 深度 5 | 0.29 秒
75... v4：Ra2+ | 深度 5 | 1.41 秒
76. material：Kb4 | 深度 5 | 0.16 秒
76... v4：Rc2 | 深度 5 | 1.81 秒
77. material：Kb3 | 深度 5 | 0.15 秒
77... v4：Rc1 | 深度 5 | 1.06 秒
78. material：Kb4 | 深度 5 | 0.25 秒
78... v4：Rd1 | 深度 5 | 2.42 秒
79. material：Ka3 | 深度 5 | 0.31 秒
79... v4：Rb1 | 深度 5 | 1.34 秒
80. material：Ka4 | 深度 5 | 0.18 秒
80... v4：Kf3 | 深度 5 | 1.12 秒
81. material：Ka5 | 深度 5 | 0.40 秒
81... v4：Rb3 | 深度 5 | 1.85 秒
82. material：b6 | 深度 5 | 0.17 秒
82... v4：Rb2 | 深度 5 | 1.32 秒
83. material：Ka6 | 深度 5 | 0.35 秒
83... v4：Ke3 | 深度 5 | 2.27 秒
84. material：b7 | 深度 5 | 0.42 秒
84... v4：Kd3 | 深度 5 | 2.39 秒
85. material：Ka7 | 深度 5 | 0.25 秒
85... v4：Ra2+ | 深度 5 | 1.31 秒
86. material：Kb8 | 深度 5 | 0.53 秒
86... v4：Rc2 | 深度 5 | 1.85 秒
87. material：Ka7 | 深度 5 | 0.51 秒
87... v4：Ra2+ | 深度 5 | 1.66 秒
88. material：Kb6 | 深度 5 | 0.47 秒
88... v4：Rb2+ | 深度 5 | 1.53 秒
89. material：Ka7 | 深度 5 | 0.22 秒
v4 申请和棋：{'reason': 'threefold_repetition', 'intended_move': 'b2a2'}
本盘结果：1/2-1/2，原因：claimed_threefold_repetition
结果压缩包： C:\Users\maxw\chess_ai\arena_v4_material40_games\20260908_191019_049803\pair_19.zip

===== 比赛结束 =====
v4获胜： 0
material获胜： 1
和棋： 1
达到步数上限未结束： 0
棋谱与搜索记录： C:\Users\maxw\chess_ai\arena_v4_material40_games\20260908_191019_049803\pair_19
