本次v4： C:\Users\maxw\chess_ai\value_full_runs\20260908_113914_349502\value_full_epoch2.pt
交换颜色两局；双方CPU4线程，每步5秒、深度上限5。
C:\Users\maxw\chess_ai\.venv\Lib\site-packages\torch\jit\_trace.py:1006: FutureWarning: `torch.jit.trace` is deprecated. Please switch to `torch.compile` or `torch.export`.
  warnings.warn(
C:\Users\maxw\chess_ai\.venv\Lib\site-packages\torch\jit\_trace.py:1145: FutureWarning: `torch.jit.trace_method` is deprecated. Please switch to `torch.compile` or `torch.export`.
  warnings.warn(
C:\Users\maxw\chess_ai\.venv\Lib\site-packages\torch\jit\_freeze.py:106: FutureWarning: `torch.jit.freeze` is deprecated. Please use `torch.compile` instead.
  warnings.warn(

===== 第 9/40 盘：西西里式，白方 v4，黑方 material =====
4. v4：Qxd4 | 深度 4 | 5.00 秒
4... material：Nc6 | 深度 4 | 5.00 秒
5. v4：Qd2 | 深度 4 | 5.00 秒
5... material：Nf6 | 深度 3 | 5.00 秒
6. v4：Nc3 | 深度 4 | 5.00 秒
6... material：g6 | 深度 3 | 5.00 秒
7. v4：Bc4 | 深度 4 | 5.00 秒
7... material：Bg7 | 深度 3 | 5.00 秒
8. v4：Bd5 | 深度 3 | 5.00 秒
8... material：Nxd5 | 深度 4 | 5.00 秒
9. v4：exd5 | 深度 4 | 5.00 秒
9... material：Ne5 | 深度 4 | 5.00 秒
10. v4：Nxe5 | 深度 4 | 5.00 秒
10... material：dxe5 | 深度 4 | 5.00 秒
11. v4：Qg5 | 深度 4 | 5.00 秒
11... material：O-O | 深度 3 | 5.00 秒
12. v4：h4 | 深度 4 | 5.00 秒
12... material：f5 | 深度 4 | 5.00 秒
13. v4：Kd2 | 深度 3 | 5.00 秒
13... material：Be6 | 深度 3 | 5.00 秒
14. v4：Rh3 | 深度 4 | 5.00 秒
14... material：Bxd5 | 深度 3 | 5.00 秒
15. v4：Ke1 | 深度 4 | 5.00 秒
15... material：Be6 | 深度 4 | 5.00 秒
16. v4：Rd3 | 深度 4 | 5.00 秒
16... material：Qc7 | 深度 4 | 5.00 秒
17. v4：Rd1 | 深度 3 | 5.00 秒
17... material：Kh8 | 深度 3 | 5.00 秒
18. v4：Qg3 | 深度 3 | 5.00 秒
18... material：Rad8 | 深度 3 | 5.00 秒
19. v4：Rxd8 | 深度 4 | 5.00 秒
19... material：Rxd8 | 深度 4 | 5.00 秒
20. v4：Bg5 | 深度 3 | 5.00 秒
20... material：h6 | 深度 3 | 5.00 秒
21. v4：Be3 | 深度 4 | 5.00 秒
21... material：f4 | 深度 3 | 5.00 秒
22. v4：Qxg6 | 深度 4 | 5.00 秒
22... material：fxe3 | 深度 4 | 5.00 秒
23. v4：Qxe6 | 深度 4 | 5.00 秒
23... material：exf2+ | 深度 4 | 5.00 秒
24. v4：Kxf2 | 深度 5 | 4.02 秒
24... material：Rd2+ | 深度 4 | 5.00 秒
25. v4：Kf1 | 深度 4 | 5.00 秒
25... material：Rxc2 | 深度 4 | 5.00 秒
26. v4：Qb3 | 深度 4 | 5.00 秒
26... material：Rd2 | 深度 4 | 5.00 秒
27. v4：Qe6 | 深度 4 | 5.00 秒
27... material：Rxb2 | 深度 4 | 5.00 秒
28. v4：Rc1 | 深度 4 | 5.00 秒
28... material：b6 | 深度 4 | 5.00 秒
29. v4：Ne2 | 深度 4 | 5.00 秒
29... material：Qd6 | 深度 5 | 4.12 秒
30. v4：Rc8+ | 深度 4 | 5.00 秒
30... material：Kh7 | 深度 5 | 1.48 秒
31. v4：Qf5+ | 深度 5 | 4.42 秒
31... material：Qg6 | 深度 5 | 0.93 秒
32. v4：Qxg6+ | 深度 5 | 3.94 秒
32... material：Kxg6 | 深度 5 | 1.44 秒
33. v4：Nc3 | 深度 5 | 4.60 秒
33... material：h5 | 深度 4 | 5.00 秒
34. v4：Kg1 | 深度 4 | 5.00 秒
34... material：Kf5 | 深度 4 | 5.00 秒
35. v4：Nd5 | 深度 5 | 4.34 秒
35... material：e6 | 深度 5 | 2.73 秒
36. v4：Ne3+ | 深度 5 | 2.77 秒
36... material：Ke4 | 深度 5 | 2.51 秒
37. v4：Rc2 | 深度 5 | 2.46 秒
37... material：Rb1+ | 深度 5 | 1.38 秒
38. v4：Nf1 | 深度 5 | 1.39 秒
38... material：Bf6 | 深度 5 | 3.97 秒
39. v4：g3 | 深度 5 | 3.57 秒
39... material：Kd5 | 深度 5 | 4.67 秒
40. v4：Rc7 | 深度 5 | 3.74 秒
40... material：a5 | 深度 5 | 2.80 秒
41. v4：Rf7 | 深度 5 | 1.73 秒
41... material：Bh8 | 深度 5 | 2.36 秒
42. v4：Rd7+ | 深度 5 | 1.51 秒
42... material：Ke4 | 深度 5 | 1.09 秒
43. v4：Rh7 | 深度 5 | 1.65 秒
43... material：Bf6 | 深度 5 | 1.38 秒
44. v4：Rh6 | 深度 5 | 1.80 秒
44... material：Be7 | 深度 5 | 2.21 秒
45. v4：Rxe6 | 深度 5 | 1.86 秒
45... material：Bc5+ | 深度 5 | 2.07 秒
46. v4：Kg2 | 深度 5 | 0.67 秒
46... material：Rb2+ | 深度 5 | 3.84 秒
47. v4：Kh3 | 深度 5 | 1.14 秒
47... material：Rxa2 | 深度 4 | 5.00 秒
48. v4：g4 | 深度 5 | 2.87 秒
48... material：hxg4+ | 深度 5 | 4.53 秒
49. v4：Kxg4 | 深度 5 | 0.64 秒
49... material：a4 | 深度 5 | 4.87 秒
50. v4：Ng3+ | 深度 5 | 2.10 秒
50... material：Kd5 | 深度 5 | 1.22 秒
51. v4：Re8 | 深度 5 | 3.36 秒
51... material：a3 | 深度 5 | 4.43 秒
52. v4：Nf5 | 深度 5 | 4.25 秒
52... material：Ra1 | 深度 5 | 3.59 秒
53. v4：Rd8+ | 深度 5 | 1.83 秒
53... material：Ke6 | 深度 5 | 1.24 秒
54. v4：Rb8 | 深度 5 | 3.24 秒
54... material：a2 | 深度 4 | 5.00 秒
55. v4：Ng7+ | 深度 5 | 0.94 秒
55... material：Kf7 | 深度 4 | 5.00 秒
56. v4：Rb7+ | 深度 5 | 1.04 秒
56... material：Kg8 | 深度 4 | 5.00 秒
57. v4：Ra7 | 深度 5 | 1.25 秒
57... material：Rg1+ | 深度 5 | 2.29 秒
58. v4：Kf3 | 深度 5 | 1.42 秒
58... material：a1=Q | 深度 5 | 3.86 秒
59. v4：Rxa1 | 深度 5 | 0.74 秒
59... material：Rxa1 | 深度 5 | 1.59 秒
60. v4：Ne6 | 深度 5 | 1.23 秒
60... material：Rf1+ | 深度 5 | 3.51 秒
61. v4：Ke4 | 深度 5 | 0.70 秒
61... material：Bf2 | 深度 5 | 2.42 秒
62. v4：Kxe5 | 深度 5 | 1.11 秒
62... material：Bg3+ | 深度 5 | 3.93 秒
63. v4：Kd5 | 深度 5 | 1.13 秒
63... material：Bxh4 | 深度 4 | 5.00 秒
64. v4：Kc6 | 深度 5 | 2.13 秒
64... material：Re1 | 深度 5 | 4.64 秒
65. v4：Nf4 | 深度 5 | 1.59 秒
65... material：Bg3 | 深度 5 | 4.20 秒
66. v4：Nd5 | 深度 5 | 0.93 秒
66... material：Re6+ | 深度 5 | 3.51 秒
67. v4：Kb5 | 深度 5 | 0.92 秒
67... material：Re5 | 深度 5 | 2.50 秒
68. v4：Kc6 | 深度 5 | 0.89 秒
68... material：b5 | 深度 5 | 3.57 秒
69. v4：Nf6+ | 深度 5 | 0.79 秒
69... material：Kf7 | 深度 5 | 0.88 秒
70. v4：Nd7 | 深度 5 | 1.01 秒
70... material：Rh5 | 深度 5 | 2.71 秒
71. v4：Nc5 | 深度 5 | 1.94 秒
71... material：b4 | 深度 4 | 5.00 秒
72. v4：Ne4 | 深度 5 | 1.38 秒
72... material：Rh6+ | 深度 5 | 2.41 秒
73. v4：Kc5 | 深度 5 | 1.73 秒
73... material：Be1 | 深度 5 | 3.34 秒
74. v4：Ng5+ | 深度 5 | 1.44 秒
74... material：Kg6 | 深度 5 | 1.33 秒
75. v4：Nf3 | 深度 5 | 1.39 秒
75... material：Bc3 | 深度 5 | 1.59 秒
76. v4：Kd5 | 深度 5 | 2.53 秒
76... material：Rh7 | 深度 5 | 3.16 秒
77. v4：Ne5+ | 深度 5 | 1.48 秒
77... material：Kh5 | 深度 5 | 1.84 秒
78. v4：Nd3 | 深度 5 | 1.71 秒
78... material：Kg5 | 深度 5 | 4.80 秒
79. v4：Nc5 | 深度 5 | 3.07 秒
79... material：Kh5 | 深度 4 | 5.00 秒
80. v4：Kc6 | 深度 5 | 3.11 秒
80... material：Kg6 | 深度 5 | 3.66 秒
81. v4：Kb5 | 深度 5 | 2.82 秒
81... material：Rg7 | 深度 4 | 5.00 秒
82. v4：Ne4 | 深度 5 | 2.35 秒
82... material：Be1 | 深度 5 | 1.96 秒
83. v4：Nc5 | 深度 5 | 1.70 秒
83... material：Rf7 | 深度 5 | 4.36 秒
84. v4：Nd3 | 深度 5 | 2.05 秒
84... material：Bc3 | 深度 5 | 2.88 秒
85. v4：Kc4 | 深度 5 | 1.38 秒
85... material：Rb7 | 深度 5 | 3.30 秒
86. v4：Nf4+ | 深度 5 | 0.95 秒
86... material：Kg7 | 深度 5 | 1.97 秒
87. v4：Nd5 | 深度 5 | 1.47 秒
87... material：Bd2 | 深度 5 | 1.89 秒
88. v4：Kd3 | 深度 5 | 1.32 秒
88... material：Bc1 | 深度 5 | 1.66 秒
89. v4：Kc2 | 深度 5 | 0.95 秒
89... material：Bh6 | 深度 5 | 1.42 秒
90. v4：Kb2 | 深度 5 | 0.99 秒
90... material：Kh7 | 深度 5 | 3.09 秒
91. v4：Kc2 | 深度 5 | 1.04 秒
91... material：Kg7 | 深度 5 | 2.41 秒
92. v4：Kb2 | 深度 5 | 1.54 秒
92... material：Kh7 | 深度 5 | 3.10 秒
93. v4：Kc2 | 深度 5 | 1.49 秒
93... material：Bg7 | 深度 5 | 2.36 秒
94. v4：Kb3 | 深度 5 | 1.53 秒
94... material：Bf8 | 深度 5 | 2.65 秒
95. v4：Nf6+ | 深度 5 | 1.80 秒
95... material：Kg7 | 深度 5 | 1.11 秒
96. v4：Nh5+ | 深度 5 | 1.41 秒
96... material：Kg8 | 深度 5 | 1.08 秒
97. v4：Nf6+ | 深度 5 | 0.70 秒
97... material：Kg7 | 深度 5 | 0.54 秒
98. v4：Nh5+ | 深度 5 | 0.86 秒
98... material：Kg8 | 深度 5 | 1.12 秒
99. v4：Nf6+ | 深度 5 | 0.80 秒
99... material：Kf7 | 深度 5 | 0.56 秒
100. v4：Ne4 | 深度 5 | 1.95 秒
100... material：Be7 | 深度 5 | 2.97 秒
101. v4：Kc2 | 深度 5 | 1.75 秒
101... material：Ke8 | 深度 4 | 5.00 秒
102. v4：Kb2 | 深度 5 | 1.37 秒
102... material：Kd7 | 深度 5 | 2.74 秒
103. v4：Ng3 | 深度 5 | 2.17 秒
103... material：Ke8 | 深度 4 | 5.00 秒
104. v4：Nf5 | 深度 5 | 1.39 秒
104... material：Bf8 | 深度 5 | 1.56 秒
105. v4：Ne3 | 深度 5 | 1.40 秒
105... material：Rc7 | 深度 5 | 4.52 秒
106. v4：Nd5 | 深度 5 | 0.83 秒
106... material：Rb7 | 深度 5 | 1.93 秒
107. v4：Nf6+ | 深度 5 | 1.30 秒
107... material：Ke7 | 深度 5 | 0.64 秒
108. v4：Nd5+ | 深度 5 | 0.89 秒
108... material：Kd7 | 深度 5 | 1.50 秒
109. v4：Ne3 | 深度 5 | 2.48 秒
109... material：Kc7 | 深度 5 | 4.73 秒
110. v4：Kb3 | 深度 5 | 2.27 秒
110... material：Bd6 | 深度 5 | 4.20 秒
111. v4：Nc4 | 深度 5 | 2.34 秒
111... material：Bc5 | 深度 5 | 1.47 秒
112. v4：Kc2 | 深度 5 | 1.81 秒
112... material：Ra7 | 深度 5 | 4.33 秒
113. v4：Kb2 | 深度 5 | 1.20 秒
113... material：Rb7 | 深度 4 | 5.00 秒
114. v4：Kc2 | 深度 5 | 1.37 秒
114... material：Ra7 | 深度 5 | 4.50 秒
115. v4：Kb2 | 深度 5 | 1.28 秒
115... material：Kb7 | 深度 4 | 5.00 秒
116. v4：Nd2 | 深度 5 | 1.54 秒
116... material：Bd6 | 深度 5 | 4.45 秒
117. v4：Nc4 | 深度 5 | 1.25 秒
117... material：Be7 | 深度 5 | 4.13 秒
118. v4：Kb1 | 深度 5 | 1.48 秒
118... material：Kc7 | 深度 5 | 4.03 秒
119. v4：Ne3 | 深度 5 | 1.63 秒
119... material：Bf8 | 深度 5 | 3.05 秒
120. v4：Nf5 | 深度 5 | 0.93 秒
120... material：Kb7 | 深度 5 | 1.03 秒
本盘结果：*，原因：move_limit_unfinished

===== 第 10/40 盘：西西里式，白方 material，黑方 v4 =====
4. material：Nxd4 | 深度 4 | 5.00 秒
4... v4：e5 | 深度 4 | 5.00 秒
5. material：Nb3 | 深度 4 | 5.00 秒
5... v4：Qh4 | 深度 4 | 5.00 秒
6. material：Nc3 | 深度 4 | 5.00 秒
6... v4：Kd8 | 深度 3 | 5.00 秒
7. material：Be3 | 深度 3 | 5.00 秒
7... v4：Be6 | 深度 3 | 5.00 秒
8. material：Be2 | 深度 3 | 5.00 秒
8... v4：h6 | 深度 3 | 5.00 秒
9. material：Qd2 | 深度 3 | 5.00 秒
9... v4：b6 | 深度 3 | 5.00 秒
10. material：O-O-O | 深度 3 | 5.00 秒
10... v4：Nf6 | 深度 3 | 5.00 秒
11. material：f3 | 深度 3 | 5.00 秒
11... v4：Be7 | 深度 3 | 5.00 秒
12. material：Nb5 | 深度 3 | 5.00 秒
12... v4：Kc8 | 深度 3 | 5.00 秒
13. material：Nxd6+ | 深度 3 | 5.00 秒
13... v4：Bxd6 | 深度 4 | 5.00 秒
14. material：Qxd6 | 深度 3 | 5.00 秒
14... v4：Bd7 | 深度 3 | 5.00 秒
15. material：Qxe5 | 深度 3 | 5.00 秒
15... v4：Qh5 | 深度 3 | 5.00 秒
16. material：Qg3 | 深度 3 | 5.00 秒
16... v4：Qg6 | 深度 3 | 5.00 秒
17. material：Kb1 | 深度 3 | 5.00 秒
17... v4：Qxg3 | 深度 4 | 5.00 秒
18. material：hxg3 | 深度 4 | 5.00 秒
18... v4：Nc6 | 深度 3 | 5.00 秒
19. material：c3 | 深度 3 | 5.00 秒
19... v4：Re8 | 深度 4 | 5.00 秒
20. material：Rd2 | 深度 3 | 5.00 秒
20... v4：h5 | 深度 3 | 5.00 秒
21. material：Rhd1 | 深度 3 | 5.00 秒
21... v4：Re5 | 深度 3 | 5.00 秒
22. material：Bf4 | 深度 3 | 5.00 秒
22... v4：Re8 | 深度 4 | 5.00 秒
23. material：Be3 | 深度 3 | 5.00 秒
23... v4：Re5 | 深度 3 | 5.00 秒
24. material：Bf4 | 深度 3 | 5.00 秒
24... v4：Re7 | 深度 4 | 5.00 秒
25. material：Bg5 | 深度 3 | 5.00 秒
25... v4：Be6 | 深度 3 | 5.00 秒
26. material：Ba6+ | 深度 4 | 5.00 秒
26... v4：Rb7 | 深度 4 | 5.00 秒
27. material：Rh1 | 深度 3 | 5.00 秒
27... v4：Ne5 | 深度 4 | 5.00 秒
28. material：Bxb7+ | 深度 4 | 5.00 秒
28... v4：Kxb7 | 深度 4 | 5.00 秒
29. material：Bxf6 | 深度 4 | 5.00 秒
29... v4：gxf6 | 深度 4 | 5.00 秒
30. material：Rxh5 | 深度 4 | 5.00 秒
30... v4：Rg8 | 深度 4 | 5.00 秒
31. material：Rh6 | 深度 4 | 5.00 秒
31... v4：Bxb3 | 深度 4 | 5.00 秒
32. material：axb3 | 深度 5 | 4.31 秒
32... v4：Rxg3 | 深度 4 | 5.00 秒
33. material：Rxf6 | 深度 4 | 5.00 秒
33... v4：Rg6 | 深度 5 | 4.96 秒
34. material：Rfd6 | 深度 5 | 3.86 秒
34... v4：Re6 | 深度 4 | 5.00 秒
35. material：Rxe6 | 深度 5 | 2.29 秒
35... v4：fxe6 | 深度 5 | 1.32 秒
36. material：Rd6 | 深度 5 | 2.02 秒
36... v4：Ng6 | 深度 5 | 2.36 秒
37. material：Rxe6 | 深度 5 | 1.51 秒
37... v4：Nf4 | 深度 5 | 0.57 秒
38. material：Re7+ | 深度 5 | 0.65 秒
38... v4：Ka6 | 深度 5 | 1.17 秒
39. material：g3 | 深度 5 | 1.30 秒
39... v4：Ne2 | 深度 5 | 1.50 秒
40. material：g4 | 深度 5 | 1.74 秒
40... v4：Ng1 | 深度 5 | 0.92 秒
41. material：f4 | 深度 5 | 1.21 秒
41... v4：Nf3 | 深度 5 | 1.11 秒
42. material：g5 | 深度 5 | 2.33 秒
42... v4：Ng1 | 深度 5 | 1.17 秒
43. material：Re5 | 深度 5 | 2.29 秒
43... v4：Nf3 | 深度 5 | 1.04 秒
44. material：Re6 | 深度 5 | 1.02 秒
44... v4：Kb7 | 深度 5 | 1.44 秒
45. material：Re7+ | 深度 5 | 1.97 秒
45... v4：Kb8 | 深度 5 | 1.89 秒
46. material：b4 | 深度 5 | 2.68 秒
46... v4：a5 | 深度 5 | 2.10 秒
47. material：Re6 | 深度 5 | 1.60 秒
47... v4：axb4 | 深度 5 | 3.21 秒
48. material：Rxb6+ | 深度 5 | 1.45 秒
48... v4：Kc8 | 深度 5 | 1.10 秒
49. material：Rxb4 | 深度 5 | 1.76 秒
49... v4：Kc7 | 深度 5 | 1.05 秒
50. material：Rc4+ | 深度 5 | 1.46 秒
50... v4：Kb7 | 深度 5 | 1.46 秒
51. material：Rb4+ | 深度 5 | 1.26 秒
51... v4：Kc6 | 深度 5 | 1.43 秒
52. material：Rc4+ | 深度 5 | 1.57 秒
52... v4：Kb7 | 深度 5 | 1.19 秒
53. material：Rb4+ | 深度 5 | 1.26 秒
53... v4：Kc6 | 深度 5 | 1.18 秒
54. material：Ra4 | 深度 5 | 1.65 秒
54... v4：Kb5 | 深度 5 | 2.87 秒
55. material：b3 | 深度 5 | 1.24 秒
55... v4：Kb6 | 深度 5 | 1.46 秒
56. material：Rb4+ | 深度 5 | 1.95 秒
56... v4：Kc6 | 深度 5 | 1.26 秒
57. material：Rc4+ | 深度 5 | 1.29 秒
57... v4：Kd7 | 深度 5 | 1.12 秒
58. material：Rb4 | 深度 5 | 1.42 秒
58... v4：Kc6 | 深度 5 | 2.57 秒
59. material：Rc4+ | 深度 5 | 1.29 秒
59... v4：Kb7 | 深度 5 | 0.85 秒
60. material：Kc2 | 深度 5 | 0.96 秒
60... v4：Ne1+ | 深度 5 | 0.60 秒
61. material：Kd2 | 深度 5 | 0.40 秒
61... v4：Nf3+ | 深度 5 | 0.45 秒
62. material：Ke3 | 深度 5 | 0.68 秒
62... v4：Ne1 | 深度 5 | 1.43 秒
63. material：Rb4+ | 深度 5 | 1.04 秒
63... v4：Kc8 | 深度 5 | 0.47 秒
64. material：Rc4+ | 深度 5 | 1.17 秒
64... v4：Kd7 | 深度 5 | 1.19 秒
65. material：Rd4+ | 深度 5 | 1.17 秒
65... v4：Kc7 | 深度 5 | 0.99 秒
66. material：Rd2 | 深度 5 | 1.02 秒
66... v4：Kb6 | 深度 5 | 1.03 秒
67. material：Re2 | 深度 5 | 1.23 秒
67... v4：Nf3 | 深度 5 | 0.87 秒
68. material：Kxf3 | 深度 5 | 1.13 秒
68... v4：Kc5 | 深度 5 | 0.96 秒
69. material：g6 | 深度 5 | 1.24 秒
69... v4：Kd6 | 深度 5 | 0.44 秒
70. material：g7 | 深度 5 | 1.09 秒
70... v4：Ke6 | 深度 5 | 0.96 秒
71. material：g8=Q+ | 深度 5 | 1.44 秒
71... v4：Kd6 | 深度 5 | 2.51 秒
72. material：Qh7 | 深度 4 | 5.00 秒
72... v4：Kc6 | 深度 5 | 2.08 秒
73. material：Kg2 | 深度 4 | 5.00 秒
73... v4：Kc5 | 深度 5 | 2.68 秒
74. material：Rf2 | 深度 4 | 5.00 秒
74... v4：Kc6 | 深度 5 | 2.10 秒
75. material：Qh8 | 深度 4 | 5.00 秒
75... v4：Kc7 | 深度 5 | 2.15 秒
76. material：Qg7+ | 深度 4 | 5.00 秒
76... v4：Kc6 | 深度 5 | 1.71 秒
77. material：Kf3 | 深度 4 | 5.00 秒
77... v4：Kd6 | 深度 5 | 2.12 秒
78. material：Qh7 | 深度 4 | 5.00 秒
78... v4：Kc6 | 深度 5 | 1.64 秒
79. material：Qg7 | 深度 4 | 5.00 秒
79... v4：Kd6 | 深度 5 | 1.99 秒
80. material：Qh7 | 深度 4 | 5.00 秒
80... v4：Kc6 | 深度 5 | 1.52 秒
81. material：Qe7 | 深度 4 | 5.00 秒
81... v4：Kb6 | 深度 5 | 1.49 秒
82. material：Ke2 | 深度 4 | 5.00 秒
82... v4：Kc6 | 深度 5 | 1.25 秒
83. material：Rf3 | 深度 4 | 5.00 秒
83... v4：Kb6 | 深度 5 | 1.45 秒
84. material：Qe6+ | 深度 4 | 5.00 秒
84... v4：Kc7 | 深度 5 | 1.57 秒
85. material：f5 | 深度 4 | 5.00 秒
85... v4：Kb7 | 深度 5 | 1.60 秒
86. material：f6 | 深度 4 | 5.00 秒
86... v4：Ka7 | 深度 5 | 1.13 秒
87. material：f7 | 深度 4 | 5.00 秒
87... v4：Kb7 | 深度 5 | 2.75 秒
88. material：f8=Q | 深度 4 | 5.00 秒
88... v4：Kc7 | 深度 5 | 2.32 秒
89. material：Qfc8# | 深度 0 | 0.00 秒
本盘结果：1-0，原因：CHECKMATE
结果压缩包： C:\Users\maxw\chess_ai\arena_v4_material40_games\20260908_191019_049803\pair_05.zip

===== 比赛结束 =====
v4获胜： 0
material获胜： 1
和棋： 0
达到步数上限未结束： 1
棋谱与搜索记录： C:\Users\maxw\chess_ai\arena_v4_material40_games\20260908_191019_049803\pair_05
