本次v4： C:\Users\maxw\chess_ai\value_full_runs\20260908_113914_349502\value_full_epoch2.pt
交换颜色两局；双方CPU4线程，每步5秒、深度上限5。
C:\Users\maxw\chess_ai\.venv\Lib\site-packages\torch\jit\_trace.py:1006: FutureWarning: `torch.jit.trace` is deprecated. Please switch to `torch.compile` or `torch.export`.
  warnings.warn(
C:\Users\maxw\chess_ai\.venv\Lib\site-packages\torch\jit\_trace.py:1145: FutureWarning: `torch.jit.trace_method` is deprecated. Please switch to `torch.compile` or `torch.export`.
  warnings.warn(
C:\Users\maxw\chess_ai\.venv\Lib\site-packages\torch\jit\_freeze.py:106: FutureWarning: `torch.jit.freeze` is deprecated. Please use `torch.compile` instead.
  warnings.warn(

===== 第 29/40 盘：西西里封闭，白方 v4，黑方 material =====
4. v4：Nf3 | 深度 4 | 5.00 秒
4... material：Bg7 | 深度 4 | 5.00 秒
5. v4：Rb1 | 深度 4 | 5.00 秒
5... material：Nf6 | 深度 3 | 5.00 秒
6. v4：Rg1 | 深度 4 | 5.00 秒
6... material：O-O | 深度 3 | 5.00 秒
7. v4：Bg2 | 深度 4 | 5.00 秒
7... material：d6 | 深度 4 | 5.00 秒
8. v4：h3 | 深度 4 | 5.00 秒
8... material：e5 | 深度 3 | 5.00 秒
9. v4：Qe2 | 深度 4 | 5.00 秒
9... material：Re8 | 深度 3 | 5.00 秒
10. v4：Nd5 | 深度 4 | 5.00 秒
10... material：Nxd5 | 深度 4 | 5.00 秒
11. v4：exd5 | 深度 4 | 5.00 秒
11... material：Nd4 | 深度 3 | 5.00 秒
12. v4：Qd1 | 深度 4 | 5.00 秒
12... material：b5 | 深度 4 | 5.00 秒
13. v4：b3 | 深度 4 | 5.00 秒
13... material：Rb8 | 深度 4 | 5.00 秒
14. v4：Kf1 | 深度 4 | 5.00 秒
14... material：b4 | 深度 4 | 5.00 秒
15. v4：d3 | 深度 4 | 5.00 秒
15... material：Nxf3 | 深度 4 | 5.00 秒
16. v4：Qxf3 | 深度 4 | 5.00 秒
16... material：f5 | 深度 3 | 5.00 秒
17. v4：Be3 | 深度 4 | 5.00 秒
17... material：e4 | 深度 3 | 5.00 秒
18. v4：Qd1 | 深度 4 | 5.00 秒
18... material：a5 | 深度 4 | 5.00 秒
19. v4：dxe4 | 深度 3 | 5.00 秒
19... material：fxe4 | 深度 4 | 5.00 秒
20. v4：Qe2 | 深度 4 | 5.00 秒
20... material：Bf6 | 深度 3 | 5.00 秒
21. v4：Rd1 | 深度 4 | 5.00 秒
21... material：Bg7 | 深度 3 | 5.00 秒
22. v4：Qc4 | 深度 4 | 5.00 秒
22... material：Be5 | 深度 3 | 5.00 秒
23. v4：g4 | 深度 4 | 5.00 秒
23... material：Bh2 | 深度 3 | 5.00 秒
24. v4：Rh1 | 深度 4 | 5.00 秒
24... material：Ra8 | 深度 4 | 5.00 秒
25. v4：Qe2 | 深度 4 | 5.00 秒
25... material：Ba6 | 深度 4 | 5.00 秒
26. v4：Rxh2 | 深度 5 | 1.89 秒
26... material：Bxe2+ | 深度 4 | 5.00 秒
27. v4：Kxe2 | 深度 5 | 3.74 秒
27... material：Qe7 | 深度 4 | 5.00 秒
28. v4：Bf4 | 深度 4 | 5.00 秒
28... material：Rad8 | 深度 4 | 5.00 秒
29. v4：g5 | 深度 4 | 5.00 秒
29... material：Qf7 | 深度 4 | 5.00 秒
30. v4：Ke3 | 深度 4 | 5.00 秒
30... material：Rf8 | 深度 4 | 5.00 秒
31. v4：Bg3 | 深度 5 | 2.52 秒
31... material：Qf5 | 深度 4 | 5.00 秒
32. v4：h4 | 深度 4 | 5.00 秒
32... material：Rfe8 | 深度 4 | 5.00 秒
33. v4：Rh3 | 深度 4 | 5.00 秒
33... material：Kg7 | 深度 4 | 5.00 秒
34. v4：Rd2 | 深度 4 | 5.00 秒
34... material：Rh8 | 深度 4 | 5.00 秒
35. v4：Bf4 | 深度 4 | 5.00 秒
35... material：Rd7 | 深度 4 | 5.00 秒
36. v4：h5 | 深度 4 | 5.00 秒
36... material：gxh5 | 深度 3 | 5.00 秒
37. v4：Rh4 | 深度 4 | 5.00 秒
37... material：Rf7 | 深度 3 | 5.00 秒
38. v4：Bxe4 | 深度 4 | 5.00 秒
38... material：Re7 | 深度 4 | 5.00 秒
39. v4：f3 | 深度 4 | 5.00 秒
39... material：Rhe8 | 深度 4 | 5.00 秒
40. v4：Rd3 | 深度 5 | 4.23 秒
40... material：Rf7 | 深度 3 | 5.00 秒
41. v4：Rd1 | 深度 4 | 5.00 秒
41... material：Ree7 | 深度 3 | 5.00 秒
42. v4：Rd2 | 深度 4 | 5.00 秒
42... material：Kg8 | 深度 3 | 5.00 秒
43. v4：Rd1 | 深度 4 | 5.00 秒
43... material：Kg7 | 深度 4 | 5.00 秒
44. v4：Rd2 | 深度 4 | 5.00 秒
44... material：Kg8 | 深度 4 | 5.00 秒
45. v4：Rd1 | 深度 4 | 5.00 秒
45... material：Kh8 | 深度 4 | 5.00 秒
46. v4：Kd2 | 深度 4 | 5.00 秒
46... material：Rxe4 | 深度 5 | 4.27 秒
47. v4：fxe4 | 深度 5 | 4.74 秒
47... material：Qxe4 | 深度 4 | 5.00 秒
48. v4：Re1 | 深度 4 | 5.00 秒
48... material：Qd4+ | 深度 4 | 5.00 秒
49. v4：Kc1 | 深度 5 | 2.03 秒
49... material：Rxf4 | 深度 4 | 5.00 秒
50. v4：Rxf4 | 深度 5 | 2.54 秒
50... material：Qxf4+ | 深度 5 | 0.76 秒
51. v4：Kb1 | 深度 5 | 0.62 秒
51... material：Qxg5 | 深度 5 | 1.01 秒
52. v4：Re8+ | 深度 5 | 1.46 秒
52... material：Kg7 | 深度 5 | 0.74 秒
53. v4：Ra8 | 深度 5 | 2.67 秒
53... material：h4 | 深度 5 | 4.63 秒
54. v4：Rxa5 | 深度 5 | 2.11 秒
54... material：Qxd5 | 深度 4 | 5.00 秒
55. v4：Ra7+ | 深度 5 | 1.55 秒
55... material：Kg6 | 深度 5 | 1.22 秒
56. v4：Kc1 | 深度 4 | 5.00 秒
56... material：h3 | 深度 4 | 5.00 秒
57. v4：c4 | 深度 5 | 3.34 秒
57... material：Qe6 | 深度 4 | 5.00 秒
58. v4：a3 | 深度 5 | 2.70 秒
58... material：h2 | 深度 5 | 4.27 秒
59. v4：axb4 | 深度 4 | 5.00 秒
59... material：Qe2 | 深度 4 | 5.00 秒
60. v4：Rxh7 | 深度 5 | 1.82 秒
60... material：Kxh7 | 深度 4 | 5.00 秒
61. v4：bxc5 | 深度 5 | 1.52 秒
61... material：h1=Q# | 深度 0 | 0.00 秒
本盘结果：0-1，原因：CHECKMATE

===== 第 30/40 盘：西西里封闭，白方 material，黑方 v4 =====
4. material：Bg2 | 深度 4 | 5.00 秒
4... v4：Nf6 | 深度 4 | 5.00 秒
5. material：Nge2 | 深度 4 | 5.00 秒
5... v4：Bh6 | 深度 4 | 5.00 秒
6. material：d3 | 深度 4 | 5.00 秒
6... v4：Bxc1 | 深度 4 | 5.00 秒
7. material：Qxc1 | 深度 4 | 5.00 秒
7... v4：Qb6 | 深度 4 | 5.00 秒
8. material：O-O | 深度 3 | 5.00 秒
8... v4：Rg8 | 深度 4 | 5.00 秒
9. material：f4 | 深度 3 | 5.00 秒
9... v4：c4+ | 深度 4 | 5.00 秒
10. material：Kh1 | 深度 5 | 3.75 秒
10... v4：cxd3 | 深度 4 | 5.00 秒
11. material：cxd3 | 深度 4 | 5.00 秒
11... v4：Nb4 | 深度 4 | 5.00 秒
12. material：Qd2 | 深度 3 | 5.00 秒
12... v4：d6 | 深度 3 | 5.00 秒
13. material：d4 | 深度 3 | 5.00 秒
13... v4：Be6 | 深度 3 | 5.00 秒
14. material：a3 | 深度 3 | 5.00 秒
14... v4：Na6 | 深度 4 | 5.00 秒
15. material：d5 | 深度 3 | 5.00 秒
15... v4：Bd7 | 深度 4 | 5.00 秒
16. material：Nd4 | 深度 3 | 5.00 秒
16... v4：O-O-O | 深度 3 | 5.00 秒
17. material：Rad1 | 深度 3 | 5.00 秒
17... v4：Bg4 | 深度 4 | 5.00 秒
18. material：Rde1 | 深度 3 | 5.00 秒
18... v4：Rg7 | 深度 4 | 5.00 秒
19. material：h3 | 深度 3 | 5.00 秒
19... v4：Bd7 | 深度 4 | 5.00 秒
20. material：e5 | 深度 3 | 5.00 秒
20... v4：Nh5 | 深度 4 | 5.00 秒
21. material：Nce2 | 深度 3 | 5.00 秒
21... v4：Nc5 | 深度 4 | 5.00 秒
22. material：g4 | 深度 4 | 5.00 秒
22... v4：Nxf4 | 深度 4 | 5.00 秒
23. material：Nxf4 | 深度 4 | 5.00 秒
23... v4：dxe5 | 深度 4 | 5.00 秒
24. material：Rxe5 | 深度 3 | 5.00 秒
24... v4：Qd6 | 深度 4 | 5.00 秒
25. material：Rfe1 | 深度 3 | 5.00 秒
25... v4：f6 | 深度 3 | 5.00 秒
26. material：R5e2 | 深度 4 | 5.00 秒
26... v4：g5 | 深度 4 | 5.00 秒
27. material：Nfe6 | 深度 4 | 5.00 秒
27... v4：Bxe6 | 深度 4 | 5.00 秒
28. material：Nxe6 | 深度 4 | 5.00 秒
28... v4：Nxe6 | 深度 4 | 5.00 秒
29. material：Rxe6 | 深度 4 | 5.00 秒
29... v4：Qg3 | 深度 4 | 5.00 秒
30. material：Rxe7 | 深度 3 | 5.00 秒
30... v4：Rxe7 | 深度 4 | 5.00 秒
31. material：Rxe7 | 深度 4 | 5.00 秒
31... v4：Qf4 | 深度 4 | 5.00 秒
32. material：Qc3+ | 深度 4 | 5.00 秒
32... v4：Kb8 | 深度 5 | 3.34 秒
33. material：Rxh7 | 深度 3 | 5.00 秒
33... v4：Rc8 | 深度 5 | 4.40 秒
34. material：Qe1 | 深度 4 | 5.00 秒
34... v4：Rc1 | 深度 4 | 5.00 秒
35. material：Rh8+ | 深度 5 | 0.34 秒
35... v4：Kc7 | 深度 5 | 0.37 秒
36. material：Rh7+ | 深度 5 | 0.59 秒
36... v4：Kd6 | 深度 5 | 0.61 秒
37. material：Re7 | 深度 5 | 1.61 秒
37... v4：Rxe1+ | 深度 5 | 2.38 秒
38. material：Rxe1 | 深度 5 | 1.82 秒
38... v4：Kd7 | 深度 5 | 2.16 秒
39. material：Rg1 | 深度 4 | 5.00 秒
39... v4：Qf2 | 深度 5 | 4.03 秒
40. material：b3 | 深度 5 | 4.81 秒
40... v4：Qb2 | 深度 5 | 3.24 秒
41. material：Rf1 | 深度 5 | 2.29 秒
41... v4：Qxa3 | 深度 5 | 4.09 秒
42. material：Rb1 | 深度 5 | 2.07 秒
42... v4：Qa2 | 深度 5 | 3.86 秒
43. material：Rf1 | 深度 5 | 1.09 秒
43... v4：Qb2 | 深度 5 | 3.13 秒
44. material：Rf5 | 深度 5 | 1.91 秒
44... v4：a5 | 深度 5 | 3.77 秒
45. material：Bf3 | 深度 5 | 2.14 秒
45... v4：Qxb3 | 深度 5 | 3.55 秒
46. material：Kh2 | 深度 5 | 3.00 秒
46... v4：a4 | 深度 4 | 5.00 秒
47. material：Kg3 | 深度 5 | 3.89 秒
47... v4：Qb2 | 深度 5 | 2.76 秒
48. material：h4 | 深度 5 | 1.51 秒
48... v4：gxh4+ | 深度 5 | 2.47 秒
49. material：Kf4 | 深度 5 | 1.94 秒
49... v4：Qd4+ | 深度 5 | 4.16 秒
50. material：Be4 | 深度 5 | 0.79 秒
50... v4：Qd2+ | 深度 5 | 4.55 秒
51. material：Kf3 | 深度 5 | 1.18 秒
51... v4：Qe1 | 深度 5 | 4.41 秒
52. material：Bd3 | 深度 5 | 4.51 秒
52... v4：Qg3+ | 深度 5 | 3.53 秒
53. material：Ke4 | 深度 5 | 0.71 秒
53... v4：Qxg4+ | 深度 5 | 2.81 秒
54. material：Ke3 | 深度 5 | 1.20 秒
54... v4：Qg1+ | 深度 5 | 4.72 秒
55. material：Kf4 | 深度 5 | 2.97 秒
55... v4：Qd4+ | 深度 4 | 5.00 秒
56. material：Be4 | 深度 5 | 0.83 秒
56... v4：a3 | 深度 5 | 3.90 秒
57. material：Rxf6 | 深度 5 | 4.98 秒
57... v4：Qxf6+ | 深度 5 | 1.44 秒
58. material：Bf5+ | 深度 5 | 4.63 秒
58... v4：Kd6 | 深度 5 | 1.01 秒
59. material：Kg4 | 深度 5 | 2.41 秒
59... v4：a2 | 深度 5 | 4.19 秒
60. material：Bc8 | 深度 5 | 1.52 秒
60... v4：a1=Q | 深度 4 | 5.00 秒
61. material：Bf5 | 深度 4 | 5.00 秒
61... v4：Qg1+ | 深度 4 | 5.00 秒
62. material：Kf3 | 深度 5 | 2.37 秒
62... v4：Qfg5 | 深度 4 | 5.00 秒
63. material：Be4 | 深度 4 | 5.00 秒
63... v4：Q5g4# | 深度 0 | 0.00 秒
本盘结果：0-1，原因：CHECKMATE
结果压缩包： C:\Users\maxw\chess_ai\arena_v4_material40_games\20260908_191019_049803\pair_15.zip

===== 比赛结束 =====
v4获胜： 1
material获胜： 1
和棋： 0
达到步数上限未结束： 0
棋谱与搜索记录： C:\Users\maxw\chess_ai\arena_v4_material40_games\20260908_191019_049803\pair_15
