本次v4： C:\Users\maxw\chess_ai\value_full_runs\20260908_113914_349502\value_full_epoch2.pt
交换颜色两局；双方CPU4线程，每步5秒、深度上限5。
C:\Users\maxw\chess_ai\.venv\Lib\site-packages\torch\jit\_trace.py:1006: FutureWarning: `torch.jit.trace` is deprecated. Please switch to `torch.compile` or `torch.export`.
  warnings.warn(
C:\Users\maxw\chess_ai\.venv\Lib\site-packages\torch\jit\_trace.py:1145: FutureWarning: `torch.jit.trace_method` is deprecated. Please switch to `torch.compile` or `torch.export`.
  warnings.warn(
C:\Users\maxw\chess_ai\.venv\Lib\site-packages\torch\jit\_freeze.py:106: FutureWarning: `torch.jit.freeze` is deprecated. Please use `torch.compile` instead.
  warnings.warn(

===== 第 15/40 盘：斯拉夫式，白方 v4，黑方 material =====
4. v4：cxd5 | 深度 4 | 5.00 秒
4... material：cxd5 | 深度 4 | 5.00 秒
5. v4：Nc3 | 深度 4 | 5.00 秒
5... material：Nc6 | 深度 3 | 5.00 秒
6. v4：Be3 | 深度 3 | 5.00 秒
6... material：Bg4 | 深度 3 | 5.00 秒
7. v4：Qd3 | 深度 3 | 5.00 秒
7... material：e6 | 深度 3 | 5.00 秒
8. v4：O-O-O | 深度 3 | 5.00 秒
8... material：Be7 | 深度 3 | 5.00 秒
9. v4：h3 | 深度 3 | 5.00 秒
9... material：Bh5 | 深度 3 | 5.00 秒
10. v4：Rg1 | 深度 3 | 5.00 秒
10... material：O-O | 深度 3 | 5.00 秒
11. v4：Ne5 | 深度 3 | 5.00 秒
11... material：Rc8 | 深度 4 | 5.00 秒
12. v4：Nxc6 | 深度 3 | 5.00 秒
12... material：bxc6 | 深度 4 | 5.00 秒
13. v4：g4 | 深度 4 | 5.00 秒
13... material：Bg6 | 深度 4 | 5.00 秒
14. v4：Qa6 | 深度 4 | 5.00 秒
14... material：Qb6 | 深度 3 | 5.00 秒
15. v4：Qxb6 | 深度 4 | 5.00 秒
15... material：axb6 | 深度 4 | 5.00 秒
16. v4：h4 | 深度 4 | 5.00 秒
16... material：h6 | 深度 4 | 5.00 秒
17. v4：f3 | 深度 4 | 5.00 秒
17... material：b5 | 深度 4 | 5.00 秒
18. v4：g5 | 深度 4 | 5.00 秒
18... material：hxg5 | 深度 4 | 5.00 秒
19. v4：hxg5 | 深度 4 | 5.00 秒
19... material：Nd7 | 深度 4 | 5.00 秒
20. v4：a3 | 深度 4 | 5.00 秒
20... material：Nb6 | 深度 4 | 5.00 秒
21. v4：Bf2 | 深度 4 | 5.00 秒
21... material：Nc4 | 深度 4 | 5.00 秒
22. v4：e4 | 深度 4 | 5.00 秒
22... material：Ra8 | 深度 3 | 5.00 秒
23. v4：Bd3 | 深度 3 | 5.00 秒
23... material：Rad8 | 深度 3 | 5.00 秒
24. v4：Rg4 | 深度 4 | 5.00 秒
24... material：Ra8 | 深度 3 | 5.00 秒
25. v4：e5 | 深度 3 | 5.00 秒
25... material：Rad8 | 深度 4 | 5.00 秒
26. v4：Bxc4 | 深度 4 | 5.00 秒
26... material：bxc4 | 深度 4 | 5.00 秒
27. v4：Be3 | 深度 4 | 5.00 秒
27... material：Ra8 | 深度 4 | 5.00 秒
28. v4：Rh4 | 深度 4 | 5.00 秒
28... material：Rfb8 | 深度 4 | 5.00 秒
29. v4：Rdh1 | 深度 5 | 4.83 秒
29... material：f5 | 深度 4 | 5.00 秒
30. v4：gxf6 | 深度 4 | 5.00 秒
30... material：gxf6 | 深度 4 | 5.00 秒
31. v4：Rg4 | 深度 4 | 5.00 秒
31... material：Kf7 | 深度 5 | 4.50 秒
32. v4：Rh6 | 深度 4 | 5.00 秒
32... material：Rg8 | 深度 4 | 5.00 秒
33. v4：Ne2 | 深度 4 | 5.00 秒
33... material：f5 | 深度 4 | 5.00 秒
34. v4：Rg2 | 深度 4 | 5.00 秒
34... material：Bf8 | 深度 4 | 5.00 秒
35. v4：Rh3 | 深度 5 | 3.77 秒
35... material：Ke8 | 深度 4 | 5.00 秒
36. v4：Nf4 | 深度 4 | 5.00 秒
36... material：Bf7 | 深度 5 | 3.95 秒
37. v4：Rxg8 | 深度 5 | 4.11 秒
37... material：Bxg8 | 深度 5 | 2.29 秒
38. v4：Ng6 | 深度 5 | 4.16 秒
38... material：Bg7 | 深度 5 | 3.22 秒
39. v4：Kb1 | 深度 5 | 4.59 秒
39... material：Ra7 | 深度 5 | 3.49 秒
40. v4：Nf4 | 深度 4 | 5.00 秒
40... material：Bf7 | 深度 4 | 5.00 秒
41. v4：Nh5 | 深度 5 | 4.86 秒
41... material：Bf8 | 深度 5 | 2.46 秒
42. v4：Nf6+ | 深度 5 | 2.59 秒
42... material：Kd8 | 深度 5 | 3.01 秒
43. v4：Rh8 | 深度 4 | 5.00 秒
43... material：f4 | 深度 5 | 3.31 秒
44. v4：Rxf8+ | 深度 5 | 3.76 秒
44... material：Ke7 | 深度 5 | 0.62 秒
45. v4：Rxf7+ | 深度 5 | 2.13 秒
45... material：Kxf7 | 深度 5 | 0.40 秒
46. v4：Bxf4 | 深度 5 | 1.95 秒
46... material：Kg6 | 深度 5 | 1.92 秒
47. v4：Bd2 | 深度 5 | 3.33 秒
47... material：Kf5 | 深度 5 | 1.98 秒
48. v4：Ne8 | 深度 5 | 3.54 秒
48... material：Rh7 | 深度 5 | 1.12 秒
49. v4：Nd6+ | 深度 5 | 1.47 秒
49... material：Kg6 | 深度 5 | 0.52 秒
50. v4：Nc8 | 深度 5 | 3.37 秒
50... material：Kf5 | 深度 5 | 1.63 秒
51. v4：Nd6+ | 深度 5 | 1.68 秒
51... material：Kg6 | 深度 5 | 0.50 秒
52. v4：Nc8 | 深度 5 | 4.78 秒
52... material：Kf5 | 深度 5 | 2.47 秒
53. v4：Bc1 | 深度 5 | 3.35 秒
53... material：Rg7 | 深度 5 | 0.52 秒
54. v4：Be3 | 深度 5 | 1.75 秒
54... material：Rh7 | 深度 5 | 0.64 秒
55. v4：a4 | 深度 5 | 3.34 秒
55... material：Rd7 | 深度 5 | 0.87 秒
56. v4：a5 | 深度 5 | 2.63 秒
56... material：Rc7 | 深度 5 | 0.43 秒
57. v4：Nd6+ | 深度 5 | 1.50 秒
57... material：Kg6 | 深度 5 | 0.54 秒
58. v4：Ne8 | 深度 4 | 5.00 秒
58... material：Rc8 | 深度 5 | 1.75 秒
59. v4：Nd6 | 深度 5 | 2.78 秒
59... material：Ra8 | 深度 5 | 2.10 秒
60. v4：Bd2 | 深度 5 | 2.96 秒
60... material：Ra7 | 深度 5 | 2.70 秒
61. v4：Ka2 | 深度 4 | 5.00 秒
61... material：Kg7 | 深度 5 | 1.61 秒
62. v4：b3 | 深度 5 | 4.79 秒
62... material：cxb3+ | 深度 5 | 0.83 秒
63. v4：Kxb3 | 深度 5 | 1.98 秒
63... material：Ra8 | 深度 5 | 1.26 秒
64. v4：Ka2 | 深度 4 | 5.00 秒
64... material：Rh8 | 深度 5 | 1.73 秒
65. v4：Bg5 | 深度 4 | 5.00 秒
65... material：Kg6 | 深度 5 | 2.06 秒
66. v4：Bc1 | 深度 5 | 4.52 秒
66... material：Rh7 | 深度 5 | 2.98 秒
67. v4：f4 | 深度 5 | 3.44 秒
67... material：Rh5 | 深度 5 | 2.02 秒
68. v4：a6 | 深度 5 | 3.22 秒
68... material：Rh4 | 深度 5 | 1.90 秒
69. v4：Be3 | 深度 5 | 2.96 秒
69... material：Rh3 | 深度 5 | 1.85 秒
70. v4：a7 | 深度 5 | 2.18 秒
70... material：Rh8 | 深度 5 | 2.36 秒
71. v4：Kb2 | 深度 5 | 2.64 秒
71... material：Ra8 | 深度 5 | 1.88 秒
72. v4：Nb7 | 深度 5 | 2.54 秒
72... material：Rxa7 | 深度 5 | 2.70 秒
73. v4：Nd8 | 深度 5 | 1.31 秒
73... material：Kf5 | 深度 5 | 0.93 秒
74. v4：Nxc6 | 深度 5 | 1.70 秒
74... material：Ra8 | 深度 5 | 1.12 秒
75. v4：Bd2 | 深度 5 | 2.22 秒
75... material：Ke4 | 深度 5 | 1.30 秒
76. v4：Kb3 | 深度 5 | 2.75 秒
76... material：Kd3 | 深度 5 | 1.92 秒
77. v4：Bb4 | 深度 5 | 2.17 秒
77... material：Ke3 | 深度 5 | 1.50 秒
78. v4：Be7 | 深度 5 | 3.48 秒
78... material：Kxf4 | 深度 5 | 2.72 秒
79. v4：Nd8 | 深度 5 | 3.89 秒
79... material：Rb8+ | 深度 5 | 1.30 秒
80. v4：Ka4 | 深度 5 | 1.93 秒
80... material：Kf5 | 深度 5 | 1.14 秒
81. v4：Ka5 | 深度 5 | 2.40 秒
81... material：Ra8+ | 深度 5 | 1.07 秒
82. v4：Kb6 | 深度 5 | 0.88 秒
82... material：Rb8+ | 深度 5 | 1.28 秒
83. v4：Nb7 | 深度 5 | 1.33 秒
83... material：Kf4 | 深度 5 | 1.30 秒
84. v4：Bd6 | 深度 5 | 2.38 秒
84... material：Rc8 | 深度 5 | 0.98 秒
85. v4：Nc5 | 深度 5 | 2.65 秒
85... material：Kf5 | 深度 5 | 1.03 秒
86. v4：Bc7 | 深度 5 | 3.92 秒
86... material：Ra8 | 深度 5 | 1.06 秒
87. v4：Kc6 | 深度 5 | 3.08 秒
87... material：Rh8 | 深度 5 | 1.64 秒
88. v4：Kd7 | 深度 5 | 4.06 秒
88... material：Rh7+ | 深度 5 | 1.35 秒
89. v4：Kc6 | 深度 5 | 1.65 秒
89... material：Rh8 | 深度 5 | 1.63 秒
90. v4：Kd7 | 深度 5 | 4.15 秒
90... material：Rh7+ | 深度 5 | 1.34 秒
91. v4：Kd6 | 深度 5 | 1.69 秒
91... material：Rh8 | 深度 5 | 1.54 秒
92. v4：Ke7 | 深度 5 | 3.75 秒
92... material：Rh7+ | 深度 5 | 1.32 秒
93. v4：Kd6 | 深度 5 | 1.25 秒
93... material：Rh8 | 深度 5 | 1.50 秒
94. v4：Bb6 | 深度 5 | 4.14 秒
94... material：Rg8 | 深度 5 | 2.30 秒
95. v4：Kc7 | 深度 5 | 4.52 秒
95... material：Rg6 | 深度 5 | 1.73 秒
96. v4：Kc8 | 深度 5 | 3.46 秒
96... material：Rg5 | 深度 5 | 1.53 秒
97. v4：Kc7 | 深度 5 | 2.59 秒
97... material：Rg6 | 深度 5 | 1.41 秒
98. v4：Kc8 | 深度 5 | 3.70 秒
98... material：Rg5 | 深度 5 | 1.54 秒
99. v4：Bc7 | 深度 5 | 2.88 秒
99... material：Rg4 | 深度 5 | 1.35 秒
100. v4：Kd7 | 深度 5 | 1.69 秒
100... material：Rg6 | 深度 5 | 1.45 秒
101. v4：Nd3 | 深度 5 | 2.69 秒
101... material：Rh6 | 深度 5 | 3.25 秒
102. v4：Kc6 | 深度 4 | 5.00 秒
102... material：Ke4 | 深度 5 | 3.38 秒
103. v4：Nc5+ | 深度 5 | 1.71 秒
103... material：Kxd4 | 深度 5 | 1.04 秒
104. v4：Kd6 | 深度 5 | 2.03 秒
104... material：Rh4 | 深度 5 | 0.97 秒
105. v4：Nxe6+ | 深度 5 | 2.73 秒
105... material：Ke4 | 深度 5 | 0.43 秒
106. v4：Bd8 | 深度 5 | 3.44 秒
106... material：Rh1 | 深度 5 | 1.20 秒
107. v4：Ng5+ | 深度 4 | 5.00 秒
107... material：Kd4 | 深度 5 | 0.90 秒
108. v4：e6 | 深度 5 | 3.59 秒
108... material：Rh6 | 深度 5 | 3.51 秒
109. v4：Nf7 | 深度 5 | 2.69 秒
109... material：Rh1 | 深度 5 | 2.93 秒
110. v4：e7 | 深度 5 | 3.03 秒
110... material：Re1 | 深度 5 | 1.53 秒
111. v4：Kd7 | 深度 5 | 2.08 秒
111... material：Re4 | 深度 5 | 0.94 秒
112. v4：Ng5 | 深度 5 | 2.90 秒
112... material：Rxe7+ | 深度 5 | 1.04 秒
113. v4：Bxe7 | 深度 5 | 1.17 秒
113... material：Kc3 | 深度 5 | 0.23 秒
114. v4：Bf6+ | 深度 5 | 2.93 秒
114... material：Kc4 | 深度 5 | 0.36 秒
115. v4：Kc6 | 深度 5 | 3.23 秒
115... material：d4 | 深度 5 | 0.41 秒
116. v4：Ne4 | 深度 5 | 2.53 秒
116... material：d3 | 深度 5 | 0.39 秒
117. v4：Nd6+ | 深度 4 | 5.00 秒
117... material：Kb4 | 深度 5 | 0.41 秒
118. v4：Nb5 | 深度 5 | 4.04 秒
118... material：Kc4 | 深度 5 | 0.41 秒
119. v4：Na3+ | 深度 5 | 4.08 秒
119... material：Kb4 | 深度 5 | 0.92 秒
120. v4：Nb5 | 深度 5 | 2.25 秒
120... material：Kc4 | 深度 5 | 0.42 秒
本盘结果：*，原因：move_limit_unfinished

===== 第 16/40 盘：斯拉夫式，白方 material，黑方 v4 =====
4. material：e3 | 深度 4 | 5.00 秒
4... v4：Be6 | 深度 4 | 5.00 秒
5. material：b3 | 深度 4 | 5.00 秒
5... v4：h5 | 深度 4 | 5.00 秒
6. material：Bb2 | 深度 4 | 5.00 秒
6... v4：h4 | 深度 4 | 5.00 秒
7. material：cxd5 | 深度 4 | 5.00 秒
7... v4：Bxd5 | 深度 4 | 5.00 秒
8. material：Ne5 | 深度 3 | 5.00 秒
8... v4：Nbd7 | 深度 3 | 5.00 秒
9. material：Nxd7 | 深度 4 | 5.00 秒
9... v4：Qxd7 | 深度 4 | 5.00 秒
10. material：Nd2 | 深度 4 | 5.00 秒
10... v4：h3 | 深度 4 | 5.00 秒
11. material：f3 | 深度 4 | 5.00 秒
11... v4：Qe6 | 深度 4 | 5.00 秒
12. material：gxh3 | 深度 4 | 5.00 秒
12... v4：Qxe3+ | 深度 3 | 5.00 秒
13. material：Qe2 | 深度 5 | 3.37 秒
13... v4：Qxe2+ | 深度 4 | 5.00 秒
14. material：Kxe2 | 深度 5 | 4.53 秒
14... v4：e6 | 深度 4 | 5.00 秒
15. material：Bg2 | 深度 4 | 5.00 秒
15... v4：Bb4 | 深度 4 | 5.00 秒
16. material：Rad1 | 深度 4 | 5.00 秒
16... v4：O-O-O | 深度 3 | 5.00 秒
17. material：Bf1 | 深度 3 | 5.00 秒
17... v4：e5 | 深度 3 | 5.00 秒
18. material：dxe5 | 深度 4 | 5.00 秒
18... v4：Nd7 | 深度 3 | 5.00 秒
19. material：Rg1 | 深度 3 | 5.00 秒
19... v4：Rde8 | 深度 3 | 5.00 秒
20. material：f4 | 深度 4 | 5.00 秒
20... v4：g6 | 深度 3 | 5.00 秒
21. material：Nc4 | 深度 3 | 5.00 秒
21... v4：Bxc4+ | 深度 3 | 5.00 秒
22. material：bxc4 | 深度 4 | 5.00 秒
22... v4：Rh4 | 深度 3 | 5.00 秒
23. material：Bc1 | 深度 3 | 5.00 秒
23... v4：Nc5 | 深度 3 | 5.00 秒
24. material：Rh1 | 深度 4 | 5.00 秒
24... v4：Ne6 | 深度 4 | 5.00 秒
25. material：Kf3 | 深度 4 | 5.00 秒
25... v4：Re7 | 深度 4 | 5.00 秒
26. material：Be3 | 深度 4 | 5.00 秒
26... v4：b6 | 深度 4 | 5.00 秒
27. material：Rg1 | 深度 4 | 5.00 秒
27... v4：Bc5 | 深度 4 | 5.00 秒
28. material：Rg4 | 深度 5 | 4.99 秒
28... v4：Rh8 | 深度 4 | 5.00 秒
29. material：Bg2 | 深度 4 | 5.00 秒
29... v4：Bb4 | 深度 4 | 5.00 秒
30. material：Ke4 | 深度 3 | 5.00 秒
30... v4：Nc5+ | 深度 4 | 5.00 秒
31. material：Kf3 | 深度 4 | 5.00 秒
31... v4：Re6 | 深度 3 | 5.00 秒
32. material：Bd4 | 深度 4 | 5.00 秒
32... v4：Rh7 | 深度 3 | 5.00 秒
33. material：Rg1 | 深度 3 | 5.00 秒
33... v4：Ne4 | 深度 4 | 5.00 秒
34. material：a3 | 深度 3 | 5.00 秒
34... v4：Bxa3 | 深度 4 | 5.00 秒
35. material：Rd1 | 深度 3 | 5.00 秒
35... v4：Bb4 | 深度 4 | 5.00 秒
36. material：Bxb6 | 深度 3 | 5.00 秒
36... v4：axb6 | 深度 4 | 5.00 秒
37. material：Rd4 | 深度 3 | 5.00 秒
37... v4：Nc3 | 深度 4 | 5.00 秒
38. material：Rd3 | 深度 4 | 5.00 秒
38... v4：Rh8 | 深度 4 | 5.00 秒
39. material：Rd4 | 深度 4 | 5.00 秒
39... v4：Kc7 | 深度 4 | 5.00 秒
40. material：Rd3 | 深度 4 | 5.00 秒
40... v4：b5 | 深度 4 | 5.00 秒
41. material：cxb5 | 深度 4 | 5.00 秒
41... v4：cxb5 | 深度 4 | 5.00 秒
42. material：f5 | 深度 4 | 5.00 秒
42... v4：Rxe5 | 深度 4 | 5.00 秒
43. material：Rxb4 | 深度 4 | 5.00 秒
43... v4：Rxf5+ | 深度 4 | 5.00 秒
44. material：Kg4 | 深度 5 | 2.49 秒
44... v4：Rc5 | 深度 4 | 5.00 秒
45. material：Rg3 | 深度 4 | 5.00 秒
45... v4：g5 | 深度 4 | 5.00 秒
46. material：Rb3 | 深度 4 | 5.00 秒
46... v4：Rh4+ | 深度 5 | 4.91 秒
47. material：Kf3 | 深度 5 | 3.11 秒
47... v4：Ne4 | 深度 4 | 5.00 秒
48. material：Re3 | 深度 5 | 2.99 秒
48... v4：Rf4+ | 深度 4 | 5.00 秒
49. material：Ke2 | 深度 5 | 0.94 秒
49... v4：Nxg3+ | 深度 5 | 4.63 秒
50. material：hxg3 | 深度 5 | 1.22 秒
50... v4：Rc2+ | 深度 5 | 2.26 秒
51. material：Ke1 | 深度 5 | 1.45 秒
51... v4：Rfc4 | 深度 5 | 4.32 秒
52. material：Bf1 | 深度 5 | 3.41 秒
52... v4：Rb4 | 深度 5 | 3.80 秒
53. material：Re7+ | 深度 5 | 4.08 秒
53... v4：Kb6 | 深度 5 | 1.35 秒
54. material：Be2 | 深度 4 | 5.00 秒
54... v4：Rb1+ | 深度 5 | 4.20 秒
55. material：Kf2 | 深度 5 | 1.44 秒
55... v4：Rbb2 | 深度 5 | 4.38 秒
56. material：Ke1 | 深度 5 | 2.94 秒
56... v4：b4 | 深度 4 | 5.00 秒
57. material：Kd1 | 深度 5 | 5.00 秒
57... v4：Rc3 | 深度 5 | 2.83 秒
58. material：g4 | 深度 5 | 2.78 秒
58... v4：Rb1+ | 深度 5 | 2.91 秒
59. material：Kd2 | 深度 5 | 0.50 秒
59... v4：Rb2+ | 深度 5 | 2.77 秒
60. material：Kd1 | 深度 5 | 0.93 秒
60... v4：Rb1+ | 深度 5 | 4.79 秒
61. material：Kd2 | 深度 5 | 0.53 秒
61... v4：Rxh3 | 深度 5 | 3.52 秒
62. material：Rxf7 | 深度 5 | 2.00 秒
62... v4：Rb2+ | 深度 5 | 2.21 秒
63. material：Ke1 | 深度 5 | 1.06 秒
63... v4：Rh1+ | 深度 5 | 3.16 秒
64. material：Rf1 | 深度 5 | 0.76 秒
64... v4：Rb1+ | 深度 5 | 2.63 秒
65. material：Kf2 | 深度 5 | 0.28 秒
65... v4：Rhxf1+ | 深度 5 | 1.93 秒
66. material：Bxf1 | 深度 5 | 0.52 秒
66... v4：Rd1 | 深度 5 | 3.04 秒
67. material：Be2 | 深度 5 | 0.48 秒
67... v4：Rd2 | 深度 5 | 2.96 秒
68. material：Ke3 | 深度 5 | 0.35 秒
68... v4：Rc2 | 深度 5 | 1.40 秒
69. material：Bd3 | 深度 5 | 0.60 秒
69... v4：Rg2 | 深度 5 | 2.88 秒
70. material：Be2 | 深度 5 | 0.76 秒
70... v4：b3 | 深度 5 | 1.39 秒
71. material：Bd3 | 深度 5 | 2.69 秒
71... v4：b2 | 深度 5 | 2.69 秒
72. material：Ke4 | 深度 5 | 4.45 秒
72... v4：Rd2 | 深度 5 | 1.87 秒
73. material：Bb1 | 深度 5 | 0.52 秒
73... v4：Rd1 | 深度 5 | 1.66 秒
74. material：Bc2 | 深度 5 | 1.74 秒
74... v4：Rc1 | 深度 5 | 4.33 秒
75. material：Kd3 | 深度 5 | 1.06 秒
75... v4：b1=Q | 深度 5 | 3.15 秒
76. material：Bxb1 | 深度 5 | 0.23 秒
76... v4：Rxb1 | 深度 5 | 1.39 秒
77. material：Ke2 | 深度 5 | 0.72 秒
77... v4：Rg1 | 深度 5 | 2.05 秒
78. material：Kf3 | 深度 5 | 0.21 秒
78... v4：Kc5 | 深度 5 | 1.35 秒
79. material：Ke4 | 深度 5 | 0.19 秒
79... v4：Rxg4+ | 深度 5 | 1.24 秒
80. material：Kf3 | 深度 5 | 0.22 秒
80... v4：Rd4 | 深度 5 | 1.18 秒
81. material：Ke3 | 深度 5 | 0.21 秒
81... v4：Kc4 | 深度 5 | 1.72 秒
82. material：Ke2 | 深度 5 | 0.17 秒
82... v4：Rf4 | 深度 5 | 2.57 秒
83. material：Ke3 | 深度 5 | 0.18 秒
83... v4：Kc3 | 深度 5 | 1.37 秒
84. material：Ke2 | 深度 5 | 0.19 秒
84... v4：g4 | 深度 5 | 1.79 秒
85. material：Ke3 | 深度 5 | 0.23 秒
85... v4：g3 | 深度 5 | 1.04 秒
86. material：Kxf4 | 深度 5 | 0.10 秒
86... v4：g2 | 深度 5 | 0.24 秒
87. material：Ke3 | 深度 5 | 0.13 秒
87... v4：g1=Q+ | 深度 5 | 0.74 秒
88. material：Ke2 | 深度 5 | 0.29 秒
88... v4：Qg3 | 深度 5 | 2.93 秒
89. material：Kf1 | 深度 5 | 0.42 秒
89... v4：Qh2 | 深度 5 | 3.39 秒
90. material：Ke1 | 深度 5 | 0.36 秒
90... v4：Qg2 | 深度 5 | 3.30 秒
91. material：Kd1 | 深度 5 | 0.39 秒
91... v4：Qf1# | 深度 0 | 0.00 秒
本盘结果：0-1，原因：CHECKMATE
结果压缩包： C:\Users\maxw\chess_ai\arena_v4_material40_games\20260908_191019_049803\pair_08.zip

===== 比赛结束 =====
v4获胜： 1
material获胜： 0
和棋： 0
达到步数上限未结束： 1
棋谱与搜索记录： C:\Users\maxw\chess_ai\arena_v4_material40_games\20260908_191019_049803\pair_08
