本次v4： C:\Users\maxw\chess_ai\value_full_runs\20260908_113914_349502\value_full_epoch2.pt
交换颜色两局；双方CPU4线程，每步5秒、深度上限5。
C:\Users\maxw\chess_ai\.venv\Lib\site-packages\torch\jit\_trace.py:1006: FutureWarning: `torch.jit.trace` is deprecated. Please switch to `torch.compile` or `torch.export`.
  warnings.warn(
C:\Users\maxw\chess_ai\.venv\Lib\site-packages\torch\jit\_trace.py:1145: FutureWarning: `torch.jit.trace_method` is deprecated. Please switch to `torch.compile` or `torch.export`.
  warnings.warn(
C:\Users\maxw\chess_ai\.venv\Lib\site-packages\torch\jit\_freeze.py:106: FutureWarning: `torch.jit.freeze` is deprecated. Please use `torch.compile` instead.
  warnings.warn(

===== 第 21/40 盘：彼得罗夫，白方 v4，黑方 material =====
4. v4：Nf3 | 深度 4 | 5.00 秒
4... material：Nxe4 | 深度 4 | 5.00 秒
5. v4：Qe2 | 深度 4 | 5.00 秒
5... material：d5 | 深度 4 | 5.00 秒
6. v4：d3 | 深度 4 | 5.00 秒
6... material：f5 | 深度 4 | 5.00 秒
7. v4：Nc3 | 深度 4 | 5.00 秒
7... material：d4 | 深度 4 | 5.00 秒
8. v4：Nxd4 | 深度 4 | 5.00 秒
8... material：Qxd4 | 深度 4 | 5.00 秒
9. v4：dxe4 | 深度 4 | 5.00 秒
9... material：fxe4 | 深度 4 | 5.00 秒
10. v4：Qh5+ | 深度 3 | 5.00 秒
10... material：g6 | 深度 4 | 5.00 秒
11. v4：Qh4 | 深度 4 | 5.00 秒
11... material：Bf5 | 深度 3 | 5.00 秒
12. v4：Be3 | 深度 3 | 5.00 秒
12... material：Qd8 | 深度 4 | 5.00 秒
13. v4：Bg5 | 深度 4 | 5.00 秒
13... material：Be7 | 深度 4 | 5.00 秒
14. v4：Rd1 | 深度 4 | 5.00 秒
14... material：Nd7 | 深度 4 | 5.00 秒
15. v4：Nxe4 | 深度 4 | 5.00 秒
15... material：Bxg5 | 深度 4 | 5.00 秒
16. v4：Nxg5 | 深度 4 | 5.00 秒
16... material：Bxc2 | 深度 4 | 5.00 秒
17. v4：Rd2 | 深度 4 | 5.00 秒
17... material：Bb1 | 深度 3 | 5.00 秒
18. v4：Re2+ | 深度 4 | 5.00 秒
18... material：Qe7 | 深度 5 | 1.64 秒
19. v4：Rxe7+ | 深度 4 | 5.00 秒
19... material：Kxe7 | 深度 5 | 3.30 秒
20. v4：Bc4 | 深度 4 | 5.00 秒
20... material：h6 | 深度 4 | 5.00 秒
21. v4：Nf7+ | 深度 4 | 5.00 秒
21... material：g5 | 深度 5 | 4.38 秒
22. v4：Qh3 | 深度 4 | 5.00 秒
22... material：Rhe8 | 深度 3 | 5.00 秒
23. v4：O-O | 深度 4 | 5.00 秒
23... material：Nb6 | 深度 4 | 5.00 秒
24. v4：Re1+ | 深度 4 | 5.00 秒
24... material：Kf6 | 深度 5 | 3.17 秒
25. v4：Qxh6+ | 深度 4 | 5.00 秒
25... material：Bg6 | 深度 5 | 1.41 秒
26. v4：Qxg5+ | 深度 4 | 5.00 秒
26... material：Kg7 | 深度 5 | 1.39 秒
27. v4：Be6 | 深度 4 | 5.00 秒
27... material：c6 | 深度 3 | 5.00 秒
28. v4：f4 | 深度 4 | 5.00 秒
28... material：Nd5 | 深度 3 | 5.00 秒
29. v4：f5 | 深度 4 | 5.00 秒
29... material：Rxe6 | 深度 4 | 5.00 秒
30. v4：Rxe6 | 深度 4 | 5.00 秒
30... material：Kxf7 | 深度 5 | 4.62 秒
31. v4：Qxg6+ | 深度 4 | 5.00 秒
31... material：Kf8 | 深度 5 | 1.96 秒
32. v4：f6 | 深度 4 | 5.00 秒
32... material：Nxf6 | 深度 4 | 5.00 秒
33. v4：Qxf6+ | 深度 4 | 5.00 秒
33... material：Kg8 | 深度 5 | 1.39 秒
34. v4：Re7 | 深度 4 | 5.00 秒
34... material：Rb8 | 深度 4 | 5.00 秒
35. v4：Qg7# | 深度 0 | 0.00 秒
本盘结果：1-0，原因：CHECKMATE

===== 第 22/40 盘：彼得罗夫，白方 material，黑方 v4 =====
4. material：Nf3 | 深度 4 | 5.00 秒
4... v4：Nxe4 | 深度 4 | 5.00 秒
5. material：d4 | 深度 4 | 5.00 秒
5... v4：Qe7 | 深度 4 | 5.00 秒
6. material：Be2 | 深度 4 | 5.00 秒
6... v4：Bf5 | 深度 4 | 5.00 秒
7. material：O-O | 深度 4 | 5.00 秒
7... v4：Nd7 | 深度 4 | 5.00 秒
8. material：Nc3 | 深度 3 | 5.00 秒
8... v4：Nxc3 | 深度 4 | 5.00 秒
9. material：bxc3 | 深度 4 | 5.00 秒
9... v4：O-O-O | 深度 4 | 5.00 秒
10. material：c4 | 深度 4 | 5.00 秒
10... v4：Nf6 | 深度 4 | 5.00 秒
11. material：Bb2 | 深度 4 | 5.00 秒
11... v4：Re8 | 深度 4 | 5.00 秒
12. material：Re1 | 深度 4 | 5.00 秒
12... v4：h5 | 深度 4 | 5.00 秒
13. material：Bd3 | 深度 3 | 5.00 秒
13... v4：Ne4 | 深度 4 | 5.00 秒
14. material：Nd2 | 深度 3 | 5.00 秒
14... v4：Bg4 | 深度 4 | 5.00 秒
15. material：f3 | 深度 4 | 5.00 秒
15... v4：f5 | 深度 4 | 5.00 秒
16. material：fxg4 | 深度 3 | 5.00 秒
16... v4：Qh4 | 深度 4 | 5.00 秒
17. material：gxf5 | 深度 3 | 5.00 秒
17... v4：Nf6 | 深度 4 | 5.00 秒
18. material：Nf1 | 深度 4 | 5.00 秒
18... v4：Be7 | 深度 4 | 5.00 秒
19. material：g3 | 深度 4 | 5.00 秒
19... v4：Qh3 | 深度 4 | 5.00 秒
20. material：Re3 | 深度 3 | 5.00 秒
20... v4：Qg4 | 深度 3 | 5.00 秒
21. material：Qd2 | 深度 4 | 5.00 秒
21... v4：c5 | 深度 3 | 5.00 秒
22. material：d5 | 深度 3 | 5.00 秒
22... v4：Rhf8 | 深度 4 | 5.00 秒
23. material：Rc1 | 深度 3 | 5.00 秒
23... v4：Rf7 | 深度 4 | 5.00 秒
24. material：h4 | 深度 3 | 5.00 秒
24... v4：Rh8 | 深度 4 | 5.00 秒
25. material：Bc3 | 深度 3 | 5.00 秒
25... v4：Qh3 | 深度 4 | 5.00 秒
26. material：Qe2 | 深度 3 | 5.00 秒
26... v4：Bd8 | 深度 4 | 5.00 秒
27. material：Be1 | 深度 3 | 5.00 秒
27... v4：Bc7 | 深度 4 | 5.00 秒
28. material：Rf3 | 深度 3 | 5.00 秒
28... v4：Re8 | 深度 4 | 5.00 秒
29. material：Qf2 | 深度 3 | 5.00 秒
29... v4：Qg4 | 深度 3 | 5.00 秒
30. material：Ne3 | 深度 3 | 5.00 秒
30... v4：Qd4 | 深度 4 | 5.00 秒
31. material：Qd2 | 深度 3 | 5.00 秒
31... v4：Ng4 | 深度 4 | 5.00 秒
32. material：Bf2 | 深度 4 | 5.00 秒
32... v4：Nxf2 | 深度 4 | 5.00 秒
33. material：Kxf2 | 深度 4 | 5.00 秒
33... v4：Qf6 | 深度 3 | 5.00 秒
34. material：Rb1 | 深度 4 | 5.00 秒
34... v4：Qe5 | 深度 3 | 5.00 秒
35. material：Qe2 | 深度 3 | 5.00 秒
35... v4：Qf6 | 深度 3 | 5.00 秒
36. material：Kg2 | 深度 3 | 5.00 秒
36... v4：Re5 | 深度 3 | 5.00 秒
37. material：Kf2 | 深度 3 | 5.00 秒
37... v4：Rf8 | 深度 4 | 5.00 秒
38. material：Qd2 | 深度 3 | 5.00 秒
38... v4：g5 | 深度 4 | 5.00 秒
39. material：Rh1 | 深度 3 | 5.00 秒
39... v4：Re7 | 深度 4 | 5.00 秒
40. material：hxg5 | 深度 3 | 5.00 秒
40... v4：Qxg5 | 深度 4 | 5.00 秒
41. material：Re1 | 深度 3 | 5.00 秒
41... v4：h4 | 深度 4 | 5.00 秒
42. material：gxh4 | 深度 3 | 5.00 秒
42... v4：Qxh4+ | 深度 4 | 5.00 秒
43. material：Kg2 | 深度 4 | 5.00 秒
43... v4：Bd8 | 深度 4 | 5.00 秒
44. material：Rh3 | 深度 3 | 5.00 秒
44... v4：Rg8+ | 深度 4 | 5.00 秒
45. material：Rg3 | 深度 5 | 3.60 秒
45... v4：Qxg3+ | 深度 4 | 5.00 秒
46. material：Kf1 | 深度 4 | 5.00 秒
46... v4：Qh3+ | 深度 4 | 5.00 秒
47. material：Ke2 | 深度 4 | 5.00 秒
47... v4：Rg2+ | 深度 4 | 5.00 秒
48. material：Kd1 | 深度 5 | 2.01 秒
48... v4：Rxd2+ | 深度 4 | 5.00 秒
49. material：Kxd2 | 深度 5 | 3.63 秒
49... v4：Rxe3 | 深度 4 | 5.00 秒
50. material：Rxe3 | 深度 5 | 1.96 秒
50... v4：Bg5 | 深度 5 | 2.65 秒
51. material：Ke2 | 深度 5 | 0.85 秒
51... v4：Qg2+ | 深度 5 | 2.44 秒
52. material：Ke1 | 深度 5 | 0.53 秒
52... v4：Bxe3 | 深度 5 | 3.58 秒
53. material：Be2 | 深度 4 | 5.00 秒
53... v4：Qg3+ | 深度 5 | 3.91 秒
54. material：Kd1 | 深度 5 | 1.88 秒
54... v4：Qg1+ | 深度 5 | 4.48 秒
55. material：Bf1 | 深度 5 | 0.58 秒
55... v4：Qxf1# | 深度 0 | 0.00 秒
本盘结果：0-1，原因：CHECKMATE
结果压缩包： C:\Users\maxw\chess_ai\arena_v4_material40_games\20260908_191019_049803\pair_11.zip

===== 比赛结束 =====
v4获胜： 2
material获胜： 0
和棋： 0
达到步数上限未结束： 0
棋谱与搜索记录： C:\Users\maxw\chess_ai\arena_v4_material40_games\20260908_191019_049803\pair_11
