本次v4： C:\Users\maxw\chess_ai\value_full_runs\20260908_113914_349502\value_full_epoch2.pt
交换颜色两局；双方CPU4线程，每步5秒、深度上限5。
C:\Users\maxw\chess_ai\.venv\Lib\site-packages\torch\jit\_trace.py:1006: FutureWarning: `torch.jit.trace` is deprecated. Please switch to `torch.compile` or `torch.export`.
  warnings.warn(
C:\Users\maxw\chess_ai\.venv\Lib\site-packages\torch\jit\_trace.py:1145: FutureWarning: `torch.jit.trace_method` is deprecated. Please switch to `torch.compile` or `torch.export`.
  warnings.warn(
C:\Users\maxw\chess_ai\.venv\Lib\site-packages\torch\jit\_freeze.py:106: FutureWarning: `torch.jit.freeze` is deprecated. Please use `torch.compile` instead.
  warnings.warn(

===== 第 3/40 盘：后翼弃兵发展，白方 v4，黑方 material =====
4. v4：cxd5 | 深度 4 | 5.00 秒
4... material：exd5 | 深度 4 | 5.00 秒
5. v4：Nf3 | 深度 4 | 5.00 秒
5... material：c6 | 深度 3 | 5.00 秒
6. v4：Qb3 | 深度 3 | 5.00 秒
6... material：Bd6 | 深度 3 | 5.00 秒
7. v4：Bd2 | 深度 3 | 5.00 秒
7... material：O-O | 深度 3 | 5.00 秒
8. v4：O-O-O | 深度 3 | 5.00 秒
8... material：Re8 | 深度 3 | 5.00 秒
9. v4：Bg5 | 深度 3 | 5.00 秒
9... material：h6 | 深度 3 | 5.00 秒
10. v4：Bxf6 | 深度 3 | 5.00 秒
10... material：Qxf6 | 深度 4 | 5.00 秒
11. v4：Rd2 | 深度 3 | 5.00 秒
11... material：a5 | 深度 3 | 5.00 秒
12. v4：Rg1 | 深度 3 | 5.00 秒
12... material：Na6 | 深度 3 | 5.00 秒
13. v4：Nd1 | 深度 3 | 5.00 秒
13... material：Nb4 | 深度 3 | 5.00 秒
14. v4：Qa4 | 深度 3 | 5.00 秒
14... material：Be6 | 深度 3 | 5.00 秒
15. v4：g3 | 深度 3 | 5.00 秒
15... material：c5 | 深度 3 | 5.00 秒
16. v4：dxc5 | 深度 3 | 5.00 秒
16... material：Bxc5 | 深度 3 | 5.00 秒
17. v4：Bg2 | 深度 3 | 5.00 秒
17... material：Rac8 | 深度 3 | 5.00 秒
18. v4：Kb1 | 深度 3 | 5.00 秒
18... material：d4 | 深度 3 | 5.00 秒
19. v4：a3 | 深度 4 | 5.00 秒
19... material：Nc6 | 深度 3 | 5.00 秒
20. v4：Nh4 | 深度 3 | 5.00 秒
20... material：Qd8 | 深度 3 | 5.00 秒
21. v4：Qc2 | 深度 3 | 5.00 秒
21... material：Be7 | 深度 3 | 5.00 秒
22. v4：Nf5 | 深度 4 | 5.00 秒
22... material：Bf6 | 深度 3 | 5.00 秒
23. v4：Bh3 | 深度 3 | 5.00 秒
23... material：Be5 | 深度 3 | 5.00 秒
24. v4：f4 | 深度 3 | 5.00 秒
24... material：Bf6 | 深度 3 | 5.00 秒
25. v4：Bg4 | 深度 3 | 5.00 秒
25... material：Ne5 | 深度 3 | 5.00 秒
26. v4：fxe5 | 深度 4 | 5.00 秒
26... material：Rxc2 | 深度 4 | 5.00 秒
27. v4：Rxc2 | 深度 4 | 5.00 秒
27... material：Bxe5 | 深度 4 | 5.00 秒
28. v4：Rc5 | 深度 4 | 5.00 秒
28... material：Qf6 | 深度 3 | 5.00 秒
29. v4：e4 | 深度 4 | 5.00 秒
29... material：dxe3 | 深度 3 | 5.00 秒
30. v4：Ndxe3 | 深度 4 | 5.00 秒
30... material：b6 | 深度 3 | 5.00 秒
31. v4：Rc2 | 深度 4 | 5.00 秒
31... material：g5 | 深度 3 | 5.00 秒
32. v4：b4 | 深度 4 | 5.00 秒
32... material：h5 | 深度 4 | 5.00 秒
33. v4：Bh3 | 深度 4 | 5.00 秒
33... material：g4 | 深度 4 | 5.00 秒
34. v4：bxa5 | 深度 4 | 5.00 秒
34... material：gxh3 | 深度 3 | 5.00 秒
35. v4：g4 | 深度 4 | 5.00 秒
35... material：hxg4 | 深度 3 | 5.00 秒
36. v4：Nxg4 | 深度 5 | 4.82 秒
36... material：Qxf5 | 深度 4 | 5.00 秒
37. v4：Nh6+ | 深度 5 | 0.69 秒
37... material：Kh7 | 深度 5 | 0.70 秒
38. v4：Nxf5 | 深度 5 | 1.20 秒
38... material：Bxf5 | 深度 4 | 5.00 秒
39. v4：Rg5 | 深度 5 | 2.98 秒
39... material：Bxc2+ | 深度 5 | 4.75 秒
40. v4：Kxc2 | 深度 5 | 0.66 秒
40... material：Kh6 | 深度 5 | 3.12 秒
41. v4：Rg4 | 深度 5 | 1.58 秒
41... material：Kh5 | 深度 5 | 4.29 秒
42. v4：Ra4 | 深度 5 | 1.95 秒
42... material：Ra8 | 深度 5 | 4.99 秒
43. v4：a6 | 深度 5 | 1.43 秒
43... material：Rc8+ | 深度 4 | 5.00 秒
44. v4：Kd2 | 深度 5 | 2.74 秒
44... material：Rd8+ | 深度 4 | 5.00 秒
45. v4：Ke3 | 深度 5 | 1.72 秒
45... material：Bxh2 | 深度 4 | 5.00 秒
46. v4：Rb4 | 深度 5 | 1.78 秒
46... material：Rd6 | 深度 4 | 5.00 秒
47. v4：a7 | 深度 5 | 0.96 秒
47... material：Bg1+ | 深度 5 | 3.07 秒
48. v4：Kf4 | 深度 5 | 3.14 秒
48... material：Bh2+ | 深度 5 | 3.92 秒
49. v4：Kf5 | 深度 5 | 0.77 秒
49... material：Rd5+ | 深度 5 | 2.02 秒
50. v4：Ke4 | 深度 5 | 0.96 秒
50... material：Re5+ | 深度 5 | 3.39 秒
51. v4：Kd4 | 深度 5 | 0.73 秒
51... material：Re8 | 深度 4 | 5.00 秒
52. v4：Rb5+ | 深度 5 | 2.99 秒
52... material：Kg4 | 深度 5 | 3.01 秒
53. v4：Kd3 | 深度 5 | 4.26 秒
53... material：Ra8 | 深度 4 | 5.00 秒
54. v4：Rb4+ | 深度 5 | 1.40 秒
54... material：Kf3 | 深度 5 | 1.39 秒
55. v4：Rxb6 | 深度 5 | 1.41 秒
55... material：Rxa7 | 深度 5 | 2.57 秒
56. v4：Rb3 | 深度 5 | 1.44 秒
56... material：Bg3 | 深度 5 | 2.10 秒
57. v4：Kd4+ | 深度 5 | 1.31 秒
57... material：Kg2 | 深度 5 | 1.22 秒
58. v4：Rb5 | 深度 5 | 3.06 秒
58... material：h2 | 深度 4 | 5.00 秒
59. v4：Rb1 | 深度 5 | 2.73 秒
59... material：h1=Q | 深度 4 | 5.00 秒
60. v4：Rxh1 | 深度 5 | 0.80 秒
60... material：Kxh1 | 深度 5 | 2.33 秒
61. v4：Kc3 | 深度 5 | 0.76 秒
61... material：Rxa3+ | 深度 5 | 2.07 秒
62. v4：Kb4 | 深度 5 | 0.65 秒
62... material：Ra2 | 深度 5 | 1.49 秒
63. v4：Kb3 | 深度 5 | 0.85 秒
63... material：Ra1 | 深度 5 | 1.49 秒
64. v4：Kb2 | 深度 5 | 0.72 秒
64... material：Re1 | 深度 5 | 1.62 秒
65. v4：Kb3 | 深度 5 | 0.71 秒
65... material：Kg2 | 深度 5 | 3.04 秒
66. v4：Kc3 | 深度 5 | 1.55 秒
66... material：Ra1 | 深度 5 | 4.56 秒
67. v4：Kb2 | 深度 5 | 0.69 秒
67... material：Ra7 | 深度 5 | 2.80 秒
68. v4：Kc3 | 深度 5 | 0.83 秒
68... material：Rb7 | 深度 5 | 4.61 秒
69. v4：Kc2 | 深度 5 | 0.95 秒
69... material：Rb8 | 深度 5 | 4.10 秒
70. v4：Kc3 | 深度 5 | 1.01 秒
70... material：Rb7 | 深度 4 | 5.00 秒
71. v4：Kc2 | 深度 5 | 1.08 秒
71... material：Rb8 | 深度 5 | 4.18 秒
72. v4：Kc3 | 深度 5 | 1.35 秒
72... material：Rc8+ | 深度 4 | 5.00 秒
73. v4：Kb3 | 深度 5 | 2.28 秒
73... material：Rc1 | 深度 4 | 5.00 秒
74. v4：Kb2 | 深度 5 | 0.90 秒
74... material：Re1 | 深度 5 | 3.13 秒
75. v4：Kc3 | 深度 5 | 1.49 秒
75... material：Rf1 | 深度 4 | 5.00 秒
76. v4：Kb3 | 深度 5 | 1.48 秒
76... material：Rh1 | 深度 5 | 4.93 秒
77. v4：Kc3 | 深度 5 | 1.83 秒
77... material：Bh4 | 深度 4 | 5.00 秒
78. v4：Kd4 | 深度 5 | 2.57 秒
78... material：Bd8 | 深度 5 | 4.92 秒
79. v4：Kc3 | 深度 5 | 2.15 秒
79... material：Kh2 | 深度 4 | 5.00 秒
80. v4：Kc4 | 深度 5 | 1.15 秒
80... material：Bc7 | 深度 5 | 3.43 秒
81. v4：Kd5 | 深度 5 | 1.72 秒
81... material：Kg2 | 深度 5 | 2.42 秒
82. v4：Ke4 | 深度 5 | 1.83 秒
82... material：Bh2 | 深度 4 | 5.00 秒
83. v4：Kf5 | 深度 5 | 1.95 秒
83... material：Kg3 | 深度 5 | 1.97 秒
84. v4：Ke5 | 深度 5 | 0.51 秒
84... material：Kg2+ | 深度 5 | 1.26 秒
85. v4：Kf5 | 深度 5 | 1.66 秒
85... material：Kg3 | 深度 5 | 2.03 秒
86. v4：Ke5 | 深度 5 | 0.50 秒
86... material：Kh4+ | 深度 5 | 1.22 秒
87. v4：Kf6 | 深度 5 | 0.66 秒
87... material：Rf1+ | 深度 5 | 1.27 秒
88. v4：Ke7 | 深度 5 | 1.14 秒
88... material：Bg3 | 深度 5 | 3.43 秒
89. v4：Ke8 | 深度 5 | 1.43 秒
89... material：Rf4 | 深度 5 | 3.88 秒
90. v4：Kd7 | 深度 5 | 1.27 秒
90... material：Rg4 | 深度 5 | 3.04 秒
91. v4：Ke7 | 深度 5 | 1.29 秒
91... material：Rf4 | 深度 5 | 1.65 秒
92. v4：Kd6 | 深度 5 | 1.13 秒
92... material：Rg4+ | 深度 5 | 2.85 秒
93. v4：Ke7 | 深度 5 | 1.01 秒
93... material：Rf4 | 深度 5 | 1.73 秒
94. v4：Kd6 | 深度 5 | 1.06 秒
94... material：Bf2 | 深度 5 | 2.82 秒
95. v4：Ke7 | 深度 5 | 1.34 秒
95... material：Bg1 | 深度 5 | 3.74 秒
96. v4：Kd7 | 深度 5 | 0.89 秒
96... material：Rg4 | 深度 5 | 4.75 秒
97. v4：Ke8 | 深度 5 | 1.33 秒
97... material：Rf4 | 深度 5 | 2.02 秒
98. v4：Kd7 | 深度 5 | 0.99 秒
98... material：Rg4 | 深度 5 | 4.90 秒
99. v4：Ke8 | 深度 5 | 1.18 秒
99... material：f6 | 深度 5 | 1.77 秒
100. v4：Ke7 | 深度 5 | 0.71 秒
100... material：Bd4 | 深度 5 | 1.83 秒
101. v4：Kd6 | 深度 5 | 1.45 秒
101... material：Kh3 | 深度 5 | 2.35 秒
102. v4：Kd5 | 深度 5 | 1.23 秒
102... material：Be5 | 深度 5 | 2.04 秒
103. v4：Kc6 | 深度 5 | 1.35 秒
103... material：Rh4 | 深度 5 | 3.36 秒
104. v4：Kd5 | 深度 5 | 1.30 秒
104... material：Kh2 | 深度 5 | 2.43 秒
105. v4：Kc5 | 深度 5 | 0.85 秒
105... material：Kh1 | 深度 5 | 3.11 秒
106. v4：Kc6 | 深度 5 | 1.53 秒
106... material：Kh2 | 深度 5 | 3.14 秒
107. v4：Kc5 | 深度 5 | 1.76 秒
107... material：Kh1 | 深度 5 | 3.22 秒
108. v4：Kc6 | 深度 5 | 1.66 秒
108... material：Kg1 | 深度 5 | 3.11 秒
109. v4：Kc5 | 深度 5 | 2.02 秒
109... material：Kh2 | 深度 5 | 4.37 秒
110. v4：Kd5 | 深度 5 | 0.98 秒
110... material：Kg2 | 深度 5 | 3.15 秒
111. v4：Kc5 | 深度 5 | 1.14 秒
111... material：Rh3 | 深度 4 | 5.00 秒
112. v4：Kc4 | 深度 5 | 1.54 秒
112... material：Rf3 | 深度 4 | 5.00 秒
113. v4：Kd5 | 深度 5 | 1.50 秒
113... material：Rf4 | 深度 5 | 4.27 秒
114. v4：Kc5 | 深度 5 | 1.57 秒
114... material：Kf2 | 深度 5 | 4.08 秒
115. v4：Kd5 | 深度 5 | 0.84 秒
115... material：Rf3 | 深度 5 | 3.76 秒
116. v4：Kc5 | 深度 5 | 1.64 秒
116... material：Kg3 | 深度 5 | 4.91 秒
117. v4：Kc4 | 深度 5 | 2.40 秒
117... material：Kg2 | 深度 5 | 3.89 秒
118. v4：Kd5 | 深度 5 | 1.52 秒
118... material：Rf4 | 深度 5 | 4.96 秒
119. v4：Kc5 | 深度 5 | 0.98 秒
119... material：Kf2 | 深度 5 | 4.56 秒
120. v4：Kd5 | 深度 5 | 0.91 秒
120... material：Rf3 | 深度 5 | 3.86 秒
本盘结果：*，原因：move_limit_unfinished

===== 第 4/40 盘：后翼弃兵发展，白方 material，黑方 v4 =====
4. material：cxd5 | 深度 4 | 5.00 秒
4... v4：exd5 | 深度 4 | 5.00 秒
5. material：Bg5 | 深度 4 | 5.00 秒
5... v4：Nc6 | 深度 4 | 5.00 秒
6. material：e3 | 深度 3 | 5.00 秒
6... v4：h6 | 深度 3 | 5.00 秒
7. material：Bh4 | 深度 4 | 5.00 秒
7... v4：g5 | 深度 4 | 5.00 秒
8. material：Bg3 | 深度 4 | 5.00 秒
8... v4：Bd7 | 深度 3 | 5.00 秒
9. material：Bd3 | 深度 3 | 5.00 秒
9... v4：Bg7 | 深度 3 | 5.00 秒
10. material：h4 | 深度 3 | 5.00 秒
10... v4：Rf8 | 深度 3 | 5.00 秒
11. material：Nge2 | 深度 3 | 5.00 秒
11... v4：Qe7 | 深度 4 | 5.00 秒
12. material：hxg5 | 深度 3 | 5.00 秒
12... v4：hxg5 | 深度 4 | 5.00 秒
13. material：Bxc7 | 深度 3 | 5.00 秒
13... v4：Nb4 | 深度 4 | 5.00 秒
14. material：Bb1 | 深度 4 | 5.00 秒
14... v4：Rc8 | 深度 3 | 5.00 秒
15. material：Be5 | 深度 4 | 5.00 秒
15... v4：Nc6 | 深度 3 | 5.00 秒
16. material：Nxd5 | 深度 4 | 5.00 秒
16... v4：Nxd5 | 深度 4 | 5.00 秒
17. material：Bxg7 | 深度 4 | 5.00 秒
17... v4：Rg8 | 深度 4 | 5.00 秒
18. material：Bh6 | 深度 3 | 5.00 秒
18... v4：Bg4 | 深度 3 | 5.00 秒
19. material：Qb3 | 深度 3 | 5.00 秒
19... v4：Bxe2 | 深度 3 | 5.00 秒
20. material：Bh7 | 深度 3 | 5.00 秒
20... v4：Rh8 | 深度 4 | 5.00 秒
21. material：Qxd5 | 深度 4 | 5.00 秒
21... v4：Nb4 | 深度 4 | 5.00 秒
22. material：Bxg5 | 深度 4 | 5.00 秒
22... v4：Bd3 | 深度 4 | 5.00 秒
23. material：Qa5 | 深度 3 | 5.00 秒
23... v4：Nc6 | 深度 4 | 5.00 秒
24. material：Bxe7 | 深度 4 | 5.00 秒
24... v4：Nxa5 | 深度 4 | 5.00 秒
25. material：Bc5 | 深度 4 | 5.00 秒
25... v4：Bxh7 | 深度 4 | 5.00 秒
26. material：Bxa7 | 深度 3 | 5.00 秒
26... v4：Ra8 | 深度 4 | 5.00 秒
27. material：Bb6 | 深度 4 | 5.00 秒
27... v4：Nb3 | 深度 5 | 2.94 秒
28. material：Rb1 | 深度 4 | 5.00 秒
28... v4：Rxa2 | 深度 5 | 4.47 秒
29. material：Rh5 | 深度 4 | 5.00 秒
29... v4：Kd7 | 深度 5 | 4.55 秒
30. material：Rh6 | 深度 4 | 5.00 秒
30... v4：Bxb1 | 深度 4 | 5.00 秒
31. material：Rxh8 | 深度 5 | 3.11 秒
31... v4：Bc2 | 深度 4 | 5.00 秒
32. material：Rf8 | 深度 4 | 5.00 秒
32... v4：Bd3 | 深度 5 | 3.38 秒
33. material：f3 | 深度 4 | 5.00 秒
33... v4：Kc6 | 深度 5 | 3.71 秒
34. material：Bd8 | 深度 5 | 2.79 秒
34... v4：Rxb2 | 深度 5 | 4.53 秒
35. material：Rxf7 | 深度 4 | 5.00 秒
35... v4：Re2+ | 深度 5 | 3.36 秒
36. material：Kd1 | 深度 5 | 3.50 秒
36... v4：Rxg2 | 深度 5 | 2.53 秒
37. material：d5+ | 深度 4 | 5.00 秒
37... v4：Kc5 | 深度 5 | 0.76 秒
38. material：Bh4 | 深度 5 | 4.75 秒
38... v4：Rd2+ | 深度 4 | 5.00 秒
39. material：Ke1 | 深度 5 | 1.71 秒
39... v4：Re2+ | 深度 5 | 2.91 秒
40. material：Kd1 | 深度 5 | 1.72 秒
40... v4：Rh2 | 深度 5 | 3.41 秒
41. material：Rc7+ | 深度 4 | 5.00 秒
41... v4：Kb6 | 深度 5 | 0.71 秒
42. material：Rc3 | 深度 5 | 2.11 秒
42... v4：Rd2+ | 深度 5 | 2.55 秒
43. material：Ke1 | 深度 5 | 0.62 秒
43... v4：Re2+ | 深度 5 | 1.56 秒
44. material：Kd1 | 深度 5 | 0.69 秒
44... v4：Rd2+ | 深度 5 | 1.63 秒
45. material：Ke1 | 深度 5 | 0.72 秒
45... v4：Re2+ | 深度 5 | 2.29 秒
46. material：Kd1 | 深度 5 | 0.45 秒
v4 申请和棋：{'reason': 'threefold_repetition', 'intended_move': 'e2d2'}
本盘结果：1/2-1/2，原因：claimed_threefold_repetition
结果压缩包： C:\Users\maxw\chess_ai\arena_v4_material40_games\20260908_191019_049803\pair_02.zip

===== 比赛结束 =====
v4获胜： 0
material获胜： 0
和棋： 1
达到步数上限未结束： 1
棋谱与搜索记录： C:\Users\maxw\chess_ai\arena_v4_material40_games\20260908_191019_049803\pair_02
