本次v4： C:\Users\maxw\chess_ai\value_full_runs\20260908_113914_349502\value_full_epoch2.pt
交换颜色两局；双方CPU4线程，每步5秒、深度上限5。
C:\Users\maxw\chess_ai\.venv\Lib\site-packages\torch\jit\_trace.py:1006: FutureWarning: `torch.jit.trace` is deprecated. Please switch to `torch.compile` or `torch.export`.
  warnings.warn(
C:\Users\maxw\chess_ai\.venv\Lib\site-packages\torch\jit\_trace.py:1145: FutureWarning: `torch.jit.trace_method` is deprecated. Please switch to `torch.compile` or `torch.export`.
  warnings.warn(
C:\Users\maxw\chess_ai\.venv\Lib\site-packages\torch\jit\_freeze.py:106: FutureWarning: `torch.jit.freeze` is deprecated. Please use `torch.compile` instead.
  warnings.warn(

===== 第 5/40 盘：对称英国式，白方 v4，黑方 material =====
4. v4：Rg1 | 深度 4 | 5.00 秒
4... material：g6 | 深度 4 | 5.00 秒
5. v4：Qb3 | 深度 4 | 5.00 秒
5... material：Bg7 | 深度 4 | 5.00 秒
6. v4：e3 | 深度 3 | 5.00 秒
6... material：O-O | 深度 3 | 5.00 秒
7. v4：d4 | 深度 4 | 5.00 秒
7... material：d6 | 深度 4 | 5.00 秒
8. v4：dxc5 | 深度 4 | 5.00 秒
8... material：dxc5 | 深度 4 | 5.00 秒
9. v4：Bd2 | 深度 3 | 5.00 秒
9... material：a6 | 深度 3 | 5.00 秒
10. v4：O-O-O | 深度 3 | 5.00 秒
10... material：Qc7 | 深度 3 | 5.00 秒
11. v4：Be2 | 深度 3 | 5.00 秒
11... material：Rd8 | 深度 3 | 5.00 秒
12. v4：Be1 | 深度 3 | 5.00 秒
12... material：Rb8 | 深度 4 | 5.00 秒
13. v4：Rxd8+ | 深度 4 | 5.00 秒
13... material：Qxd8 | 深度 4 | 5.00 秒
14. v4：Qd1 | 深度 3 | 5.00 秒
14... material：Be6 | 深度 4 | 5.00 秒
15. v4：Qxd8+ | 深度 4 | 5.00 秒
15... material：Rxd8 | 深度 5 | 4.38 秒
16. v4：Ng5 | 深度 4 | 5.00 秒
16... material：Bf5 | 深度 4 | 5.00 秒
17. v4：g4 | 深度 4 | 5.00 秒
17... material：Bd7 | 深度 4 | 5.00 秒
18. v4：f3 | 深度 4 | 5.00 秒
18... material：h6 | 深度 4 | 5.00 秒
19. v4：Nge4 | 深度 4 | 5.00 秒
19... material：Nxe4 | 深度 5 | 4.96 秒
20. v4：fxe4 | 深度 4 | 5.00 秒
20... material：Rc8 | 深度 4 | 5.00 秒
21. v4：Nd5 | 深度 4 | 5.00 秒
21... material：Be5 | 深度 4 | 5.00 秒
22. v4：Bg3 | 深度 4 | 5.00 秒
22... material：Bxg3 | 深度 4 | 5.00 秒
23. v4：Rxg3 | 深度 4 | 5.00 秒
23... material：Be6 | 深度 4 | 5.00 秒
24. v4：Rh3 | 深度 4 | 5.00 秒
24... material：Kg7 | 深度 4 | 5.00 秒
25. v4：Nb6 | 深度 4 | 5.00 秒
25... material：Rd8 | 深度 4 | 5.00 秒
26. v4：Nd5 | 深度 4 | 5.00 秒
26... material：Ne5 | 深度 4 | 5.00 秒
27. v4：Nxe7 | 深度 4 | 5.00 秒
27... material：Bxg4 | 深度 4 | 5.00 秒
28. v4：Bxg4 | 深度 5 | 2.80 秒
28... material：Nxg4 | 深度 4 | 5.00 秒
29. v4：Nd5 | 深度 5 | 4.59 秒
29... material：Nf2 | 深度 4 | 5.00 秒
30. v4：Rf3 | 深度 5 | 2.46 秒
30... material：Nxe4 | 深度 5 | 3.07 秒
31. v4：Rf4 | 深度 4 | 5.00 秒
31... material：Ng5 | 深度 5 | 4.34 秒
32. v4：e4 | 深度 4 | 5.00 秒
32... material：Nh3 | 深度 4 | 5.00 秒
33. v4：Rf3 | 深度 5 | 3.47 秒
33... material：Ng5 | 深度 5 | 3.62 秒
34. v4：Rf4 | 深度 4 | 5.00 秒
34... material：Rd6 | 深度 4 | 5.00 秒
35. v4：e5 | 深度 4 | 5.00 秒
35... material：Re6 | 深度 5 | 2.87 秒
36. v4：h4 | 深度 4 | 5.00 秒
36... material：Nh3 | 深度 5 | 2.15 秒
37. v4：Rf3 | 深度 5 | 3.49 秒
37... material：Ng1 | 深度 5 | 1.92 秒
38. v4：Re3 | 深度 5 | 4.91 秒
38... material：Rc6 | 深度 4 | 5.00 秒
39. v4：Kd2 | 深度 4 | 5.00 秒
39... material：Kf8 | 深度 4 | 5.00 秒
40. v4：Rg3 | 深度 4 | 5.00 秒
40... material：Re6 | 深度 5 | 2.48 秒
41. v4：Rxg1 | 深度 4 | 5.00 秒
41... material：Rxe5 | 深度 5 | 3.52 秒
42. v4：Nf6 | 深度 4 | 5.00 秒
42... material：Kg7 | 深度 5 | 2.47 秒
43. v4：Rf1 | 深度 4 | 5.00 秒
43... material：Re6 | 深度 5 | 3.00 秒
44. v4：Nd5 | 深度 5 | 4.26 秒
44... material：Rd6 | 深度 4 | 5.00 秒
45. v4：Re1 | 深度 4 | 5.00 秒
45... material：h5 | 深度 5 | 3.40 秒
46. v4：Re7 | 深度 4 | 5.00 秒
46... material：b5 | 深度 5 | 1.76 秒
47. v4：Rc7 | 深度 4 | 5.00 秒
47... material：Rd8 | 深度 5 | 2.39 秒
48. v4：b3 | 深度 5 | 4.45 秒
48... material：bxc4 | 深度 5 | 2.44 秒
49. v4：bxc4 | 深度 5 | 1.63 秒
49... material：Rd6 | 深度 5 | 3.00 秒
50. v4：Rxc5 | 深度 5 | 3.31 秒
50... material：Re6 | 深度 5 | 1.37 秒
51. v4：Ra5 | 深度 4 | 5.00 秒
51... material：Rd6 | 深度 5 | 2.86 秒
52. v4：Ke3 | 深度 5 | 4.62 秒
52... material：Re6+ | 深度 5 | 2.49 秒
53. v4：Kf3 | 深度 5 | 3.68 秒
53... material：Rd6 | 深度 5 | 3.13 秒
54. v4：Rc5 | 深度 4 | 5.00 秒
54... material：Re6 | 深度 5 | 2.38 秒
55. v4：Rc8 | 深度 4 | 5.00 秒
55... material：Rd6 | 深度 5 | 2.18 秒
56. v4：a4 | 深度 4 | 5.00 秒
56... material：Re6 | 深度 5 | 1.30 秒
57. v4：c5 | 深度 4 | 5.00 秒
57... material：Re1 | 深度 5 | 1.97 秒
58. v4：Ne3 | 深度 4 | 5.00 秒
58... material：Ra1 | 深度 5 | 2.08 秒
59. v4：c6 | 深度 5 | 4.83 秒
59... material：Rxa4 | 深度 4 | 5.00 秒
60. v4：c7 | 深度 5 | 2.49 秒
60... material：Rxh4 | 深度 5 | 3.82 秒
61. v4：Ra8 | 深度 5 | 2.34 秒
61... material：Rh3+ | 深度 5 | 1.36 秒
62. v4：Ke2 | 深度 5 | 0.94 秒
62... material：Rh2+ | 深度 5 | 1.04 秒
63. v4：Kd3 | 深度 5 | 2.31 秒
63... material：Rb2 | 深度 5 | 2.41 秒
64. v4：c8=Q | 深度 4 | 5.00 秒
64... material：Rb3+ | 深度 5 | 4.33 秒
65. v4：Kc4 | 深度 5 | 1.16 秒
65... material：Rc3+ | 深度 5 | 1.86 秒
66. v4：Kxc3 | 深度 5 | 0.98 秒
66... material：Kf6 | 深度 5 | 4.23 秒
67. v4：Rxa6+ | 深度 4 | 5.00 秒
67... material：Kg7 | 深度 5 | 3.07 秒
68. v4：Nd5 | 深度 4 | 5.00 秒
68... material：h4 | 深度 5 | 2.41 秒
69. v4：Nf6 | 深度 4 | 5.00 秒
69... material：h3 | 深度 5 | 1.66 秒
70. v4：Qxh3 | 深度 4 | 5.00 秒
70... material：g5 | 深度 5 | 2.08 秒
71. v4：Qh7+ | 深度 4 | 5.00 秒
71... material：Kf8 | 深度 5 | 1.18 秒
72. v4：Ra7 | 深度 4 | 5.00 秒
72... material：g4 | 深度 5 | 1.12 秒
73. v4：Qh8# | 深度 0 | 0.00 秒
本盘结果：1-0，原因：CHECKMATE

===== 第 6/40 盘：对称英国式，白方 material，黑方 v4 =====
4. material：g3 | 深度 4 | 5.00 秒
4... v4：h5 | 深度 4 | 5.00 秒
5. material：Bg2 | 深度 4 | 5.00 秒
5... v4：e5 | 深度 4 | 5.00 秒
6. material：d3 | 深度 4 | 5.00 秒
6... v4：Be7 | 深度 4 | 5.00 秒
7. material：O-O | 深度 4 | 5.00 秒
7... v4：Qb6 | 深度 4 | 5.00 秒
8. material：a3 | 深度 3 | 5.00 秒
8... v4：O-O | 深度 3 | 5.00 秒
9. material：Rb1 | 深度 3 | 5.00 秒
9... v4：Qd8 | 深度 4 | 5.00 秒
10. material：b3 | 深度 4 | 5.00 秒
10... v4：Re8 | 深度 4 | 5.00 秒
11. material：h3 | 深度 4 | 5.00 秒
11... v4：Bf8 | 深度 4 | 5.00 秒
12. material：e4 | 深度 4 | 5.00 秒
12... v4：Nd4 | 深度 4 | 5.00 秒
13. material：Nxd4 | 深度 4 | 5.00 秒
13... v4：exd4 | 深度 4 | 5.00 秒
14. material：Ne2 | 深度 4 | 5.00 秒
14... v4：d6 | 深度 4 | 5.00 秒
15. material：f4 | 深度 4 | 5.00 秒
15... v4：g6 | 深度 4 | 5.00 秒
16. material：Bb2 | 深度 4 | 5.00 秒
16... v4：Qd7 | 深度 4 | 5.00 秒
17. material：b4 | 深度 4 | 5.00 秒
17... v4：Bh6 | 深度 4 | 5.00 秒
18. material：Qd2 | 深度 3 | 5.00 秒
18... v4：Bg7 | 深度 3 | 5.00 秒
19. material：f5 | 深度 3 | 5.00 秒
19... v4：gxf5 | 深度 4 | 5.00 秒
20. material：exf5 | 深度 3 | 5.00 秒
20... v4：Qe7 | 深度 4 | 5.00 秒
21. material：Nc1 | 深度 3 | 5.00 秒
21... v4：Qe5 | 深度 4 | 5.00 秒
22. material：bxc5 | 深度 4 | 5.00 秒
22... v4：dxc5 | 深度 3 | 5.00 秒
23. material：Kh2 | 深度 3 | 5.00 秒
23... v4：Bxf5 | 深度 3 | 5.00 秒
24. material：Bxb7 | 深度 3 | 5.00 秒
24... v4：Rad8 | 深度 4 | 5.00 秒
25. material：Rg1 | 深度 3 | 5.00 秒
25... v4：h4 | 深度 3 | 5.00 秒
26. material：Bc6 | 深度 4 | 5.00 秒
26... v4：Re6 | 深度 3 | 5.00 秒
27. material：Qa5 | 深度 4 | 5.00 秒
27... v4：Rb8 | 深度 3 | 5.00 秒
28. material：Bxd4 | 深度 4 | 5.00 秒
28... v4：hxg3+ | 深度 4 | 5.00 秒
29. material：Rxg3 | 深度 4 | 5.00 秒
29... v4：Ng4+ | 深度 4 | 5.00 秒
30. material：hxg4 | 深度 4 | 5.00 秒
30... v4：cxd4 | 深度 4 | 5.00 秒
31. material：Qxe5 | 深度 4 | 5.00 秒
31... v4：Bxe5 | 深度 5 | 1.96 秒
32. material：Rxb8+ | 深度 5 | 1.54 秒
32... v4：Bxb8 | 深度 5 | 0.46 秒
33. material：gxf5+ | 深度 5 | 0.80 秒
33... v4：Bxg3+ | 深度 5 | 0.32 秒
34. material：Kxg3 | 深度 5 | 0.41 秒
34... v4：Rxc6 | 深度 5 | 0.92 秒
35. material：Kf4 | 深度 5 | 1.55 秒
35... v4：Ra6 | 深度 5 | 1.14 秒
36. material：Ke5 | 深度 5 | 0.49 秒
36... v4：Rxa3 | 深度 5 | 1.27 秒
37. material：Kxd4 | 深度 5 | 0.71 秒
37... v4：f6 | 深度 5 | 1.53 秒
38. material：Ne2 | 深度 5 | 0.57 秒
38... v4：Ra5 | 深度 5 | 1.25 秒
39. material：Ng3 | 深度 5 | 0.54 秒
39... v4：a6 | 深度 5 | 1.14 秒
40. material：c5 | 深度 5 | 0.47 秒
40... v4：Ra3 | 深度 5 | 0.70 秒
41. material：Ne4 | 深度 5 | 0.52 秒
41... v4：Kg7 | 深度 5 | 0.96 秒
42. material：c6 | 深度 5 | 0.76 秒
42... v4：Ra4+ | 深度 5 | 1.58 秒
43. material：Kc3 | 深度 5 | 1.25 秒
43... v4：Ra1 | 深度 5 | 1.80 秒
44. material：Kb4 | 深度 5 | 3.13 秒
44... v4：Rc1 | 深度 5 | 1.91 秒
45. material：Nc5 | 深度 5 | 0.51 秒
45... v4：Kg8 | 深度 5 | 2.56 秒
46. material：c7 | 深度 5 | 0.61 秒
46... v4：a5+ | 深度 5 | 0.56 秒
47. material：Kb5 | 深度 5 | 0.52 秒
47... v4：Rb1+ | 深度 5 | 0.50 秒
48. material：Ka6 | 深度 5 | 1.21 秒
48... v4：Rb2 | 深度 5 | 0.75 秒
49. material：c8=Q+ | 深度 5 | 1.01 秒
49... v4：Kf7 | 深度 5 | 1.07 秒
50. material：Ne6 | 深度 5 | 2.99 秒
50... v4：Rb6+ | 深度 5 | 0.45 秒
51. material：Kxb6 | 深度 5 | 0.41 秒
51... v4：Ke7 | 深度 5 | 0.65 秒
52. material：Qf8+ | 深度 4 | 5.00 秒
52... v4：Kd7 | 深度 5 | 0.55 秒
53. material：Nc5# | 深度 0 | 0.00 秒
本盘结果：1-0，原因：CHECKMATE
结果压缩包： C:\Users\maxw\chess_ai\arena_v4_material40_games\20260908_191019_049803\pair_03.zip

===== 比赛结束 =====
v4获胜： 1
material获胜： 1
和棋： 0
达到步数上限未结束： 0
棋谱与搜索记录： C:\Users\maxw\chess_ai\arena_v4_material40_games\20260908_191019_049803\pair_03
