本次v4： C:\Users\maxw\chess_ai\value_full_runs\20260908_113914_349502\value_full_epoch2.pt
交换颜色两局；双方CPU4线程，每步5秒、深度上限5。
C:\Users\maxw\chess_ai\.venv\Lib\site-packages\torch\jit\_trace.py:1006: FutureWarning: `torch.jit.trace` is deprecated. Please switch to `torch.compile` or `torch.export`.
  warnings.warn(
C:\Users\maxw\chess_ai\.venv\Lib\site-packages\torch\jit\_trace.py:1145: FutureWarning: `torch.jit.trace_method` is deprecated. Please switch to `torch.compile` or `torch.export`.
  warnings.warn(
C:\Users\maxw\chess_ai\.venv\Lib\site-packages\torch\jit\_freeze.py:106: FutureWarning: `torch.jit.freeze` is deprecated. Please use `torch.compile` instead.
  warnings.warn(

===== 第 39/40 盘：荷兰，白方 v4，黑方 material =====
4. v4：Nc3 | 深度 4 | 5.00 秒
4... material：Bg7 | 深度 4 | 5.00 秒
5. v4：Nf3 | 深度 4 | 5.00 秒
5... material：O-O | 深度 4 | 5.00 秒
6. v4：Rb1 | 深度 4 | 5.00 秒
6... material：d6 | 深度 4 | 5.00 秒
7. v4：Rg1 | 深度 4 | 5.00 秒
7... material：Nc6 | 深度 4 | 5.00 秒
8. v4：d5 | 深度 4 | 5.00 秒
8... material：Nb8 | 深度 4 | 5.00 秒
9. v4：Qd3 | 深度 3 | 5.00 秒
9... material：Nbd7 | 深度 3 | 5.00 秒
10. v4：Kf1 | 深度 3 | 5.00 秒
10... material：Nc5 | 深度 3 | 5.00 秒
11. v4：Qd1 | 深度 4 | 5.00 秒
11... material：a5 | 深度 4 | 5.00 秒
12. v4：Be3 | 深度 4 | 5.00 秒
12... material：a4 | 深度 3 | 5.00 秒
13. v4：Bxc5 | 深度 4 | 5.00 秒
13... material：dxc5 | 深度 4 | 5.00 秒
14. v4：Qd3 | 深度 4 | 5.00 秒
14... material：b6 | 深度 3 | 5.00 秒
15. v4：Qc4 | 深度 3 | 5.00 秒
15... material：Ba6 | 深度 3 | 5.00 秒
16. v4：Qh4 | 深度 4 | 5.00 秒
16... material：Bb7 | 深度 3 | 5.00 秒
17. v4：b3 | 深度 3 | 5.00 秒
17... material：axb3 | 深度 3 | 5.00 秒
18. v4：Rxb3 | 深度 4 | 5.00 秒
18... material：Nxd5 | 深度 3 | 5.00 秒
19. v4：Ng5 | 深度 4 | 5.00 秒
19... material：h6 | 深度 3 | 5.00 秒
20. v4：Ne6 | 深度 4 | 5.00 秒
20... material：g5 | 深度 3 | 5.00 秒
21. v4：Qc4 | 深度 4 | 5.00 秒
21... material：Qd6 | 深度 3 | 5.00 秒
22. v4：Nxf8 | 深度 3 | 5.00 秒
22... material：Bxc3 | 深度 4 | 5.00 秒
23. v4：Ng6 | 深度 4 | 5.00 秒
23... material：Bf6 | 深度 3 | 5.00 秒
24. v4：g4 | 深度 3 | 5.00 秒
24... material：fxg4 | 深度 3 | 5.00 秒
25. v4：e4 | 深度 3 | 5.00 秒
25... material：Ba6 | 深度 4 | 5.00 秒
26. v4：Rb5 | 深度 5 | 2.90 秒
26... material：c6 | 深度 4 | 5.00 秒
27. v4：e5 | 深度 4 | 5.00 秒
27... material：Bxe5 | 深度 4 | 5.00 秒
28. v4：Nxe5 | 深度 4 | 5.00 秒
28... material：Bxb5 | 深度 5 | 3.30 秒
29. v4：Qxb5 | 深度 5 | 1.75 秒
29... material：cxb5 | 深度 4 | 5.00 秒
30. v4：Nxg4 | 深度 5 | 2.77 秒
30... material：Kg7 | 深度 5 | 4.45 秒
31. v4：Bxd5 | 深度 5 | 3.16 秒
31... material：Qxd5 | 深度 4 | 5.00 秒
32. v4：Ne3 | 深度 5 | 3.31 秒
32... material：Qxa2 | 深度 4 | 5.00 秒
33. v4：Kg2 | 深度 4 | 5.00 秒
33... material：b4 | 深度 4 | 5.00 秒
34. v4：Rd1 | 深度 4 | 5.00 秒
34... material：Qb2 | 深度 4 | 5.00 秒
35. v4：Nf5+ | 深度 4 | 5.00 秒
35... material：Kf6 | 深度 5 | 2.76 秒
36. v4：Ne3 | 深度 4 | 5.00 秒
36... material：e6 | 深度 4 | 5.00 秒
37. v4：Ng4+ | 深度 4 | 5.00 秒
37... material：Kg7 | 深度 5 | 3.12 秒
38. v4：Rd7+ | 深度 4 | 5.00 秒
38... material：Kf8 | 深度 5 | 2.47 秒
39. v4：Nxh6 | 深度 4 | 5.00 秒
39... material：Qxc2 | 深度 5 | 3.76 秒
40. v4：Rf7+ | 深度 5 | 1.21 秒
40... material：Ke8 | 深度 5 | 1.02 秒
41. v4：Rf3 | 深度 5 | 2.74 秒
41... material：Rc8 | 深度 4 | 5.00 秒
42. v4：Nf7 | 深度 4 | 5.00 秒
42... material：Qd2 | 深度 4 | 5.00 秒
43. v4：Kh3 | 深度 4 | 5.00 秒
43... material：Ke7 | 深度 4 | 5.00 秒
44. v4：Ne5 | 深度 5 | 3.49 秒
44... material：Qe1 | 深度 4 | 5.00 秒
45. v4：Ng6+ | 深度 5 | 1.17 秒
45... material：Kd6 | 深度 5 | 1.96 秒
46. v4：Rd3+ | 深度 5 | 1.03 秒
46... material：Kc7 | 深度 5 | 2.85 秒
47. v4：Rf3 | 深度 5 | 2.16 秒
47... material：Qg1 | 深度 4 | 5.00 秒
48. v4：Rf7+ | 深度 5 | 1.12 秒
48... material：Kb8 | 深度 5 | 3.18 秒
49. v4：Nf8 | 深度 5 | 1.77 秒
49... material：Qf1+ | 深度 4 | 5.00 秒
50. v4：Kg4 | 深度 5 | 0.78 秒
50... material：Qg1+ | 深度 4 | 5.00 秒
51. v4：Kh5 | 深度 5 | 0.90 秒
51... material：Qxh2+ | 深度 4 | 5.00 秒
52. v4：Kxg5 | 深度 5 | 1.35 秒
52... material：Qg1+ | 深度 4 | 5.00 秒
53. v4：Kh6 | 深度 5 | 0.90 秒
53... material：Qc1+ | 深度 4 | 5.00 秒
54. v4：f4 | 深度 5 | 0.88 秒
54... material：Qh1+ | 深度 4 | 5.00 秒
55. v4：Kg6 | 深度 5 | 1.59 秒
55... material：Qb1+ | 深度 4 | 5.00 秒
56. v4：f5 | 深度 5 | 1.98 秒
56... material：exf5 | 深度 4 | 5.00 秒
57. v4：Nd7+ | 深度 5 | 1.63 秒
57... material：Ka7 | 深度 5 | 0.67 秒
58. v4：Ne5+ | 深度 5 | 2.80 秒
58... material：Ka6 | 深度 5 | 2.19 秒
59. v4：Nd7 | 深度 5 | 4.42 秒
59... material：Rc7 | 深度 4 | 5.00 秒
60. v4：Nb8+ | 深度 5 | 1.50 秒
60... material：Kb7 | 深度 5 | 0.31 秒
61. v4：Nd7 | 深度 5 | 1.66 秒
61... material：Qe4 | 深度 4 | 5.00 秒
62. v4：Kg7 | 深度 5 | 3.63 秒
62... material：Qe6 | 深度 5 | 3.63 秒
63. v4：Nxc5+ | 深度 5 | 0.17 秒
63... material：bxc5 | 深度 5 | 0.18 秒
64. v4：Rxc7+ | 深度 5 | 0.12 秒
64... material：Kxc7 | 深度 5 | 0.46 秒
65. v4：Kh8 | 深度 5 | 0.59 秒
65... material：b3 | 深度 5 | 3.47 秒
66. v4：Kg7 | 深度 5 | 0.57 秒
66... material：b2 | 深度 5 | 3.13 秒
67. v4：Kh8 | 深度 5 | 1.73 秒
67... material：Qh6+ | 深度 4 | 5.00 秒
68. v4：Kg8 | 深度 5 | 1.03 秒
68... material：b1=Q | 深度 4 | 5.00 秒
69. v4：Kf7 | 深度 5 | 1.14 秒
69... material：Qe1 | 深度 4 | 5.00 秒
70. v4：Kg8 | 深度 5 | 1.07 秒
70... material：Qee6# | 深度 0 | 0.00 秒
本盘结果：0-1，原因：CHECKMATE

===== 第 40/40 盘：荷兰，白方 material，黑方 v4 =====
4. material：Nf3 | 深度 4 | 5.00 秒
4... v4：Bg7 | 深度 4 | 5.00 秒
5. material：O-O | 深度 4 | 5.00 秒
5... v4：a5 | 深度 4 | 5.00 秒
6. material：c4 | 深度 4 | 5.00 秒
6... v4：O-O | 深度 4 | 5.00 秒
7. material：Nc3 | 深度 4 | 5.00 秒
7... v4：d6 | 深度 4 | 5.00 秒
8. material：b3 | 深度 4 | 5.00 秒
8... v4：c6 | 深度 4 | 5.00 秒
9. material：Bb2 | 深度 4 | 5.00 秒
9... v4：h6 | 深度 4 | 5.00 秒
10. material：Qd2 | 深度 4 | 5.00 秒
10... v4：Bd7 | 深度 4 | 5.00 秒
11. material：Rfd1 | 深度 4 | 5.00 秒
11... v4：Ne4 | 深度 3 | 5.00 秒
12. material：Nxe4 | 深度 4 | 5.00 秒
12... v4：fxe4 | 深度 4 | 5.00 秒
13. material：Nh4 | 深度 4 | 5.00 秒
13... v4：g5 | 深度 4 | 5.00 秒
14. material：Ng6 | 深度 4 | 5.00 秒
14... v4：Rf6 | 深度 4 | 5.00 秒
15. material：Bxe4 | 深度 4 | 5.00 秒
15... v4：Be8 | 深度 4 | 5.00 秒
16. material：Qc2 | 深度 4 | 5.00 秒
16... v4：e6 | 深度 4 | 5.00 秒
17. material：Rac1 | 深度 3 | 5.00 秒
17... v4：Bf7 | 深度 4 | 5.00 秒
18. material：d5 | 深度 4 | 5.00 秒
18... v4：e5 | 深度 4 | 5.00 秒
19. material：dxc6 | 深度 4 | 5.00 秒
19... v4：Nxc6 | 深度 4 | 5.00 秒
20. material：Nxe5 | 深度 4 | 5.00 秒
20... v4：Nxe5 | 深度 4 | 5.00 秒
21. material：Bxe5 | 深度 3 | 5.00 秒
21... v4：Re6 | 深度 4 | 5.00 秒
22. material：Bxg7 | 深度 4 | 5.00 秒
22... v4：Kxg7 | 深度 4 | 5.00 秒
23. material：Bxb7 | 深度 3 | 5.00 秒
23... v4：Ra7 | 深度 4 | 5.00 秒
24. material：Bd5 | 深度 4 | 5.00 秒
24... v4：Re5 | 深度 4 | 5.00 秒
25. material：Bxf7 | 深度 4 | 5.00 秒
25... v4：Rxf7 | 深度 4 | 5.00 秒
26. material：Rd3 | 深度 3 | 5.00 秒
26... v4：Qb6 | 深度 3 | 5.00 秒
27. material：e3 | 深度 4 | 5.00 秒
27... v4：Qc5 | 深度 3 | 5.00 秒
28. material：Rcd1 | 深度 3 | 5.00 秒
28... v4：Rf6 | 深度 4 | 5.00 秒
29. material：h4 | 深度 3 | 5.00 秒
29... v4：gxh4 | 深度 4 | 5.00 秒
30. material：gxh4 | 深度 4 | 5.00 秒
30... v4：Re4 | 深度 3 | 5.00 秒
31. material：Qc3 | 深度 3 | 5.00 秒
31... v4：Rxh4 | 深度 4 | 5.00 秒
32. material：Rxd6 | 深度 3 | 5.00 秒
32... v4：Qg5+ | 深度 5 | 2.77 秒
33. material：Kf1 | 深度 5 | 2.85 秒
33... v4：Rh1+ | 深度 5 | 2.09 秒
34. material：Ke2 | 深度 5 | 1.29 秒
34... v4：Qh5+ | 深度 5 | 2.18 秒
35. material：Kd3 | 深度 5 | 1.60 秒
35... v4：Qxd1+ | 深度 5 | 2.88 秒
36. material：Ke4 | 深度 5 | 1.35 秒
36... v4：Qf3+ | 深度 5 | 4.33 秒
37. material：Kd4 | 深度 5 | 4.68 秒
37... v4：Rd1+ | 深度 4 | 5.00 秒
38. material：Kc5 | 深度 5 | 2.24 秒
38... v4：Rxd6 | 深度 5 | 3.94 秒
39. material：Kb5 | 深度 4 | 5.00 秒
39... v4：Rb6+ | 深度 4 | 5.00 秒
40. material：Ka4 | 深度 5 | 3.96 秒
40... v4：Qxf2 | 深度 4 | 5.00 秒
41. material：Qa1 | 深度 5 | 4.68 秒
41... v4：Qd2 | 深度 4 | 5.00 秒
42. material：Qg1+ | 深度 4 | 5.00 秒
42... v4：Kf7 | 深度 5 | 3.01 秒
43. material：Ka3 | 深度 4 | 5.00 秒
43... v4：Rf2 | 深度 4 | 5.00 秒
44. material：Qxf2+ | 深度 5 | 2.69 秒
44... v4：Qxf2 | 深度 5 | 0.86 秒
45. material：e4 | 深度 5 | 2.98 秒
45... v4：Qc2 | 深度 4 | 5.00 秒
46. material：e5 | 深度 5 | 2.19 秒
46... v4：Rb4 | 深度 4 | 5.00 秒
47. material：e6+ | 深度 5 | 0.47 秒
47... v4：Kxe6 | 深度 5 | 2.04 秒
48. material：c5 | 深度 5 | 1.47 秒
48... v4：Qc1# | 深度 0 | 0.00 秒
本盘结果：0-1，原因：CHECKMATE
结果压缩包： C:\Users\maxw\chess_ai\arena_v4_material40_games\20260908_191019_049803\pair_20.zip

===== 比赛结束 =====
v4获胜： 1
material获胜： 1
和棋： 0
达到步数上限未结束： 0
棋谱与搜索记录： C:\Users\maxw\chess_ai\arena_v4_material40_games\20260908_191019_049803\pair_20
