本次v4： C:\Users\maxw\chess_ai\value_full_runs\20260908_113914_349502\value_full_epoch2.pt
交换颜色两局；双方CPU4线程，每步5秒、深度上限5。
C:\Users\maxw\chess_ai\.venv\Lib\site-packages\torch\jit\_trace.py:1006: FutureWarning: `torch.jit.trace` is deprecated. Please switch to `torch.compile` or `torch.export`.
  warnings.warn(
C:\Users\maxw\chess_ai\.venv\Lib\site-packages\torch\jit\_trace.py:1145: FutureWarning: `torch.jit.trace_method` is deprecated. Please switch to `torch.compile` or `torch.export`.
  warnings.warn(
C:\Users\maxw\chess_ai\.venv\Lib\site-packages\torch\jit\_freeze.py:106: FutureWarning: `torch.jit.freeze` is deprecated. Please use `torch.compile` instead.
  warnings.warn(

===== 第 13/40 盘：卡罗康式，白方 v4，黑方 material =====
4. v4：Qe2 | 深度 4 | 5.00 秒
4... material：Nf6 | 深度 4 | 5.00 秒
5. v4：f3 | 深度 4 | 5.00 秒
5... material：exf3 | 深度 3 | 5.00 秒
6. v4：Nxf3 | 深度 4 | 5.00 秒
6... material：Bg4 | 深度 3 | 5.00 秒
7. v4：Bd2 | 深度 3 | 5.00 秒
7... material：Bxf3 | 深度 3 | 5.00 秒
8. v4：Qxf3 | 深度 4 | 5.00 秒
8... material：Qxd4 | 深度 4 | 5.00 秒
9. v4：Qf4 | 深度 3 | 5.00 秒
9... material：Qxf4 | 深度 4 | 5.00 秒
10. v4：Bxf4 | 深度 5 | 3.79 秒
10... material：e6 | 深度 4 | 5.00 秒
11. v4：O-O-O | 深度 4 | 5.00 秒
11... material：Nbd7 | 深度 4 | 5.00 秒
12. v4：h4 | 深度 4 | 5.00 秒
12... material：Be7 | 深度 4 | 5.00 秒
13. v4：Na4 | 深度 3 | 5.00 秒
13... material：O-O | 深度 3 | 5.00 秒
14. v4：Nc3 | 深度 4 | 5.00 秒
14... material：Rfe8 | 深度 4 | 5.00 秒
15. v4：Bd6 | 深度 4 | 5.00 秒
15... material：Bxd6 | 深度 4 | 5.00 秒
16. v4：Rxd6 | 深度 4 | 5.00 秒
16... material：Ne5 | 深度 4 | 5.00 秒
17. v4：Be2 | 深度 4 | 5.00 秒
17... material：Rac8 | 深度 4 | 5.00 秒
18. v4：h5 | 深度 4 | 5.00 秒
18... material：h6 | 深度 4 | 5.00 秒
19. v4：Rh4 | 深度 4 | 5.00 秒
19... material：Kf8 | 深度 4 | 5.00 秒
20. v4：Rhd4 | 深度 3 | 5.00 秒
20... material：Ke7 | 深度 4 | 5.00 秒
21. v4：a4 | 深度 4 | 5.00 秒
21... material：Kf8 | 深度 3 | 5.00 秒
22. v4：Rf4 | 深度 4 | 5.00 秒
22... material：Ke7 | 深度 4 | 5.00 秒
23. v4：Rfd4 | 深度 4 | 5.00 秒
23... material：a5 | 深度 3 | 5.00 秒
24. v4：Rd1 | 深度 4 | 5.00 秒
24... material：Nd5 | 深度 4 | 5.00 秒
25. v4：Ne4 | 深度 4 | 5.00 秒
25... material：f5 | 深度 4 | 5.00 秒
26. v4：R6xd5 | 深度 4 | 5.00 秒
26... material：cxd5 | 深度 5 | 3.61 秒
27. v4：Nf2 | 深度 4 | 5.00 秒
27... material：Kd6 | 深度 4 | 5.00 秒
28. v4：g3 | 深度 4 | 5.00 秒
28... material：b6 | 深度 4 | 5.00 秒
29. v4：Ba6 | 深度 4 | 5.00 秒
29... material：Rb8 | 深度 4 | 5.00 秒
30. v4：c4 | 深度 4 | 5.00 秒
30... material：Nc6 | 深度 5 | 4.62 秒
31. v4：Bb5 | 深度 4 | 5.00 秒
31... material：Re7 | 深度 5 | 4.75 秒
32. v4：cxd5 | 深度 4 | 5.00 秒
32... material：exd5 | 深度 5 | 2.45 秒
33. v4：Bxc6 | 深度 4 | 5.00 秒
33... material：Kxc6 | 深度 5 | 3.06 秒
34. v4：Nd3 | 深度 4 | 5.00 秒
34... material：b5 | 深度 4 | 5.00 秒
35. v4：Nf4 | 深度 4 | 5.00 秒
35... material：bxa4 | 深度 5 | 3.88 秒
36. v4：Rxd5 | 深度 5 | 4.85 秒
36... material：Rb5 | 深度 4 | 5.00 秒
37. v4：Rd8 | 深度 4 | 5.00 秒
37... material：Rb4 | 深度 4 | 5.00 秒
38. v4：Ng6 | 深度 4 | 5.00 秒
38... material：Ra7 | 深度 4 | 5.00 秒
39. v4：Kb1 | 深度 4 | 5.00 秒
39... material：Rb5 | 深度 4 | 5.00 秒
40. v4：Ka2 | 深度 4 | 5.00 秒
40... material：Rbb7 | 深度 5 | 4.63 秒
41. v4：Ne5+ | 深度 4 | 5.00 秒
41... material：Kc7 | 深度 5 | 1.41 秒
42. v4：Nf7 | 深度 4 | 5.00 秒
42... material：Rb6 | 深度 5 | 3.69 秒
43. v4：Re8 | 深度 4 | 5.00 秒
43... material：Rbb7 | 深度 4 | 5.00 秒
44. v4：Re7+ | 深度 4 | 5.00 秒
44... material：Kb6 | 深度 5 | 0.35 秒
45. v4：Rxb7+ | 深度 5 | 1.74 秒
45... material：Rxb7 | 深度 5 | 0.36 秒
46. v4：Nd6 | 深度 5 | 0.67 秒
46... material：Rc7 | 深度 5 | 0.67 秒
47. v4：Nxf5 | 深度 5 | 1.78 秒
47... material：Ra7 | 深度 5 | 1.85 秒
48. v4：Ka3 | 深度 5 | 1.13 秒
48... material：Kb5 | 深度 5 | 1.06 秒
49. v4：Nd4+ | 深度 5 | 0.90 秒
49... material：Kc4 | 深度 5 | 0.43 秒
50. v4：Nf5 | 深度 5 | 0.88 秒
50... material：Kb5 | 深度 5 | 0.97 秒
51. v4：Nd4+ | 深度 5 | 1.00 秒
51... material：Kc5 | 深度 5 | 0.38 秒
52. v4：Nf5 | 深度 5 | 0.86 秒
52... material：Rf7 | 深度 5 | 1.02 秒
53. v4：g4 | 深度 5 | 0.52 秒
53... material：Kd5 | 深度 5 | 1.05 秒
54. v4：Kxa4 | 深度 5 | 1.05 秒
54... material：Ra7 | 深度 5 | 1.44 秒
55. v4：Kb5 | 深度 5 | 1.07 秒
55... material：a4 | 深度 5 | 1.01 秒
56. v4：Kb6 | 深度 5 | 0.84 秒
56... material：Rd7 | 深度 5 | 0.73 秒
57. v4：Kb5 | 深度 5 | 1.91 秒
57... material：Ke4 | 深度 5 | 1.33 秒
58. v4：Kxa4 | 深度 5 | 2.00 秒
58... material：Kf3 | 深度 5 | 2.05 秒
59. v4：Kb5 | 深度 5 | 1.12 秒
59... material：Rb7+ | 深度 5 | 2.63 秒
60. v4：Kc6 | 深度 5 | 0.80 秒
60... material：Rxb2 | 深度 5 | 1.04 秒
61. v4：Nxg7 | 深度 5 | 1.01 秒
61... material：Kxg4 | 深度 5 | 1.54 秒
62. v4：Kc5 | 深度 5 | 1.55 秒
62... material：Rb7 | 深度 5 | 1.40 秒
63. v4：Ne8 | 深度 5 | 0.64 秒
63... material：Kxh5 | 深度 5 | 1.73 秒
64. v4：Nf6+ | 深度 5 | 0.96 秒
64... material：Kg5 | 深度 5 | 0.33 秒
65. v4：Ne4+ | 深度 5 | 0.58 秒
65... material：Kh5 | 深度 5 | 0.62 秒
66. v4：Nf6+ | 深度 5 | 1.32 秒
66... material：Kg5 | 深度 5 | 0.40 秒
67. v4：Ne4+ | 深度 5 | 0.64 秒
67... material：Kg4 | 深度 5 | 0.61 秒
68. v4：Nf2+ | 深度 5 | 2.07 秒
68... material：Kf3 | 深度 5 | 0.59 秒
69. v4：Nd3 | 深度 5 | 0.70 秒
69... material：Ke4 | 深度 5 | 1.73 秒
70. v4：Kc6 | 深度 5 | 0.72 秒
70... material：Ra7 | 深度 5 | 0.92 秒
71. v4：Nc5+ | 深度 5 | 1.09 秒
71... material：Kd4 | 深度 5 | 0.60 秒
72. v4：Ne6+ | 深度 5 | 1.25 秒
72... material：Kc4 | 深度 5 | 0.84 秒
73. v4：Nc7 | 深度 5 | 1.31 秒
73... material：Ra2 | 深度 5 | 1.21 秒
74. v4：Ne6 | 深度 5 | 1.86 秒
74... material：Ra1 | 深度 5 | 1.89 秒
75. v4：Kb6 | 深度 5 | 2.87 秒
75... material：Kd3 | 深度 5 | 1.91 秒
76. v4：Kc6 | 深度 5 | 2.16 秒
76... material：Kc4 | 深度 5 | 2.69 秒
77. v4：Kb6 | 深度 5 | 2.85 秒
77... material：Kd3 | 深度 5 | 2.04 秒
78. v4：Kc6 | 深度 5 | 2.18 秒
78... material：Kc2 | 深度 5 | 2.63 秒
79. v4：Kb6 | 深度 5 | 3.76 秒
79... material：Kb3 | 深度 5 | 2.27 秒
80. v4：Nc5+ | 深度 5 | 1.88 秒
80... material：Ka3 | 深度 5 | 0.86 秒
81. v4：Ne4 | 深度 5 | 1.93 秒
81... material：Ka4 | 深度 5 | 1.79 秒
82. v4：Nd6 | 深度 5 | 1.75 秒
82... material：Ra3 | 深度 5 | 1.46 秒
83. v4：Nf5 | 深度 5 | 1.49 秒
83... material：Rb3+ | 深度 5 | 0.77 秒
84. v4：Ka7 | 深度 5 | 0.55 秒
84... material：Rh3 | 深度 5 | 0.77 秒
85. v4：Kb6 | 深度 5 | 1.98 秒
85... material：Ka3 | 深度 5 | 1.46 秒
86. v4：Nd6 | 深度 5 | 2.32 秒
86... material：Ka4 | 深度 5 | 1.92 秒
87. v4：Kc5 | 深度 5 | 2.66 秒
87... material：Rh1 | 深度 5 | 1.52 秒
88. v4：Kb6 | 深度 5 | 1.89 秒
88... material：Rg1 | 深度 5 | 1.91 秒
89. v4：Nf5 | 深度 5 | 2.15 秒
89... material：Rh1 | 深度 5 | 1.81 秒
90. v4：Ng3 | 深度 5 | 2.41 秒
90... material：Rg1 | 深度 5 | 1.48 秒
91. v4：Nf5 | 深度 5 | 1.13 秒
91... material：Rh1 | 深度 5 | 1.80 秒
92. v4：Ng3 | 深度 5 | 2.19 秒
92... material：Rd1 | 深度 5 | 1.35 秒
93. v4：Nf5 | 深度 5 | 1.47 秒
93... material：Rb1+ | 深度 5 | 1.84 秒
94. v4：Ka7 | 深度 5 | 0.55 秒
94... material：Rh1 | 深度 5 | 0.91 秒
95. v4：Nd4 | 深度 5 | 1.91 秒
95... material：Rg1 | 深度 5 | 2.02 秒
96. v4：Ka6 | 深度 5 | 2.23 秒
96... material：Rg5 | 深度 5 | 2.57 秒
97. v4：Ka7 | 深度 5 | 1.60 秒
97... material：Ka3 | 深度 5 | 2.30 秒
98. v4：Ka6 | 深度 5 | 2.23 秒
98... material：Ka4 | 深度 5 | 2.72 秒
99. v4：Ka7 | 深度 5 | 1.78 秒
99... material：Ka3 | 深度 5 | 2.40 秒
100. v4：Kb6 | 深度 5 | 1.94 秒
100... material：Kb4 | 深度 5 | 2.88 秒
101. v4：Nc6+ | 深度 5 | 1.22 秒
101... material：Ka4 | 深度 5 | 1.13 秒
102. v4：Na7 | 深度 5 | 2.17 秒
102... material：Rh5 | 深度 5 | 2.33 秒
103. v4：Nc6 | 深度 5 | 0.70 秒
103... material：Rh1 | 深度 5 | 1.69 秒
104. v4：Ne5 | 深度 5 | 2.24 秒
104... material：Rg1 | 深度 5 | 2.83 秒
105. v4：Ka6 | 深度 5 | 2.69 秒
105... material：Rh1 | 深度 5 | 3.33 秒
106. v4：Kb6 | 深度 5 | 1.95 秒
106... material：Rg1 | 深度 5 | 3.10 秒
107. v4：Ka6 | 深度 5 | 2.85 秒
107... material：Rg5 | 深度 5 | 3.29 秒
108. v4：Nc6 | 深度 5 | 1.50 秒
108... material：Rh5 | 深度 5 | 3.00 秒
109. v4：Kb6 | 深度 5 | 1.00 秒
109... material：Rg5 | 深度 5 | 1.75 秒
110. v4：Na7 | 深度 5 | 2.26 秒
110... material：Rf5 | 深度 5 | 2.85 秒
111. v4：Nc6 | 深度 5 | 0.84 秒
111... material：Rh5 | 深度 5 | 0.88 秒
112. v4：Nd4 | 深度 5 | 0.49 秒
112... material：Rh1 | 深度 5 | 0.20 秒
113. v4：Ne6 | 深度 5 | 0.78 秒
113... material：h5 | 深度 5 | 0.12 秒
114. v4：Ka7 | 深度 5 | 2.32 秒
114... material：h4 | 深度 5 | 1.15 秒
115. v4：Nc5+ | 深度 5 | 2.36 秒
115... material：Ka3 | 深度 5 | 0.36 秒
116. v4：Ne4 | 深度 5 | 3.34 秒
116... material：h3 | 深度 5 | 1.05 秒
117. v4：Ng5 | 深度 5 | 2.39 秒
117... material：h2 | 深度 5 | 1.53 秒
118. v4：Nf3 | 深度 5 | 1.03 秒
118... material：Ka4 | 深度 5 | 1.05 秒
119. v4：Ka6 | 深度 5 | 1.03 秒
119... material：Ka3 | 深度 5 | 0.83 秒
120. v4：Ka5 | 深度 5 | 1.38 秒
120... material：Ka2 | 深度 5 | 0.78 秒
本盘结果：*，原因：move_limit_unfinished

===== 第 14/40 盘：卡罗康式，白方 material，黑方 v4 =====
4. material：Nxe4 | 深度 4 | 5.00 秒
4... v4：a5 | 深度 4 | 5.00 秒
5. material：Nf3 | 深度 3 | 5.00 秒
5... v4：Nf6 | 深度 4 | 5.00 秒
6. material：Nxf6+ | 深度 4 | 5.00 秒
6... v4：gxf6 | 深度 4 | 5.00 秒
7. material：c3 | 深度 4 | 5.00 秒
7... v4：Rg8 | 深度 4 | 5.00 秒
8. material：Bd3 | 深度 4 | 5.00 秒
8... v4：Rxg2 | 深度 4 | 5.00 秒
9. material：Bxh7 | 深度 3 | 5.00 秒
9... v4：Bg4 | 深度 4 | 5.00 秒
10. material：h3 | 深度 3 | 5.00 秒
10... v4：Bh5 | 深度 4 | 5.00 秒
11. material：h4 | 深度 3 | 5.00 秒
11... v4：Qd6 | 深度 3 | 5.00 秒
12. material：Be3 | 深度 3 | 5.00 秒
12... v4：Qd5 | 深度 4 | 5.00 秒
13. material：Bd3 | 深度 4 | 5.00 秒
13... v4：Bxf3 | 深度 3 | 5.00 秒
14. material：Qb3 | 深度 4 | 5.00 秒
14... v4：Qxb3 | 深度 4 | 5.00 秒
15. material：axb3 | 深度 4 | 5.00 秒
15... v4：Rg8 | 深度 4 | 5.00 秒
16. material：Rh3 | 深度 4 | 5.00 秒
16... v4：Rg1+ | 深度 5 | 4.61 秒
17. material：Kd2 | 深度 5 | 2.20 秒
17... v4：Rxa1 | 深度 5 | 4.84 秒
18. material：Rxf3 | 深度 5 | 3.40 秒
18... v4：a4 | 深度 4 | 5.00 秒
19. material：bxa4 | 深度 5 | 4.47 秒
19... v4：R8xa4 | 深度 4 | 5.00 秒
20. material：h5 | 深度 4 | 5.00 秒
20... v4：R1a2 | 深度 4 | 5.00 秒
21. material：Kc1 | 深度 4 | 5.00 秒
21... v4：Ra1+ | 深度 4 | 5.00 秒
22. material：Kc2 | 深度 5 | 2.92 秒
22... v4：Nd7 | 深度 4 | 5.00 秒
23. material：Rf4 | 深度 4 | 5.00 秒
23... v4：e6 | 深度 4 | 5.00 秒
24. material：Bh7 | 深度 4 | 5.00 秒
24... v4：Ra5 | 深度 4 | 5.00 秒
25. material：Rh4 | 深度 4 | 5.00 秒
25... v4：Nb6 | 深度 4 | 5.00 秒
26. material：Kb3 | 深度 4 | 5.00 秒
26... v4：Rb5+ | 深度 4 | 5.00 秒
27. material：Kc2 | 深度 4 | 5.00 秒
27... v4：Nc4 | 深度 4 | 5.00 秒
28. material：Bc1 | 深度 4 | 5.00 秒
28... v4：Ra2 | 深度 4 | 5.00 秒
29. material：Bd3 | 深度 4 | 5.00 秒
29... v4：Rbxb2+ | 深度 4 | 5.00 秒
30. material：Bxb2 | 深度 5 | 1.48 秒
30... v4：Rxb2+ | 深度 5 | 3.14 秒
31. material：Kc1 | 深度 5 | 1.73 秒
31... v4：Ba3 | 深度 5 | 3.20 秒
32. material：Bxc4 | 深度 5 | 3.25 秒
32... v4：Rxf2+ | 深度 5 | 3.02 秒
33. material：Kb1 | 深度 5 | 1.45 秒
33... v4：Ke7 | 深度 4 | 5.00 秒
34. material：h6 | 深度 5 | 2.62 秒
34... v4：b5 | 深度 4 | 5.00 秒
35. material：h7 | 深度 5 | 1.47 秒
35... v4：Rb2+ | 深度 5 | 1.97 秒
36. material：Ka1 | 深度 5 | 0.69 秒
36... v4：bxc4 | 深度 5 | 2.90 秒
37. material：h8=Q | 深度 5 | 2.29 秒
37... v4：Rf2 | 深度 5 | 3.19 秒
38. material：Qa8 | 深度 4 | 5.00 秒
38... v4：Bd6 | 深度 5 | 1.25 秒
39. material：Qb7+ | 深度 4 | 5.00 秒
39... v4：Kf8 | 深度 5 | 0.77 秒
40. material：Qxc6 | 深度 4 | 5.00 秒
40... v4：Rf1+ | 深度 5 | 1.23 秒
41. material：Kb2 | 深度 5 | 2.19 秒
41... v4：Rf2+ | 深度 5 | 0.98 秒
42. material：Kc1 | 深度 5 | 3.10 秒
42... v4：Ba3+ | 深度 5 | 1.72 秒
43. material：Kb1 | 深度 5 | 1.93 秒
43... v4：Rf1+ | 深度 5 | 1.64 秒
44. material：Ka2 | 深度 5 | 2.66 秒
44... v4：Bc1 | 深度 5 | 1.82 秒
45. material：Rh8+ | 深度 4 | 5.00 秒
45... v4：Kg7 | 深度 5 | 1.12 秒
46. material：Rh2 | 深度 4 | 5.00 秒
46... v4：Rg1 | 深度 5 | 3.07 秒
47. material：Qxc4 | 深度 4 | 5.00 秒
47... v4：Bf4 | 深度 5 | 4.05 秒
48. material：Rb2 | 深度 4 | 5.00 秒
48... v4：Rg3 | 深度 4 | 5.00 秒
49. material：Qb4 | 深度 4 | 5.00 秒
49... v4：Be3 | 深度 4 | 5.00 秒
50. material：Qc4 | 深度 4 | 5.00 秒
50... v4：Bf4 | 深度 4 | 5.00 秒
51. material：Qb4 | 深度 4 | 5.00 秒
51... v4：Be3 | 深度 4 | 5.00 秒
52. material：Qb7 | 深度 4 | 5.00 秒
52... v4：Bg5 | 深度 4 | 5.00 秒
53. material：Qb3 | 深度 4 | 5.00 秒
53... v4：e5 | 深度 4 | 5.00 秒
54. material：dxe5 | 深度 4 | 5.00 秒
54... v4：fxe5 | 深度 5 | 3.85 秒
55. material：Qa3 | 深度 4 | 5.00 秒
55... v4：Rg1 | 深度 4 | 5.00 秒
56. material：Kb3 | 深度 4 | 5.00 秒
56... v4：Rd1 | 深度 4 | 5.00 秒
57. material：Qa2 | 深度 4 | 5.00 秒
57... v4：Rg1 | 深度 4 | 5.00 秒
58. material：c4 | 深度 4 | 5.00 秒
58... v4：e4 | 深度 4 | 5.00 秒
59. material：Rg2 | 深度 4 | 5.00 秒
59... v4：Rxg2 | 深度 5 | 0.91 秒
60. material：Qxg2 | 深度 5 | 1.25 秒
60... v4：Kh6 | 深度 5 | 1.12 秒
61. material：Qh1+ | 深度 4 | 5.00 秒
61... v4：Kg7 | 深度 5 | 1.29 秒
62. material：Qxe4 | 深度 5 | 3.79 秒
62... v4：Bd8 | 深度 5 | 4.63 秒
63. material：Kb4 | 深度 4 | 5.00 秒
63... v4：Bg5 | 深度 5 | 2.69 秒
64. material：Kc5 | 深度 4 | 5.00 秒
64... v4：Bf6 | 深度 5 | 2.68 秒
65. material：Qd5 | 深度 4 | 5.00 秒
65... v4：Bc3 | 深度 5 | 2.99 秒
66. material：Qd6 | 深度 4 | 5.00 秒
66... v4：Bf6 | 深度 5 | 3.42 秒
67. material：Qb6 | 深度 4 | 5.00 秒
67... v4：Be5 | 深度 5 | 4.24 秒
68. material：Qb7 | 深度 5 | 3.53 秒
68... v4：Kf6 | 深度 5 | 3.78 秒
69. material：Kc6 | 深度 4 | 5.00 秒
69... v4：Kg6 | 深度 5 | 4.54 秒
70. material：Kb5 | 深度 4 | 5.00 秒
70... v4：Kf6 | 深度 5 | 4.76 秒
71. material：Kb6 | 深度 4 | 5.00 秒
71... v4：Kg6 | 深度 5 | 3.61 秒
72. material：Qa6 | 深度 4 | 5.00 秒
72... v4：Bd4+ | 深度 5 | 4.64 秒
73. material：Kb7+ | 深度 5 | 1.02 秒
73... v4：Kf5 | 深度 5 | 4.03 秒
74. material：Qc6 | 深度 4 | 5.00 秒
74... v4：f6 | 深度 5 | 4.02 秒
75. material：Qc7 | 深度 4 | 5.00 秒
75... v4：Ke4 | 深度 5 | 3.93 秒
76. material：Qc6+ | 深度 5 | 4.03 秒
76... v4：Ke3 | 深度 5 | 2.36 秒
77. material：Qc7 | 深度 4 | 5.00 秒
77... v4：f5 | 深度 5 | 3.70 秒
78. material：Qc6 | 深度 4 | 5.00 秒
78... v4：Be5 | 深度 4 | 5.00 秒
79. material：Qb6+ | 深度 4 | 5.00 秒
79... v4：Bd4 | 深度 5 | 3.04 秒
80. material：Qa6 | 深度 4 | 5.00 秒
80... v4：Kf4 | 深度 4 | 5.00 秒
81. material：Qc6 | 深度 5 | 4.24 秒
81... v4：Kg5 | 深度 5 | 3.39 秒
82. material：Qc7 | 深度 4 | 5.00 秒
82... v4：Kg4 | 深度 5 | 3.52 秒
83. material：Qc6 | 深度 4 | 5.00 秒
83... v4：Kf4 | 深度 5 | 3.60 秒
84. material：Qc7+ | 深度 4 | 5.00 秒
84... v4：Kf3 | 深度 5 | 4.32 秒
85. material：Qc6+ | 深度 4 | 5.00 秒
85... v4：Kf4 | 深度 5 | 3.79 秒
86. material：Qc7+ | 深度 4 | 5.00 秒
86... v4：Kf3 | 深度 5 | 2.68 秒
87. material：Kc6 | 深度 4 | 5.00 秒
87... v4：f4 | 深度 5 | 2.71 秒
88. material：Qd8 | 深度 5 | 4.56 秒
88... v4：Ke4 | 深度 5 | 3.84 秒
89. material：Kc7 | 深度 4 | 5.00 秒
89... v4：f3 | 深度 5 | 2.21 秒
90. material：Qd7 | 深度 4 | 5.00 秒
90... v4：f2 | 深度 5 | 3.52 秒
91. material：Qh3 | 深度 5 | 4.57 秒
91... v4：Bc3 | 深度 4 | 5.00 秒
92. material：Qh7+ | 深度 4 | 5.00 秒
92... v4：Kd4 | 深度 5 | 1.41 秒
93. material：Qh4+ | 深度 5 | 3.95 秒
93... v4：Ke3 | 深度 5 | 1.14 秒
94. material：Qg3+ | 深度 5 | 4.73 秒
94... v4：Ke2 | 深度 5 | 1.05 秒
95. material：Qg2 | 深度 5 | 3.74 秒
95... v4：Ke1 | 深度 5 | 3.88 秒
96. material：Qg3 | 深度 5 | 3.07 秒
96... v4：Ke2 | 深度 5 | 2.21 秒
97. material：Qg2 | 深度 5 | 3.49 秒
97... v4：Ke1 | 深度 5 | 3.72 秒
98. material：Qe4+ | 深度 5 | 2.71 秒
98... v4：Kd2 | 深度 5 | 1.52 秒
99. material：Qd5+ | 深度 5 | 4.90 秒
99... v4：Ke1 | 深度 5 | 3.97 秒
100. material：Qe6+ | 深度 5 | 3.43 秒
100... v4：Kd1 | 深度 5 | 2.66 秒
101. material：Qd6+ | 深度 4 | 5.00 秒
101... v4：Kc2 | 深度 5 | 1.53 秒
102. material：Qg6+ | 深度 5 | 4.00 秒
102... v4：Kb3 | 深度 5 | 2.42 秒
103. material：Qf5 | 深度 4 | 5.00 秒
103... v4：Be5+ | 深度 5 | 3.17 秒
104. material：Kd7 | 深度 5 | 3.01 秒
104... v4：Bd4 | 深度 5 | 3.27 秒
105. material：Qd3+ | 深度 5 | 4.67 秒
105... v4：Kb4 | 深度 5 | 2.09 秒
106. material：Ke7 | 深度 4 | 5.00 秒
106... v4：Be3 | 深度 4 | 5.00 秒
107. material：Kd7 | 深度 4 | 5.00 秒
107... v4：Bd4 | 深度 5 | 3.40 秒
108. material：Ke7 | 深度 4 | 5.00 秒
108... v4：Be3 | 深度 4 | 5.00 秒
109. material：Kf8 | 深度 4 | 5.00 秒
109... v4：Bd4 | 深度 5 | 3.43 秒
110. material：Ke8 | 深度 5 | 2.89 秒
110... v4：Bb2 | 深度 4 | 5.00 秒
111. material：Ke7 | 深度 5 | 4.84 秒
111... v4：Bd4 | 深度 5 | 4.79 秒
112. material：Kf8 | 深度 4 | 5.00 秒
112... v4：Be5 | 深度 5 | 4.89 秒
113. material：Ke8 | 深度 5 | 3.95 秒
113... v4：Bd4 | 深度 5 | 4.96 秒
114. material：Kd7 | 深度 5 | 3.84 秒
114... v4：Be5 | 深度 4 | 5.00 秒
115. material：Ke7 | 深度 4 | 5.00 秒
115... v4：Bg3 | 深度 4 | 5.00 秒
116. material：Qe2 | 深度 4 | 5.00 秒
116... v4：Bh4+ | 深度 5 | 2.14 秒
117. material：Kd7 | 深度 5 | 2.28 秒
117... v4：Bg3 | 深度 5 | 2.74 秒
118. material：Ke6 | 深度 5 | 4.50 秒
118... v4：Kc5 | 深度 5 | 3.01 秒
119. material：Kd7 | 深度 5 | 3.48 秒
119... v4：Kb4 | 深度 5 | 2.08 秒
120. material：Ke6 | 深度 5 | 4.19 秒
120... v4：Kc5 | 深度 5 | 2.81 秒
本盘结果：*，原因：move_limit_unfinished
结果压缩包： C:\Users\maxw\chess_ai\arena_v4_material40_games\20260908_191019_049803\pair_07.zip

===== 比赛结束 =====
v4获胜： 0
material获胜： 0
和棋： 0
达到步数上限未结束： 2
棋谱与搜索记录： C:\Users\maxw\chess_ai\arena_v4_material40_games\20260908_191019_049803\pair_07
